Archive member included to satisfy reference by file (symbol)

C:/Program Files/SEGGER/SEGGER Embedded Studio for ARM 5.60a/lib/libc_v7em_fpv4_sp_d16_hard_t_le_eabi.a(libc2.o)
                              Output/Debug/Obj/twi_scanner_pca10040/nrf_log_str_formatter.o (isprint)
C:/Program Files/SEGGER/SEGGER Embedded Studio for ARM 5.60a/lib/libc_v7em_fpv4_sp_d16_hard_t_le_eabi.a(libc2_asm.o)
                              Output/Debug/Obj/twi_scanner_pca10040/nrf_log_frontend.o (memcpy)
C:/Program Files/SEGGER/SEGGER Embedded Studio for ARM 5.60a/lib/libc_v7em_fpv4_sp_d16_hard_t_le_eabi.a(libvfprintf.o)
                              (__vfprintf_long)
C:/Program Files/SEGGER/SEGGER Embedded Studio for ARM 5.60a/lib/libc_v7em_fpv4_sp_d16_hard_t_le_eabi.a(libvfscanf.o)
                              (__vfscanf_long)
C:/Program Files/SEGGER/SEGGER Embedded Studio for ARM 5.60a/lib/libc_v7em_fpv4_sp_d16_hard_t_le_eabi.a(libc.o)
                              C:/Program Files/SEGGER/SEGGER Embedded Studio for ARM 5.60a/lib/libc_v7em_fpv4_sp_d16_hard_t_le_eabi.a(libc2.o) (__heap_lock)
C:/Program Files/SEGGER/SEGGER Embedded Studio for ARM 5.60a/lib/libc_v7em_fpv4_sp_d16_hard_t_le_eabi.a(libc_asm.o)
                              C:/Program Files/SEGGER/SEGGER Embedded Studio for ARM 5.60a/lib/libc_v7em_fpv4_sp_d16_hard_t_le_eabi.a(libc2.o) (__aeabi_uldivmod)
C:/Program Files/SEGGER/SEGGER Embedded Studio for ARM 5.60a/lib/libdebugio_v7em_fpv4_sp_d16_hard_t_le_eabi.a(libdebugio.o)
                              Output/Debug/Obj/twi_scanner_pca10040/thumb_crt0.o (debug_fopen)
C:/Program Files/SEGGER/SEGGER Embedded Studio for ARM 5.60a/lib/libdebugio_v7em_fpv4_sp_d16_hard_t_le_eabi.a(do_nv_debug_operation.o)
                              C:/Program Files/SEGGER/SEGGER Embedded Studio for ARM 5.60a/lib/libdebugio_v7em_fpv4_sp_d16_hard_t_le_eabi.a(libdebugio.o) (__do_nvdebug_operation)
C:/Program Files/SEGGER/SEGGER Embedded Studio for ARM 5.60a/lib/libdebugio_v7em_fpv4_sp_d16_hard_t_le_eabi.a(mempoll_debug_operations.o)
                              (__do_debug_operation_mempoll)
C:/Program Files/SEGGER/SEGGER Embedded Studio for ARM 5.60a/lib/libm_v7em_fpv4_sp_d16_hard_t_le_eabi.a(libm_asm.o)
                              C:/Program Files/SEGGER/SEGGER Embedded Studio for ARM 5.60a/lib/libc_v7em_fpv4_sp_d16_hard_t_le_eabi.a(libc2.o) (__aeabi_dadd)
C:/Program Files/SEGGER/SEGGER Embedded Studio for ARM 5.60a/lib/libm_v7em_fpv4_sp_d16_hard_t_le_eabi.a(libm2.o)
                              C:/Program Files/SEGGER/SEGGER Embedded Studio for ARM 5.60a/lib/libc_v7em_fpv4_sp_d16_hard_t_le_eabi.a(libvfprintf.o) (frexp)

Discarded input sections

 .text          0x0000000000000000        0x0 Output/Debug/Obj/twi_scanner_pca10040/thumb_crt0.o
 .data          0x0000000000000000        0x0 Output/Debug/Obj/twi_scanner_pca10040/thumb_crt0.o
 .bss           0x0000000000000000        0x0 Output/Debug/Obj/twi_scanner_pca10040/thumb_crt0.o
 .text.__aeabi_read_tp
                0x0000000000000000        0x8 Output/Debug/Obj/twi_scanner_pca10040/thumb_crt0.o
 .text.abort    0x0000000000000000        0x2 Output/Debug/Obj/twi_scanner_pca10040/thumb_crt0.o
 .text.__assert
                0x0000000000000000        0x2 Output/Debug/Obj/twi_scanner_pca10040/thumb_crt0.o
 .text.__assert_func
                0x0000000000000000        0x2 Output/Debug/Obj/twi_scanner_pca10040/thumb_crt0.o
 .text.__aeabi_assert
                0x0000000000000000        0x2 Output/Debug/Obj/twi_scanner_pca10040/thumb_crt0.o
 .text.__sync_synchronize
                0x0000000000000000        0x2 Output/Debug/Obj/twi_scanner_pca10040/thumb_crt0.o
 .text.__getchar
                0x0000000000000000        0x4 Output/Debug/Obj/twi_scanner_pca10040/thumb_crt0.o
 .text.__putchar
                0x0000000000000000        0x4 Output/Debug/Obj/twi_scanner_pca10040/thumb_crt0.o
 .text.__open   0x0000000000000000        0x4 Output/Debug/Obj/twi_scanner_pca10040/thumb_crt0.o
 .text.__close  0x0000000000000000        0x4 Output/Debug/Obj/twi_scanner_pca10040/thumb_crt0.o
 .text.__write  0x0000000000000000        0xa Output/Debug/Obj/twi_scanner_pca10040/thumb_crt0.o
 .text.__read   0x0000000000000000        0xa Output/Debug/Obj/twi_scanner_pca10040/thumb_crt0.o
 .text.__seek   0x0000000000000000       0x1a Output/Debug/Obj/twi_scanner_pca10040/thumb_crt0.o
 .text.remove   0x0000000000000000        0x4 Output/Debug/Obj/twi_scanner_pca10040/thumb_crt0.o
 .text.rename   0x0000000000000000        0x4 Output/Debug/Obj/twi_scanner_pca10040/thumb_crt0.o
 .bss.__user_locale_name_buffer
                0x0000000000000000        0x4 Output/Debug/Obj/twi_scanner_pca10040/thumb_crt0.o
 .stack         0x0000000000000000        0x0 Output/Debug/Obj/twi_scanner_pca10040/thumb_crt0.o
 .stack_process
                0x0000000000000000        0x0 Output/Debug/Obj/twi_scanner_pca10040/thumb_crt0.o
 .heap          0x0000000000000000        0x0 Output/Debug/Obj/twi_scanner_pca10040/thumb_crt0.o
[...]
Memory Configuration

Name             Origin             Length             Attributes
UNPLACED_SECTIONS 0x0000000100000000 0x0000000000000000 xw
RAM              0x0000000020000000 0x0000000000010000 xw
FLASH            0x0000000000000000 0x0000000000080000 xw
*default*        0x0000000000000000 0xffffffffffffffff

Linker script and memory map

                0x0000000000000000                __do_debug_operation = __do_debug_operation_mempoll
                0x0000000000000000                __vfprintf = __vfprintf_long
                0x0000000000000000                __vfscanf = __vfscanf_long
                0x0000000020000000                __RAM_segment_start__ = 0x20000000
                0x0000000020010000                __RAM_segment_end__ = 0x20010000
                0x0000000000010000                __RAM_segment_size__ = 0x10000
                0x0000000000000000                __FLASH_segment_start__ = 0x0
                0x0000000000080000                __FLASH_segment_end__ = 0x80000
                0x0000000000080000                __FLASH_segment_size__ = 0x80000
                0x0000000000002000                __HEAPSIZE__ = 0x2000
                0x0000000000000000                __STACKSIZE_PROCESS__ = 0x0
                0x0000000000002000                __STACKSIZE__ = 0x2000
                0x0000000020000000                __vectors_ram_load_start__ = 0x20000000

.vectors_ram    0x0000000020000000        0x0
                0x0000000020000000                __vectors_ram_start__ = .
                0x0000000020000000                __app_ram_start__ = __vectors_ram_start__
 *(.vectors_ram .vectors_ram.*)
                0x0000000020000000                __vectors_ram_end__ = (__vectors_ram_start__ + SIZEOF (.vectors_ram))
                0x0000000000000000                __vectors_ram_size__ = SIZEOF (.vectors_ram)
                0x0000000020000000                __vectors_ram_load_end__ = __vectors_ram_end__
                0x0000000000000001                . = ASSERT (((__vectors_ram_start__ == __vectors_ram_end__) || ((__vectors_ram_end__ - __RAM_segment_start__) <= __RAM_segment_size__)), error: .vectors_ram is too large to fit in RAM memory segment)
                0x0000000020000000                __nrf_sections_run_load_start__ = ALIGN (__vectors_ram_end__, 0x4)

.nrf_sections_run
                0x0000000020000000        0x0
                0x0000000020000000                __nrf_sections_run_start__ = .
                0x0000000020000000                __start_nrf_sections_run = __nrf_sections_run_start__
 *(.nrf_sections_run .nrf_sections_run.*)
                0x0000000020000000                __nrf_sections_run_end__ = (__nrf_sections_run_start__ + SIZEOF (.nrf_sections_run))
                0x0000000000000000                __nrf_sections_run_size__ = SIZEOF (.nrf_sections_run)
                0x0000000020000000                __nrf_sections_run_load_end__ = __nrf_sections_run_end__
                0x0000000000000001                . = ASSERT (((__nrf_sections_run_start__ == __nrf_sections_run_end__) || ((__nrf_sections_run_end__ - __RAM_segment_start__) <= __RAM_segment_size__)), error: .nrf_sections_run is too large to fit in RAM memory segment)
                0x0000000000000000                __vectors_load_start__ = 0x0

.vectors        0x0000000000000000      0x200
                0x0000000000000000                __vectors_start__ = .
 *(.vectors .vectors.*)
 .vectors       0x0000000000000000      0x200 Output/Debug/Obj/twi_scanner_pca10040/ses_startup_nrf52.o
                0x0000000000000000                _vectors
                0x0000000000000200                __vectors_end__ = (__vectors_start__ + SIZEOF (.vectors))
                0x0000000000000200                __vectors_size__ = SIZEOF (.vectors)
                0x0000000000000200                __vectors_load_end__ = __vectors_end__
                0x0000000000000001                . = ASSERT (((__vectors_start__ == __vectors_end__) || ((__vectors_end__ - __FLASH_segment_start__) <= __FLASH_segment_size__)), error: .vectors is too large to fit in FLASH memory segment)
                0x0000000000000200                __init_load_start__ = ALIGN (__vectors_end__, 0x4)

.init           0x0000000000000200      0x1d0
                0x0000000000000200                __init_start__ = .
 *(.init .init.*)
 .init          0x0000000000000200      0x15c Output/Debug/Obj/twi_scanner_pca10040/thumb_crt0.o
                0x0000000000000200                _start
                0x00000000000002b4                exit
 .init          0x000000000000035c       0x18 Output/Debug/Obj/twi_scanner_pca10040/ses_startup_nrf52.o
                0x000000000000035c                NMI_Handler
                0x000000000000035e                HardFault_Handler
                0x0000000000000360                MemoryManagement_Handler
                0x0000000000000362                BusFault_Handler
                0x0000000000000364                UsageFault_Handler
                0x0000000000000366                SVC_Handler
                0x0000000000000368                DebugMon_Handler
                0x000000000000036a                PendSV_Handler
                0x000000000000036c                SysTick_Handler
                0x000000000000036e                PWM1_IRQHandler
                0x000000000000036e                GPIOTE_IRQHandler
                0x000000000000036e                SWI0_EGU0_IRQHandler
                0x000000000000036e                POWER_CLOCK_IRQHandler
                0x000000000000036e                RADIO_IRQHandler
                0x000000000000036e                PDM_IRQHandler
                0x000000000000036e                TEMP_IRQHandler
                0x000000000000036e                RTC0_IRQHandler
                0x000000000000036e                TIMER3_IRQHandler
                0x000000000000036e                FPU_IRQHandler
                0x000000000000036e                SWI2_EGU2_IRQHandler
                0x000000000000036e                TIMER4_IRQHandler
                0x000000000000036e                I2S_IRQHandler
                0x000000000000036e                SWI4_EGU4_IRQHandler
                0x000000000000036e                TIMER0_IRQHandler
                0x000000000000036e                Dummy_Handler
                0x000000000000036e                TIMER1_IRQHandler
                0x000000000000036e                PWM2_IRQHandler
                0x000000000000036e                ECB_IRQHandler
                0x000000000000036e                SAADC_IRQHandler
                0x000000000000036e                CCM_AAR_IRQHandler
                0x000000000000036e                WDT_IRQHandler
                0x000000000000036e                QDEC_IRQHandler
                0x000000000000036e                SWI5_EGU5_IRQHandler
                0x000000000000036e                RNG_IRQHandler
                0x000000000000036e                RTC2_IRQHandler
                0x000000000000036e                PWM0_IRQHandler
                0x000000000000036e                SWI3_EGU3_IRQHandler
                0x000000000000036e                RTC1_IRQHandler
                0x000000000000036e                SWI1_EGU1_IRQHandler
                0x000000000000036e                SPIM2_SPIS2_SPI2_IRQHandler
                0x000000000000036e                NFCT_IRQHandler
                0x000000000000036e                TIMER2_IRQHandler
                0x000000000000036e                MWU_IRQHandler
                0x000000000000036e                COMP_LPCOMP_IRQHandler
                0x0000000000000370                nRFInitialize
 .init          0x0000000000000374       0x5c Output/Debug/Obj/twi_scanner_pca10040/ses_startup_nrf_common.o
                0x0000000000000374                Reset_Handler
                0x0000000000000378                afterInitialize
                0x000000000000039c                InitializeUserMemorySections
                0x00000000000003d0                __init_end__ = (__init_start__ + SIZEOF (.init))
                0x00000000000001d0                __init_size__ = SIZEOF (.init)
                0x00000000000003d0                __init_load_end__ = __init_end__
                0x0000000000000001                . = ASSERT (((__init_start__ == __init_end__) || ((__init_end__ - __FLASH_segment_start__) <= __FLASH_segment_size__)), error: .init is too large to fit in FLASH memory segment)
                0x00000000000003d0                __init_rodata_load_start__ = ALIGN (__init_end__, 0x4)

.init_rodata    0x00000000000003d0        0x0
                0x00000000000003d0                __init_rodata_start__ = .
 *(.init_rodata .init_rodata.*)
                0x00000000000003d0                __init_rodata_end__ = (__init_rodata_start__ + SIZEOF (.init_rodata))
                0x0000000000000000                __init_rodata_size__ = SIZEOF (.init_rodata)
                0x00000000000003d0                __init_rodata_load_end__ = __init_rodata_end__
                0x0000000000000001                . = ASSERT (((__init_rodata_start__ == __init_rodata_end__) || ((__init_rodata_end__ - __FLASH_segment_start__) <= __FLASH_segment_size__)), error: .init_rodata is too large to fit in FLASH memory segment)
                0x00000000000003d0                __text_load_start__ = ALIGN (__init_rodata_end__, 0x4)

.text           0x00000000000003d0     0x6228
                0x00000000000003d0                __text_start__ = .
 *(.text .text.* .glue_7t .glue_7 .gnu.linkonce.t.* .gcc_except_table .ARM.extab* .gnu.linkonce.armextab.*)
 .glue_7        0x00000000000003d0        0x0 linker stubs
 .glue_7t       0x00000000000003d0        0x0 linker stubs
 .text.nrfx_coredep_delay_us
                0x00000000000003d0       0x30 Output/Debug/Obj/twi_scanner_pca10040/nrf_log_backend_rtt.o
 .text.nrf_delay_ms
                0x0000000000000400       0x2a Output/Debug/Obj/twi_scanner_pca10040/nrf_log_backend_rtt.o
 .text.nrf_log_backend_rtt_init
                0x000000000000042a        0xa Output/Debug/Obj/twi_scanner_pca10040/nrf_log_backend_rtt.o
                0x000000000000042a                nrf_log_backend_rtt_init
 .text.serial_tx
                0x0000000000000434       0x84 Output/Debug/Obj/twi_scanner_pca10040/nrf_log_backend_rtt.o
 .text.nrf_log_backend_rtt_put
                0x00000000000004b8       0x28 Output/Debug/Obj/twi_scanner_pca10040/nrf_log_backend_rtt.o
 .text.nrf_log_backend_rtt_flush
                0x00000000000004e0        0xa Output/Debug/Obj/twi_scanner_pca10040/nrf_log_backend_rtt.o
 .text.nrf_log_backend_rtt_panic_set
                0x00000000000004ea        0xa Output/Debug/Obj/twi_scanner_pca10040/nrf_log_backend_rtt.o
 .text.nrf_log_backend_serial_put
                0x00000000000004f4      0x124 Output/Debug/Obj/twi_scanner_pca10040/nrf_log_backend_serial.o
                0x00000000000004f4                nrf_log_backend_serial_put
 .text.nrf_drv_uart_uninit
                0x0000000000000618       0x44 Output/Debug/Obj/twi_scanner_pca10040/nrf_log_backend_uart.o
 .text.nrf_drv_uart_tx
                0x000000000000065c       0x64 Output/Debug/Obj/twi_scanner_pca10040/nrf_log_backend_uart.o
 .text.uart_evt_handler
                0x00000000000006c0       0x18 Output/Debug/Obj/twi_scanner_pca10040/nrf_log_backend_uart.o
 .text.uart_init
                0x00000000000006d8       0x88 Output/Debug/Obj/twi_scanner_pca10040/nrf_log_backend_uart.o
 .text.nrf_log_backend_uart_init
                0x0000000000000760       0x1c Output/Debug/Obj/twi_scanner_pca10040/nrf_log_backend_uart.o
                0x0000000000000760                nrf_log_backend_uart_init
 .text.serial_tx
                0x000000000000077c       0x6c Output/Debug/Obj/twi_scanner_pca10040/nrf_log_backend_uart.o
 .text.nrf_log_backend_uart_put
                0x00000000000007e8       0x28 Output/Debug/Obj/twi_scanner_pca10040/nrf_log_backend_uart.o
 .text.nrf_log_backend_uart_flush
                0x0000000000000810        0xa Output/Debug/Obj/twi_scanner_pca10040/nrf_log_backend_uart.o
 *fill*         0x000000000000081a        0x2 
 .text.nrf_log_backend_uart_panic_set
                0x000000000000081c       0x20 Output/Debug/Obj/twi_scanner_pca10040/nrf_log_backend_uart.o
 .text.nrf_log_backend_enable
                0x000000000000083c       0x12 Output/Debug/Obj/twi_scanner_pca10040/nrf_log_default_backends.o
 *fill*         0x000000000000084e        0x2 
 .text.nrf_log_default_backends_init
                0x0000000000000850       0x64 Output/Debug/Obj/twi_scanner_pca10040/nrf_log_default_backends.o
                0x0000000000000850                nrf_log_default_backends_init
 .text.nrf_log_backend_put
                0x00000000000008b4       0x1c Output/Debug/Obj/twi_scanner_pca10040/nrf_log_frontend.o
 .text.nrf_log_backend_panic_set
                0x00000000000008d0       0x18 Output/Debug/Obj/twi_scanner_pca10040/nrf_log_frontend.o
 .text.nrf_log_backend_flush
                0x00000000000008e8       0x18 Output/Debug/Obj/twi_scanner_pca10040/nrf_log_frontend.o
 .text.nrf_log_backend_id_set
                0x0000000000000900       0x1a Output/Debug/Obj/twi_scanner_pca10040/nrf_log_frontend.o
 .text.nrf_log_backend_id_get
                0x000000000000091a       0x10 Output/Debug/Obj/twi_scanner_pca10040/nrf_log_frontend.o
 .text.nrf_log_backend_enable
                0x000000000000092a       0x12 Output/Debug/Obj/twi_scanner_pca10040/nrf_log_frontend.o
 .text.nrf_log_backend_is_enabled
                0x000000000000093c       0x10 Output/Debug/Obj/twi_scanner_pca10040/nrf_log_frontend.o
 .text.nrf_log_init
                0x000000000000094c       0x50 Output/Debug/Obj/twi_scanner_pca10040/nrf_log_frontend.o
                0x000000000000094c                nrf_log_init
 .text.nrf_log_module_cnt_get
                0x000000000000099c       0x14 Output/Debug/Obj/twi_scanner_pca10040/nrf_log_frontend.o
                0x000000000000099c                nrf_log_module_cnt_get
 .text.module_idx_get
                0x00000000000009b0       0x64 Output/Debug/Obj/twi_scanner_pca10040/nrf_log_frontend.o
 .text.nrf_log_module_name_get
                0x0000000000000a14       0x40 Output/Debug/Obj/twi_scanner_pca10040/nrf_log_frontend.o
                0x0000000000000a14                nrf_log_module_name_get
 .text.nrf_log_color_id_get
                0x0000000000000a54       0x70 Output/Debug/Obj/twi_scanner_pca10040/nrf_log_frontend.o
                0x0000000000000a54                nrf_log_color_id_get
 .text.invalid_packets_omit
                0x0000000000000ac4       0x6e Output/Debug/Obj/twi_scanner_pca10040/nrf_log_frontend.o
 *fill*         0x0000000000000b32        0x2 
 .text.log_skip
                0x0000000000000b34      0x118 Output/Debug/Obj/twi_scanner_pca10040/nrf_log_frontend.o
 .text.dropped_sat16_get
                0x0000000000000c4c       0x28 Output/Debug/Obj/twi_scanner_pca10040/nrf_log_frontend.o
 .text.std_header_set
                0x0000000000000c74       0xb4 Output/Debug/Obj/twi_scanner_pca10040/nrf_log_frontend.o
 .text.buf_prealloc
                0x0000000000000d28      0x128 Output/Debug/Obj/twi_scanner_pca10040/nrf_log_frontend.o
 .text.std_n    0x0000000000000e50       0x94 Output/Debug/Obj/twi_scanner_pca10040/nrf_log_frontend.o
 .text.nrf_log_frontend_std_0
                0x0000000000000ee4       0x1c Output/Debug/Obj/twi_scanner_pca10040/nrf_log_frontend.o
                0x0000000000000ee4                nrf_log_frontend_std_0
 .text.nrf_log_frontend_std_1
                0x0000000000000f00       0x22 Output/Debug/Obj/twi_scanner_pca10040/nrf_log_frontend.o
                0x0000000000000f00                nrf_log_frontend_std_1
 .text.nrf_log_frontend_std_2
                0x0000000000000f22       0x28 Output/Debug/Obj/twi_scanner_pca10040/nrf_log_frontend.o
                0x0000000000000f22                nrf_log_frontend_std_2
 .text.nrf_log_frontend_std_5
                0x0000000000000f4a       0x34 Output/Debug/Obj/twi_scanner_pca10040/nrf_log_frontend.o
                0x0000000000000f4a                nrf_log_frontend_std_5
 *fill*         0x0000000000000f7e        0x2 
 .text.buffer_is_empty
                0x0000000000000f80       0x1c Output/Debug/Obj/twi_scanner_pca10040/nrf_log_frontend.o
                0x0000000000000f80                buffer_is_empty
 .text.nrf_log_frontend_dequeue
                0x0000000000000f9c      0x3a0 Output/Debug/Obj/twi_scanner_pca10040/nrf_log_frontend.o
                0x0000000000000f9c                nrf_log_frontend_dequeue
 .text.backend_id_assign
                0x000000000000133c       0x68 Output/Debug/Obj/twi_scanner_pca10040/nrf_log_frontend.o
 .text.nrf_log_backend_add
                0x00000000000013a4       0x70 Output/Debug/Obj/twi_scanner_pca10040/nrf_log_frontend.o
                0x00000000000013a4                nrf_log_backend_add
 .text.nrf_log_panic
                0x0000000000001414       0x3c Output/Debug/Obj/twi_scanner_pca10040/nrf_log_frontend.o
                0x0000000000001414                nrf_log_panic
 .text.timestamp_print
                0x0000000000001450        0xc Output/Debug/Obj/twi_scanner_pca10040/nrf_log_str_formatter.o
 .text.prefix_process
                0x000000000000145c       0xb0 Output/Debug/Obj/twi_scanner_pca10040/nrf_log_str_formatter.o
 .text.postfix_process
                0x000000000000150c       0x60 Output/Debug/Obj/twi_scanner_pca10040/nrf_log_str_formatter.o
 .text.nrf_log_std_entry_process
                0x000000000000156c      0x144 Output/Debug/Obj/twi_scanner_pca10040/nrf_log_str_formatter.o
                0x000000000000156c                nrf_log_std_entry_process
 .text.nrf_log_hexdump_entry_process
                0x00000000000016b0       0xf0 Output/Debug/Obj/twi_scanner_pca10040/nrf_log_str_formatter.o
                0x00000000000016b0                nrf_log_hexdump_entry_process
 .text.app_error_save_and_stop
                0x00000000000017a0       0x98 Output/Debug/Obj/twi_scanner_pca10040/app_error.o
                0x00000000000017a0                app_error_save_and_stop
 .text.app_error_handler
                0x0000000000001838       0x1c Output/Debug/Obj/twi_scanner_pca10040/app_error_handler_gcc.o
                0x0000000000001838                app_error_handler
 .text.app_error_fault_handler
                0x0000000000001854      0x104 Output/Debug/Obj/twi_scanner_pca10040/app_error_weak.o
                0x0000000000001854                app_error_fault_handler
 .text.app_util_disable_irq
                0x0000000000001958       0x18 Output/Debug/Obj/twi_scanner_pca10040/app_util_platform.o
                0x0000000000001958                app_util_disable_irq
 .text.app_util_enable_irq
                0x0000000000001970       0x20 Output/Debug/Obj/twi_scanner_pca10040/app_util_platform.o
                0x0000000000001970                app_util_enable_irq
 .text.app_util_critical_region_enter
                0x0000000000001990       0x28 Output/Debug/Obj/twi_scanner_pca10040/app_util_platform.o
                0x0000000000001990                app_util_critical_region_enter
 .text.app_util_critical_region_exit
                0x00000000000019b8       0x2c Output/Debug/Obj/twi_scanner_pca10040/app_util_platform.o
                0x00000000000019b8                app_util_critical_region_exit
 .text.privilege_level_get
                0x00000000000019e4       0x3a Output/Debug/Obj/twi_scanner_pca10040/app_util_platform.o
                0x00000000000019e4                privilege_level_get
 .text.assert_nrf_callback
                0x0000000000001a1e       0x2c Output/Debug/Obj/twi_scanner_pca10040/nrf_assert.o
                0x0000000000001a1e                assert_nrf_callback
 .text.nrf_atomic_u32_fetch_store
                0x0000000000001a4a       0x2e Output/Debug/Obj/twi_scanner_pca10040/nrf_atomic.o
                0x0000000000001a4a                nrf_atomic_u32_fetch_store
 .text.nrf_atomic_u32_or
                0x0000000000001a78       0x30 Output/Debug/Obj/twi_scanner_pca10040/nrf_atomic.o
                0x0000000000001a78                nrf_atomic_u32_or
 .text.nrf_atomic_u32_fetch_and
                0x0000000000001aa8       0x30 Output/Debug/Obj/twi_scanner_pca10040/nrf_atomic.o
                0x0000000000001aa8                nrf_atomic_u32_fetch_and
 .text.nrf_atomic_u32_add
                0x0000000000001ad8       0x30 Output/Debug/Obj/twi_scanner_pca10040/nrf_atomic.o
                0x0000000000001ad8                nrf_atomic_u32_add
 .text.nrf_atomic_u32_sub
                0x0000000000001b08       0x30 Output/Debug/Obj/twi_scanner_pca10040/nrf_atomic.o
                0x0000000000001b08                nrf_atomic_u32_sub
 .text.nrf_atomic_flag_set
                0x0000000000001b38       0x18 Output/Debug/Obj/twi_scanner_pca10040/nrf_atomic.o
                0x0000000000001b38                nrf_atomic_flag_set
 .text.nrf_atomic_flag_clear_fetch
                0x0000000000001b50       0x18 Output/Debug/Obj/twi_scanner_pca10040/nrf_atomic.o
                0x0000000000001b50                nrf_atomic_flag_clear_fetch
 .text.nrf_balloc_idx2block
                0x0000000000001b68       0x38 Output/Debug/Obj/twi_scanner_pca10040/nrf_balloc.o
 .text.nrf_balloc_block2idx
                0x0000000000001ba0       0x34 Output/Debug/Obj/twi_scanner_pca10040/nrf_balloc.o
 .text.nrf_balloc_init
                0x0000000000001bd4       0xb8 Output/Debug/Obj/twi_scanner_pca10040/nrf_balloc.o
                0x0000000000001bd4                nrf_balloc_init
 .text.nrf_balloc_alloc
                0x0000000000001c8c       0x84 Output/Debug/Obj/twi_scanner_pca10040/nrf_balloc.o
                0x0000000000001c8c                nrf_balloc_alloc
 .text.nrf_balloc_free
                0x0000000000001d10       0x58 Output/Debug/Obj/twi_scanner_pca10040/nrf_balloc.o
                0x0000000000001d10                nrf_balloc_free
 .text.nrf_fprintf_buffer_flush
                0x0000000000001d68       0x44 Output/Debug/Obj/twi_scanner_pca10040/nrf_fprintf.o
                0x0000000000001d68                nrf_fprintf_buffer_flush
 .text.nrf_fprintf
                0x0000000000001dac       0x74 Output/Debug/Obj/twi_scanner_pca10040/nrf_fprintf.o
                0x0000000000001dac                nrf_fprintf
 .text.buffer_add
                0x0000000000001e20       0x4c Output/Debug/Obj/twi_scanner_pca10040/nrf_fprintf_format.o
 .text.string_print
                0x0000000000001e6c       0xc2 Output/Debug/Obj/twi_scanner_pca10040/nrf_fprintf_format.o
 *fill*         0x0000000000001f2e        0x2 
 .text.unsigned_print
                0x0000000000001f30      0x130 Output/Debug/Obj/twi_scanner_pca10040/nrf_fprintf_format.o
 .text.int_print
                0x0000000000002060      0x11c Output/Debug/Obj/twi_scanner_pca10040/nrf_fprintf_format.o
 .text.nrf_fprintf_fmt
                0x000000000000217c      0x388 Output/Debug/Obj/twi_scanner_pca10040/nrf_fprintf_format.o
                0x000000000000217c                nrf_fprintf_fmt
 .text.nrf_memobj_pool_init
                0x0000000000002504       0x16 Output/Debug/Obj/twi_scanner_pca10040/nrf_memobj.o
                0x0000000000002504                nrf_memobj_pool_init
 .text.nrf_memobj_alloc
                0x000000000000251a       0xae Output/Debug/Obj/twi_scanner_pca10040/nrf_memobj.o
                0x000000000000251a                nrf_memobj_alloc
 .text.nrf_memobj_free
                0x00000000000025c8       0x74 Output/Debug/Obj/twi_scanner_pca10040/nrf_memobj.o
                0x00000000000025c8                nrf_memobj_free
 .text.nrf_memobj_get
                0x000000000000263c       0x1e Output/Debug/Obj/twi_scanner_pca10040/nrf_memobj.o
                0x000000000000263c                nrf_memobj_get
 .text.nrf_memobj_put
                0x000000000000265a       0x34 Output/Debug/Obj/twi_scanner_pca10040/nrf_memobj.o
                0x000000000000265a                nrf_memobj_put
 *fill*         0x000000000000268e        0x2 
 .text.memobj_op
                0x0000000000002690      0x124 Output/Debug/Obj/twi_scanner_pca10040/nrf_memobj.o
 .text.nrf_memobj_write
                0x00000000000027b4       0x3c Output/Debug/Obj/twi_scanner_pca10040/nrf_memobj.o
                0x00000000000027b4                nrf_memobj_write
 .text.nrf_memobj_read
                0x00000000000027f0       0x40 Output/Debug/Obj/twi_scanner_pca10040/nrf_memobj.o
                0x00000000000027f0                nrf_memobj_read
 .text.nrf_ringbuf_init
                0x0000000000002830       0x3a Output/Debug/Obj/twi_scanner_pca10040/nrf_ringbuf.o
                0x0000000000002830                nrf_ringbuf_init
 *fill*         0x000000000000286a        0x2 
 .text.nrf_strerror_get
                0x000000000000286c       0x28 Output/Debug/Obj/twi_scanner_pca10040/nrf_strerror.o
                0x000000000000286c                nrf_strerror_get
 .text.nrf_strerror_find
                0x0000000000002894       0x68 Output/Debug/Obj/twi_scanner_pca10040/nrf_strerror.o
                0x0000000000002894                nrf_strerror_find
 .text.nrfx_coredep_delay_us
                0x00000000000028fc       0x30 Output/Debug/Obj/twi_scanner_pca10040/nrf_drv_twi.o
 .text.nrf_gpio_pin_port_decode
                0x000000000000292c       0x30 Output/Debug/Obj/twi_scanner_pca10040/nrf_drv_twi.o
 .text.nrf_gpio_pin_set
                0x000000000000295c       0x28 Output/Debug/Obj/twi_scanner_pca10040/nrf_drv_twi.o
 .text.nrf_gpio_pin_clear
                0x0000000000002984       0x28 Output/Debug/Obj/twi_scanner_pca10040/nrf_drv_twi.o
 .text.nrf_gpio_pin_read
                0x00000000000029ac       0x2a Output/Debug/Obj/twi_scanner_pca10040/nrf_drv_twi.o
 .text.nrf_gpio_port_in_read
                0x00000000000029d6       0x10 Output/Debug/Obj/twi_scanner_pca10040/nrf_drv_twi.o
 .text.nrf_gpio_port_out_set
                0x00000000000029e6       0x14 Output/Debug/Obj/twi_scanner_pca10040/nrf_drv_twi.o
 .text.nrf_gpio_port_out_clear
                0x00000000000029fa       0x14 Output/Debug/Obj/twi_scanner_pca10040/nrf_drv_twi.o
 .text.nrf_gpio_pin_present_check
                0x0000000000002a0e       0x40 Output/Debug/Obj/twi_scanner_pca10040/nrf_drv_twi.o
 .text.twi_clear_bus
                0x0000000000002a4e       0xde Output/Debug/Obj/twi_scanner_pca10040/nrf_drv_twi.o
 .text.twim_evt_handler
                0x0000000000002b2c       0x6c Output/Debug/Obj/twi_scanner_pca10040/nrf_drv_twi.o
 .text.nrf_drv_twi_init
                0x0000000000002b98       0x68 Output/Debug/Obj/twi_scanner_pca10040/nrf_drv_twi.o
                0x0000000000002b98                nrf_drv_twi_init
 .text.uarte_evt_handler
                0x0000000000002c00       0x50 Output/Debug/Obj/twi_scanner_pca10040/nrf_drv_uart.o
 .text.uart_evt_handler
                0x0000000000002c50       0x50 Output/Debug/Obj/twi_scanner_pca10040/nrf_drv_uart.o
 .text.nrf_drv_uart_init
                0x0000000000002ca0       0xc0 Output/Debug/Obj/twi_scanner_pca10040/nrf_drv_uart.o
                0x0000000000002ca0                nrf_drv_uart_init
 .text.UARTE0_UART0_IRQHandler
                0x0000000000002d60       0x24 Output/Debug/Obj/twi_scanner_pca10040/nrfx_prs.o
                0x0000000000002d60                UARTE0_UART0_IRQHandler
 .text.prs_box_get
                0x0000000000002d84       0x20 Output/Debug/Obj/twi_scanner_pca10040/nrfx_prs.o
 .text.nrfx_prs_acquire
                0x0000000000002da4       0x74 Output/Debug/Obj/twi_scanner_pca10040/nrfx_prs.o
                0x0000000000002da4                nrfx_prs_acquire
 .text.nrfx_prs_release
                0x0000000000002e18       0x3c Output/Debug/Obj/twi_scanner_pca10040/nrfx_prs.o
                0x0000000000002e18                nrfx_prs_release
 .text.__NVIC_EnableIRQ
                0x0000000000002e54       0x34 Output/Debug/Obj/twi_scanner_pca10040/nrfx_twim.o
 .text.__NVIC_ClearPendingIRQ
                0x0000000000002e88       0x38 Output/Debug/Obj/twi_scanner_pca10040/nrfx_twim.o
 .text.__NVIC_SetPriority
                0x0000000000002ec0       0x50 Output/Debug/Obj/twi_scanner_pca10040/nrfx_twim.o
 .text.nrfx_is_in_ram
                0x0000000000002f10       0x1c Output/Debug/Obj/twi_scanner_pca10040/nrfx_twim.o
 .text.nrfx_get_irq_number
                0x0000000000002f2c       0x10 Output/Debug/Obj/twi_scanner_pca10040/nrfx_twim.o
 .text._NRFX_IRQ_PRIORITY_SET
                0x0000000000002f3c       0x40 Output/Debug/Obj/twi_scanner_pca10040/nrfx_twim.o
 .text._NRFX_IRQ_ENABLE
                0x0000000000002f7c       0x1c Output/Debug/Obj/twi_scanner_pca10040/nrfx_twim.o
 .text._NRFX_IRQ_PENDING_CLEAR
                0x0000000000002f98       0x1c Output/Debug/Obj/twi_scanner_pca10040/nrfx_twim.o
 .text.nrf_twim_task_trigger
                0x0000000000002fb4       0x1c Output/Debug/Obj/twi_scanner_pca10040/nrfx_twim.o
 .text.nrf_twim_event_clear
                0x0000000000002fd0       0x2a Output/Debug/Obj/twi_scanner_pca10040/nrfx_twim.o
 .text.nrf_twim_event_check
                0x0000000000002ffa       0x24 Output/Debug/Obj/twi_scanner_pca10040/nrfx_twim.o
 .text.nrf_twim_int_enable
                0x000000000000301e       0x14 Output/Debug/Obj/twi_scanner_pca10040/nrfx_twim.o
 .text.nrf_twim_int_disable
                0x0000000000003032       0x14 Output/Debug/Obj/twi_scanner_pca10040/nrfx_twim.o
 .text.nrf_twim_enable
                0x0000000000003046       0x12 Output/Debug/Obj/twi_scanner_pca10040/nrfx_twim.o
 .text.nrf_twim_disable
                0x0000000000003058       0x12 Output/Debug/Obj/twi_scanner_pca10040/nrfx_twim.o
 .text.nrf_twim_pins_set
                0x000000000000306a       0x1e Output/Debug/Obj/twi_scanner_pca10040/nrfx_twim.o
 .text.nrf_twim_frequency_set
                0x0000000000003088       0x14 Output/Debug/Obj/twi_scanner_pca10040/nrfx_twim.o
 .text.nrf_twim_errorsrc_get_and_clear
                0x000000000000309c       0x1c Output/Debug/Obj/twi_scanner_pca10040/nrfx_twim.o
 .text.nrf_twim_address_set
                0x00000000000030b8       0x1a Output/Debug/Obj/twi_scanner_pca10040/nrfx_twim.o
 .text.nrf_twim_tx_buffer_set
                0x00000000000030d2       0x1e Output/Debug/Obj/twi_scanner_pca10040/nrfx_twim.o
 .text.nrf_twim_rx_buffer_set
                0x00000000000030f0       0x1e Output/Debug/Obj/twi_scanner_pca10040/nrfx_twim.o
 .text.nrf_twim_shorts_set
                0x000000000000310e       0x14 Output/Debug/Obj/twi_scanner_pca10040/nrfx_twim.o
 .text.nrf_twim_txd_amount_get
                0x0000000000003122       0x10 Output/Debug/Obj/twi_scanner_pca10040/nrfx_twim.o
 .text.nrf_twim_shorts_get
                0x0000000000003132       0x10 Output/Debug/Obj/twi_scanner_pca10040/nrfx_twim.o
 .text.nrf_twim_rxd_amount_get
                0x0000000000003142       0x10 Output/Debug/Obj/twi_scanner_pca10040/nrfx_twim.o
 .text.nrf_twim_tx_list_enable
                0x0000000000003152       0x12 Output/Debug/Obj/twi_scanner_pca10040/nrfx_twim.o
 .text.nrf_twim_tx_list_disable
                0x0000000000003164       0x12 Output/Debug/Obj/twi_scanner_pca10040/nrfx_twim.o
 .text.nrf_twim_rx_list_enable
                0x0000000000003176       0x12 Output/Debug/Obj/twi_scanner_pca10040/nrfx_twim.o
 .text.nrf_twim_rx_list_disable
                0x0000000000003188       0x12 Output/Debug/Obj/twi_scanner_pca10040/nrfx_twim.o
 *fill*         0x000000000000319a        0x2 
 .text.nrf_gpio_pin_port_decode
                0x000000000000319c       0x30 Output/Debug/Obj/twi_scanner_pca10040/nrfx_twim.o
 .text.nrf_gpio_cfg
                0x00000000000031cc       0x62 Output/Debug/Obj/twi_scanner_pca10040/nrfx_twim.o
 .text.nrf_gpio_pin_present_check
                0x000000000000322e       0x40 Output/Debug/Obj/twi_scanner_pca10040/nrfx_twim.o
 .text.twi_process_error
                0x000000000000326e       0x40 Output/Debug/Obj/twi_scanner_pca10040/nrfx_twim.o
 *fill*         0x00000000000032ae        0x2 
 .text.xfer_completeness_check
                0x00000000000032b0       0xfc Output/Debug/Obj/twi_scanner_pca10040/nrfx_twim.o
 .text.nrfx_twim_init
                0x00000000000033ac      0x148 Output/Debug/Obj/twi_scanner_pca10040/nrfx_twim.o
                0x00000000000033ac                nrfx_twim_init
 .text.nrfx_twim_enable
                0x00000000000034f4       0x50 Output/Debug/Obj/twi_scanner_pca10040/nrfx_twim.o
                0x00000000000034f4                nrfx_twim_enable
 .text.twim_list_enable_handle
                0x0000000000003544       0x40 Output/Debug/Obj/twi_scanner_pca10040/nrfx_twim.o
 .text.twim_xfer
                0x0000000000003584      0x440 Output/Debug/Obj/twi_scanner_pca10040/nrfx_twim.o
 .text.nrfx_twim_xfer
                0x00000000000039c4       0xb0 Output/Debug/Obj/twi_scanner_pca10040/nrfx_twim.o
                0x00000000000039c4                nrfx_twim_xfer
 .text.nrfx_twim_rx
                0x0000000000003a74       0x44 Output/Debug/Obj/twi_scanner_pca10040/nrfx_twim.o
                0x0000000000003a74                nrfx_twim_rx
 .text.twim_irq_handler
                0x0000000000003ab8      0x2a4 Output/Debug/Obj/twi_scanner_pca10040/nrfx_twim.o
 .text.SPIM0_SPIS0_TWIM0_TWIS0_SPI0_TWI0_IRQHandler
                0x0000000000003d5c       0x18 Output/Debug/Obj/twi_scanner_pca10040/nrfx_twim.o
                0x0000000000003d5c                SPIM0_SPIS0_TWIM0_TWIS0_SPI0_TWI0_IRQHandler
 .text.SPIM1_SPIS1_TWIM1_TWIS1_SPI1_TWI1_IRQHandler
                0x0000000000003d74       0x14 Output/Debug/Obj/twi_scanner_pca10040/nrfx_twim.o
                0x0000000000003d74                SPIM1_SPIS1_TWIM1_TWIS1_SPI1_TWI1_IRQHandler
 .text.__NVIC_EnableIRQ
                0x0000000000003d88       0x34 Output/Debug/Obj/twi_scanner_pca10040/nrfx_uart.o
 .text.__NVIC_DisableIRQ
                0x0000000000003dbc       0x44 Output/Debug/Obj/twi_scanner_pca10040/nrfx_uart.o
 .text.__NVIC_SetPriority
                0x0000000000003e00       0x50 Output/Debug/Obj/twi_scanner_pca10040/nrfx_uart.o
 .text.nrfx_get_irq_number
                0x0000000000003e50       0x10 Output/Debug/Obj/twi_scanner_pca10040/nrfx_uart.o
 .text._NRFX_IRQ_PRIORITY_SET
                0x0000000000003e60       0x40 Output/Debug/Obj/twi_scanner_pca10040/nrfx_uart.o
 .text._NRFX_IRQ_ENABLE
                0x0000000000003ea0       0x1c Output/Debug/Obj/twi_scanner_pca10040/nrfx_uart.o
 .text._NRFX_IRQ_DISABLE
                0x0000000000003ebc       0x1c Output/Debug/Obj/twi_scanner_pca10040/nrfx_uart.o
 .text.nrf_uart_event_clear
                0x0000000000003ed8       0x2a Output/Debug/Obj/twi_scanner_pca10040/nrfx_uart.o
 .text.nrf_uart_event_check
                0x0000000000003f02       0x24 Output/Debug/Obj/twi_scanner_pca10040/nrfx_uart.o
 .text.nrf_uart_int_enable
                0x0000000000003f26       0x14 Output/Debug/Obj/twi_scanner_pca10040/nrfx_uart.o
 .text.nrf_uart_int_enable_check
                0x0000000000003f3a       0x20 Output/Debug/Obj/twi_scanner_pca10040/nrfx_uart.o
 .text.nrf_uart_int_disable
                0x0000000000003f5a       0x14 Output/Debug/Obj/twi_scanner_pca10040/nrfx_uart.o
 .text.nrf_uart_errorsrc_get_and_clear
                0x0000000000003f6e       0x1c Output/Debug/Obj/twi_scanner_pca10040/nrfx_uart.o
 .text.nrf_uart_enable
                0x0000000000003f8a       0x12 Output/Debug/Obj/twi_scanner_pca10040/nrfx_uart.o
 .text.nrf_uart_disable
                0x0000000000003f9c       0x12 Output/Debug/Obj/twi_scanner_pca10040/nrfx_uart.o
 .text.nrf_uart_txrx_pins_set
                0x0000000000003fae       0x1e Output/Debug/Obj/twi_scanner_pca10040/nrfx_uart.o
 .text.nrf_uart_txrx_pins_disconnect
                0x0000000000003fcc       0x1c Output/Debug/Obj/twi_scanner_pca10040/nrfx_uart.o
 .text.nrf_uart_tx_pin_get
                0x0000000000003fe8       0x10 Output/Debug/Obj/twi_scanner_pca10040/nrfx_uart.o
 .text.nrf_uart_rx_pin_get
                0x0000000000003ff8       0x10 Output/Debug/Obj/twi_scanner_pca10040/nrfx_uart.o
 .text.nrf_uart_rts_pin_get
                0x0000000000004008       0x10 Output/Debug/Obj/twi_scanner_pca10040/nrfx_uart.o
 .text.nrf_uart_cts_pin_get
                0x0000000000004018       0x10 Output/Debug/Obj/twi_scanner_pca10040/nrfx_uart.o
 .text.nrf_uart_hwfc_pins_set
                0x0000000000004028       0x1e Output/Debug/Obj/twi_scanner_pca10040/nrfx_uart.o
 .text.nrf_uart_hwfc_pins_disconnect
                0x0000000000004046       0x1c Output/Debug/Obj/twi_scanner_pca10040/nrfx_uart.o
 .text.nrf_uart_rxd_get
                0x0000000000004062       0x12 Output/Debug/Obj/twi_scanner_pca10040/nrfx_uart.o
 .text.nrf_uart_txd_set
                0x0000000000004074       0x1a Output/Debug/Obj/twi_scanner_pca10040/nrfx_uart.o
 .text.nrf_uart_task_trigger
                0x000000000000408e       0x1c Output/Debug/Obj/twi_scanner_pca10040/nrfx_uart.o
 .text.nrf_uart_configure
                0x00000000000040aa       0x2a Output/Debug/Obj/twi_scanner_pca10040/nrfx_uart.o
 .text.nrf_uart_baudrate_set
                0x00000000000040d4       0x14 Output/Debug/Obj/twi_scanner_pca10040/nrfx_uart.o
 .text.nrf_gpio_pin_port_decode
                0x00000000000040e8       0x30 Output/Debug/Obj/twi_scanner_pca10040/nrfx_uart.o
 .text.nrf_gpio_cfg
                0x0000000000004118       0x62 Output/Debug/Obj/twi_scanner_pca10040/nrfx_uart.o
 .text.nrf_gpio_cfg_output
                0x000000000000417a       0x22 Output/Debug/Obj/twi_scanner_pca10040/nrfx_uart.o
 .text.nrf_gpio_cfg_input
                0x000000000000419c       0x2a Output/Debug/Obj/twi_scanner_pca10040/nrfx_uart.o
 .text.nrf_gpio_cfg_default
                0x00000000000041c6       0x22 Output/Debug/Obj/twi_scanner_pca10040/nrfx_uart.o
 .text.nrf_gpio_pin_set
                0x00000000000041e8       0x28 Output/Debug/Obj/twi_scanner_pca10040/nrfx_uart.o
 .text.nrf_gpio_port_out_set
                0x0000000000004210       0x14 Output/Debug/Obj/twi_scanner_pca10040/nrfx_uart.o
 .text.nrf_gpio_pin_present_check
                0x0000000000004224       0x40 Output/Debug/Obj/twi_scanner_pca10040/nrfx_uart.o
 .text.apply_config
                0x0000000000004264       0xc6 Output/Debug/Obj/twi_scanner_pca10040/nrfx_uart.o
 *fill*         0x000000000000432a        0x2 
 .text.interrupts_enable
                0x000000000000432c       0x6c Output/Debug/Obj/twi_scanner_pca10040/nrfx_uart.o
 .text.interrupts_disable
                0x0000000000004398       0x30 Output/Debug/Obj/twi_scanner_pca10040/nrfx_uart.o
 .text.pins_to_default
                0x00000000000043c8       0x8a Output/Debug/Obj/twi_scanner_pca10040/nrfx_uart.o
 *fill*         0x0000000000004452        0x2 
 .text.nrfx_uart_init
                0x0000000000004454       0xd4 Output/Debug/Obj/twi_scanner_pca10040/nrfx_uart.o
                0x0000000000004454                nrfx_uart_init
 .text.nrfx_uart_uninit
                0x0000000000004528       0x5c Output/Debug/Obj/twi_scanner_pca10040/nrfx_uart.o
                0x0000000000004528                nrfx_uart_uninit
 .text.tx_byte  0x0000000000004584       0x40 Output/Debug/Obj/twi_scanner_pca10040/nrfx_uart.o
 .text.tx_blocking
                0x00000000000045c4       0x52 Output/Debug/Obj/twi_scanner_pca10040/nrfx_uart.o
 *fill*         0x0000000000004616        0x2 
 .text.nrfx_uart_tx
                0x0000000000004618      0x110 Output/Debug/Obj/twi_scanner_pca10040/nrfx_uart.o
                0x0000000000004618                nrfx_uart_tx
 .text.nrfx_uart_tx_in_progress
                0x0000000000004728       0x2c Output/Debug/Obj/twi_scanner_pca10040/nrfx_uart.o
                0x0000000000004728                nrfx_uart_tx_in_progress
 .text.rx_byte  0x0000000000004754       0x4e Output/Debug/Obj/twi_scanner_pca10040/nrfx_uart.o
 .text.rx_done_event
                0x00000000000047a2       0x2e Output/Debug/Obj/twi_scanner_pca10040/nrfx_uart.o
 .text.tx_done_event
                0x00000000000047d0       0x34 Output/Debug/Obj/twi_scanner_pca10040/nrfx_uart.o
 .text.uart_irq_handler
                0x0000000000004804      0x1de Output/Debug/Obj/twi_scanner_pca10040/nrfx_uart.o
 *fill*         0x00000000000049e2        0x2 
 .text.nrfx_uart_0_irq_handler
                0x00000000000049e4       0x18 Output/Debug/Obj/twi_scanner_pca10040/nrfx_uart.o
                0x00000000000049e4                nrfx_uart_0_irq_handler
 .text.__NVIC_EnableIRQ
                0x00000000000049fc       0x34 Output/Debug/Obj/twi_scanner_pca10040/nrfx_uarte.o
 .text.__NVIC_DisableIRQ
                0x0000000000004a30       0x44 Output/Debug/Obj/twi_scanner_pca10040/nrfx_uarte.o
 .text.__NVIC_SetPriority
                0x0000000000004a74       0x50 Output/Debug/Obj/twi_scanner_pca10040/nrfx_uarte.o
 .text.nrfx_is_in_ram
                0x0000000000004ac4       0x1c Output/Debug/Obj/twi_scanner_pca10040/nrfx_uarte.o
 .text.nrfx_get_irq_number
                0x0000000000004ae0       0x10 Output/Debug/Obj/twi_scanner_pca10040/nrfx_uarte.o
 .text._NRFX_IRQ_PRIORITY_SET
                0x0000000000004af0       0x40 Output/Debug/Obj/twi_scanner_pca10040/nrfx_uarte.o
 .text._NRFX_IRQ_ENABLE
                0x0000000000004b30       0x1c Output/Debug/Obj/twi_scanner_pca10040/nrfx_uarte.o
 .text._NRFX_IRQ_DISABLE
                0x0000000000004b4c       0x1c Output/Debug/Obj/twi_scanner_pca10040/nrfx_uarte.o
 .text.nrf_uarte_event_clear
                0x0000000000004b68       0x2a Output/Debug/Obj/twi_scanner_pca10040/nrfx_uarte.o
 .text.nrf_uarte_event_check
                0x0000000000004b92       0x24 Output/Debug/Obj/twi_scanner_pca10040/nrfx_uarte.o
 .text.nrf_uarte_shorts_disable
                0x0000000000004bb6       0x1e Output/Debug/Obj/twi_scanner_pca10040/nrfx_uarte.o
 .text.nrf_uarte_int_enable
                0x0000000000004bd4       0x14 Output/Debug/Obj/twi_scanner_pca10040/nrfx_uarte.o
 .text.nrf_uarte_int_disable
                0x0000000000004be8       0x14 Output/Debug/Obj/twi_scanner_pca10040/nrfx_uarte.o
 .text.nrf_uarte_errorsrc_get_and_clear
                0x0000000000004bfc       0x1c Output/Debug/Obj/twi_scanner_pca10040/nrfx_uarte.o
 .text.nrf_uarte_enable
                0x0000000000004c18       0x12 Output/Debug/Obj/twi_scanner_pca10040/nrfx_uarte.o
 .text.nrf_uarte_disable
                0x0000000000004c2a       0x12 Output/Debug/Obj/twi_scanner_pca10040/nrfx_uarte.o
 .text.nrf_uarte_txrx_pins_set
                0x0000000000004c3c       0x1e Output/Debug/Obj/twi_scanner_pca10040/nrfx_uarte.o
 .text.nrf_uarte_txrx_pins_disconnect
                0x0000000000004c5a       0x1c Output/Debug/Obj/twi_scanner_pca10040/nrfx_uarte.o
 .text.nrf_uarte_tx_pin_get
                0x0000000000004c76       0x10 Output/Debug/Obj/twi_scanner_pca10040/nrfx_uarte.o
 .text.nrf_uarte_rx_pin_get
                0x0000000000004c86       0x10 Output/Debug/Obj/twi_scanner_pca10040/nrfx_uarte.o
 .text.nrf_uarte_rts_pin_get
                0x0000000000004c96       0x10 Output/Debug/Obj/twi_scanner_pca10040/nrfx_uarte.o
 .text.nrf_uarte_cts_pin_get
                0x0000000000004ca6       0x10 Output/Debug/Obj/twi_scanner_pca10040/nrfx_uarte.o
 .text.nrf_uarte_hwfc_pins_set
                0x0000000000004cb6       0x1e Output/Debug/Obj/twi_scanner_pca10040/nrfx_uarte.o
 .text.nrf_uarte_hwfc_pins_disconnect
                0x0000000000004cd4       0x1c Output/Debug/Obj/twi_scanner_pca10040/nrfx_uarte.o
 .text.nrf_uarte_task_trigger
                0x0000000000004cf0       0x1c Output/Debug/Obj/twi_scanner_pca10040/nrfx_uarte.o
 .text.nrf_uarte_configure
                0x0000000000004d0c       0x2a Output/Debug/Obj/twi_scanner_pca10040/nrfx_uarte.o
 .text.nrf_uarte_baudrate_set
                0x0000000000004d36       0x14 Output/Debug/Obj/twi_scanner_pca10040/nrfx_uarte.o
 .text.nrf_uarte_tx_buffer_set
                0x0000000000004d4a       0x1e Output/Debug/Obj/twi_scanner_pca10040/nrfx_uarte.o
 .text.nrf_uarte_tx_amount_get
                0x0000000000004d68       0x10 Output/Debug/Obj/twi_scanner_pca10040/nrfx_uarte.o
 .text.nrf_uarte_rx_amount_get
                0x0000000000004d78       0x10 Output/Debug/Obj/twi_scanner_pca10040/nrfx_uarte.o
 .text.nrf_gpio_pin_port_decode
                0x0000000000004d88       0x30 Output/Debug/Obj/twi_scanner_pca10040/nrfx_uarte.o
 .text.nrf_gpio_cfg
                0x0000000000004db8       0x62 Output/Debug/Obj/twi_scanner_pca10040/nrfx_uarte.o
 .text.nrf_gpio_cfg_output
                0x0000000000004e1a       0x22 Output/Debug/Obj/twi_scanner_pca10040/nrfx_uarte.o
 .text.nrf_gpio_cfg_input
                0x0000000000004e3c       0x2a Output/Debug/Obj/twi_scanner_pca10040/nrfx_uarte.o
 .text.nrf_gpio_cfg_default
                0x0000000000004e66       0x22 Output/Debug/Obj/twi_scanner_pca10040/nrfx_uarte.o
 .text.nrf_gpio_pin_set
                0x0000000000004e88       0x28 Output/Debug/Obj/twi_scanner_pca10040/nrfx_uarte.o
 .text.nrf_gpio_port_out_set
                0x0000000000004eb0       0x14 Output/Debug/Obj/twi_scanner_pca10040/nrfx_uarte.o
 .text.nrf_gpio_pin_present_check
                0x0000000000004ec4       0x40 Output/Debug/Obj/twi_scanner_pca10040/nrfx_uarte.o
 .text.apply_config
                0x0000000000004f04       0xc6 Output/Debug/Obj/twi_scanner_pca10040/nrfx_uarte.o
 *fill*         0x0000000000004fca        0x2 
 .text.interrupts_enable
                0x0000000000004fcc       0x98 Output/Debug/Obj/twi_scanner_pca10040/nrfx_uarte.o
 .text.interrupts_disable
                0x0000000000005064       0x30 Output/Debug/Obj/twi_scanner_pca10040/nrfx_uarte.o
 .text.pins_to_default
                0x0000000000005094       0x8a Output/Debug/Obj/twi_scanner_pca10040/nrfx_uarte.o
 *fill*         0x000000000000511e        0x2 
 .text.nrfx_uarte_init
                0x0000000000005120       0xcc Output/Debug/Obj/twi_scanner_pca10040/nrfx_uarte.o
                0x0000000000005120                nrfx_uarte_init
 .text.nrfx_uarte_uninit
                0x00000000000051ec       0xc4 Output/Debug/Obj/twi_scanner_pca10040/nrfx_uarte.o
                0x00000000000051ec                nrfx_uarte_uninit
 .text.nrfx_uarte_tx
                0x00000000000052b0      0x17c Output/Debug/Obj/twi_scanner_pca10040/nrfx_uarte.o
                0x00000000000052b0                nrfx_uarte_tx
 .text.nrfx_uarte_tx_in_progress
                0x000000000000542c       0x30 Output/Debug/Obj/twi_scanner_pca10040/nrfx_uarte.o
                0x000000000000542c                nrfx_uarte_tx_in_progress
 .text.rx_done_event
                0x000000000000545c       0x2e Output/Debug/Obj/twi_scanner_pca10040/nrfx_uarte.o
 .text.tx_done_event
                0x000000000000548a       0x34 Output/Debug/Obj/twi_scanner_pca10040/nrfx_uarte.o
 .text.uarte_irq_handler
                0x00000000000054be      0x18c Output/Debug/Obj/twi_scanner_pca10040/nrfx_uarte.o
 *fill*         0x000000000000564a        0x2 
 .text.nrfx_uarte_0_irq_handler
                0x000000000000564c       0x18 Output/Debug/Obj/twi_scanner_pca10040/nrfx_uarte.o
                0x000000000000564c                nrfx_uarte_0_irq_handler
 .text.nrfx_coredep_delay_us
                0x0000000000005664       0x30 Output/Debug/Obj/twi_scanner_pca10040/main.o
 .text.nrf_gpio_pin_port_decode
                0x0000000000005694       0x30 Output/Debug/Obj/twi_scanner_pca10040/main.o
 .text.nrf_gpio_cfg
                0x00000000000056c4       0x62 Output/Debug/Obj/twi_scanner_pca10040/main.o
 .text.nrf_gpio_cfg_output
                0x0000000000005726       0x22 Output/Debug/Obj/twi_scanner_pca10040/main.o
 .text.nrf_gpio_pin_set
                0x0000000000005748       0x28 Output/Debug/Obj/twi_scanner_pca10040/main.o
 .text.nrf_gpio_port_out_set
                0x0000000000005770       0x14 Output/Debug/Obj/twi_scanner_pca10040/main.o
 .text.nrf_gpio_pin_present_check
                0x0000000000005784       0x40 Output/Debug/Obj/twi_scanner_pca10040/main.o
 .text.nrf_drv_twi_enable
                0x00000000000057c4       0x18 Output/Debug/Obj/twi_scanner_pca10040/main.o
 .text.nrf_drv_twi_rx
                0x00000000000057dc       0x38 Output/Debug/Obj/twi_scanner_pca10040/main.o
 .text.nrf_delay_ms
                0x0000000000005814       0x2a Output/Debug/Obj/twi_scanner_pca10040/main.o
 *fill*         0x000000000000583e        0x2 
 .text.twi_init
                0x0000000000005840       0x64 Output/Debug/Obj/twi_scanner_pca10040/main.o
                0x0000000000005840                twi_init
 .text.main     0x00000000000058a4      0x118 Output/Debug/Obj/twi_scanner_pca10040/main.o
                0x00000000000058a4                main
 .text._DoInit  0x00000000000059bc       0x9c Output/Debug/Obj/twi_scanner_pca10040/SEGGER_RTT.o
 .text._WriteBlocking
                0x0000000000005a58       0xb2 Output/Debug/Obj/twi_scanner_pca10040/SEGGER_RTT.o
 .text._WriteNoCheck
                0x0000000000005b0a       0x7e Output/Debug/Obj/twi_scanner_pca10040/SEGGER_RTT.o
 .text._GetAvailWriteSpace
                0x0000000000005b88       0x3c Output/Debug/Obj/twi_scanner_pca10040/SEGGER_RTT.o
 .text.SEGGER_RTT_WriteNoLock
                0x0000000000005bc4       0xa0 Output/Debug/Obj/twi_scanner_pca10040/SEGGER_RTT.o
                0x0000000000005bc4                SEGGER_RTT_WriteNoLock
 .text.SEGGER_RTT_Init
                0x0000000000005c64        0xa Output/Debug/Obj/twi_scanner_pca10040/SEGGER_RTT.o
                0x0000000000005c64                SEGGER_RTT_Init
 *fill*         0x0000000000005c6e        0x2 
 .text.__NVIC_SystemReset
                0x0000000000005c70       0x28 Output/Debug/Obj/twi_scanner_pca10040/system_nrf52.o
 .text.nrf52_errata_12
                0x0000000000005c98       0x7c Output/Debug/Obj/twi_scanner_pca10040/system_nrf52.o
 .text.nrf52_errata_16
                0x0000000000005d14       0x5c Output/Debug/Obj/twi_scanner_pca10040/system_nrf52.o
 .text.nrf52_errata_31
                0x0000000000005d70       0x7c Output/Debug/Obj/twi_scanner_pca10040/system_nrf52.o
 .text.nrf52_errata_32
                0x0000000000005dec       0x5c Output/Debug/Obj/twi_scanner_pca10040/system_nrf52.o
 .text.nrf52_errata_36
                0x0000000000005e48       0x7c Output/Debug/Obj/twi_scanner_pca10040/system_nrf52.o
 .text.nrf52_errata_37
                0x0000000000005ec4       0x5c Output/Debug/Obj/twi_scanner_pca10040/system_nrf52.o
 .text.nrf52_errata_57
                0x0000000000005f20       0x5c Output/Debug/Obj/twi_scanner_pca10040/system_nrf52.o
 .text.nrf52_errata_66
                0x0000000000005f7c       0x7c Output/Debug/Obj/twi_scanner_pca10040/system_nrf52.o
 .text.nrf52_errata_108
                0x0000000000005ff8       0x7c Output/Debug/Obj/twi_scanner_pca10040/system_nrf52.o
 .text.nrf52_errata_136
                0x0000000000006074       0x7c Output/Debug/Obj/twi_scanner_pca10040/system_nrf52.o
 .text.nrf52_errata_182
                0x00000000000060f0       0x54 Output/Debug/Obj/twi_scanner_pca10040/system_nrf52.o
 .text.SystemCoreClockUpdate
                0x0000000000006144       0x14 Output/Debug/Obj/twi_scanner_pca10040/system_nrf52.o
                0x0000000000006144                SystemCoreClockUpdate
 .text.SystemInit
                0x0000000000006158      0x334 Output/Debug/Obj/twi_scanner_pca10040/system_nrf52.o
                0x0000000000006158                SystemInit
 .text.libc.__RAL_ascii_isctype
                0x000000000000648c       0x1c C:/Program Files/SEGGER/SEGGER Embedded Studio for ARM 5.60a/lib/libc_v7em_fpv4_sp_d16_hard_t_le_eabi.a(libc2.o)
 .text.libc.__RAL_ascii_toupper
                0x00000000000064a8        0xc C:/Program Files/SEGGER/SEGGER Embedded Studio for ARM 5.60a/lib/libc_v7em_fpv4_sp_d16_hard_t_le_eabi.a(libc2.o)
 .text.libc.__RAL_ascii_tolower
                0x00000000000064b4        0xc C:/Program Files/SEGGER/SEGGER Embedded Studio for ARM 5.60a/lib/libc_v7em_fpv4_sp_d16_hard_t_le_eabi.a(libc2.o)
 .text.libc.__RAL_ascii_iswctype
                0x00000000000064c0       0x1c C:/Program Files/SEGGER/SEGGER Embedded Studio for ARM 5.60a/lib/libc_v7em_fpv4_sp_d16_hard_t_le_eabi.a(libc2.o)
 .text.libc.__RAL_ascii_towupper
                0x00000000000064dc        0xc C:/Program Files/SEGGER/SEGGER Embedded Studio for ARM 5.60a/lib/libc_v7em_fpv4_sp_d16_hard_t_le_eabi.a(libc2.o)
 .text.libc.__RAL_ascii_towlower
                0x00000000000064e8        0xc C:/Program Files/SEGGER/SEGGER Embedded Studio for ARM 5.60a/lib/libc_v7em_fpv4_sp_d16_hard_t_le_eabi.a(libc2.o)
 .text.libc.__RAL_ascii_wctomb
                0x00000000000064f4        0xe C:/Program Files/SEGGER/SEGGER Embedded Studio for ARM 5.60a/lib/libc_v7em_fpv4_sp_d16_hard_t_le_eabi.a(libc2.o)
                0x00000000000064f4                __RAL_ascii_wctomb
 .text.libc.__RAL_ascii_mbtowc
                0x0000000000006502       0x24 C:/Program Files/SEGGER/SEGGER Embedded Studio for ARM 5.60a/lib/libc_v7em_fpv4_sp_d16_hard_t_le_eabi.a(libc2.o)
                0x0000000000006502                __RAL_ascii_mbtowc
 *fill*         0x0000000000006526        0x2 
 .text.libc.__RAL_isctype
                0x0000000000006528       0x14 C:/Program Files/SEGGER/SEGGER Embedded Studio for ARM 5.60a/lib/libc_v7em_fpv4_sp_d16_hard_t_le_eabi.a(libc2.o)
                0x0000000000006528                __RAL_isctype
 .text.libc.isprint
                0x000000000000653c        0xa C:/Program Files/SEGGER/SEGGER Embedded Studio for ARM 5.60a/lib/libc_v7em_fpv4_sp_d16_hard_t_le_eabi.a(libc2.o)
                0x000000000000653c                isprint
 .text.libc.memcpy
                0x0000000000006546       0x52 C:/Program Files/SEGGER/SEGGER Embedded Studio for ARM 5.60a/lib/libc_v7em_fpv4_sp_d16_hard_t_le_eabi.a(libc2_asm.o)
                0x0000000000006546                __aeabi_memcpy
                0x0000000000006546                memcpy
                0x0000000000006552                __aeabi_memcpy8
                0x0000000000006552                __aeabi_memcpy4
 .text.libc.strlen
                0x0000000000006598       0x60 C:/Program Files/SEGGER/SEGGER Embedded Studio for ARM 5.60a/lib/libc_v7em_fpv4_sp_d16_hard_t_le_eabi.a(libc2_asm.o)
                0x0000000000006598                strlen
                0x00000000000065f8                __text_end__ = (__text_start__ + SIZEOF (.text))
                0x0000000000006228                __text_size__ = SIZEOF (.text)
                0x00000000000065f8                __text_load_end__ = __text_end__

.vfp11_veneer   0x0000000100000000        0x0
 .vfp11_veneer  0x0000000100000000        0x0 linker stubs

.v4_bx          0x0000000100000000        0x0
 .v4_bx         0x0000000100000000        0x0 linker stubs

.iplt           0x0000000100000000        0x0
 .iplt          0x0000000100000000        0x0 Output/Debug/Obj/twi_scanner_pca10040/thumb_crt0.o
                0x0000000000000001                . = ASSERT (((__text_start__ == __text_end__) || ((__text_end__ - __FLASH_segment_start__) <= __FLASH_segment_size__)), error: .text is too large to fit in FLASH memory segment)
                0x00000000000065f8                __log_const_data_load_start__ = ALIGN (__text_end__, 0x4)

.log_const_data
                0x00000000000065f8       0x28
                0x00000000000065f8                __log_const_data_start__ = .
                0x00000000000065f8                __start_log_const_data = __log_const_data_start__
 *(SORT_BY_NAME(.log_const_data*))
 .log_const_data_PRS
                0x00000000000065f8        0x8 Output/Debug/Obj/twi_scanner_pca10040/nrfx_prs.o
                0x00000000000065f8                m_nrf_log_PRS_logs_data_const
 .log_const_data_TWIM
                0x0000000000006600        0x8 Output/Debug/Obj/twi_scanner_pca10040/nrfx_twim.o
                0x0000000000006600                m_nrf_log_TWIM_logs_data_const
 .log_const_data_UART
                0x0000000000006608        0x8 Output/Debug/Obj/twi_scanner_pca10040/nrfx_uart.o
                0x0000000000006608                m_nrf_log_UART_logs_data_const
 .log_const_data_UARTE
                0x0000000000006610        0x8 Output/Debug/Obj/twi_scanner_pca10040/nrfx_uarte.o
                0x0000000000006610                m_nrf_log_UARTE_logs_data_const
 .log_const_data_app
                0x0000000000006618        0x8 Output/Debug/Obj/twi_scanner_pca10040/nrf_log_frontend.o
                0x0000000000006618                m_nrf_log_app_logs_data_const
                0x0000000000006620                __log_const_data_end__ = (__log_const_data_start__ + SIZEOF (.log_const_data))
                0x0000000000000028                __log_const_data_size__ = SIZEOF (.log_const_data)
                0x0000000000006620                __stop_log_const_data = __log_const_data_end__
                0x0000000000006620                __log_const_data_load_end__ = __log_const_data_end__
                0x0000000000000001                . = ASSERT (((__log_const_data_start__ == __log_const_data_end__) || ((__log_const_data_end__ - __FLASH_segment_start__) <= __FLASH_segment_size__)), error: .log_const_data is too large to fit in FLASH memory segment)
                0x0000000000006620                __log_backends_load_start__ = ALIGN (__log_const_data_end__, 0x4)

.log_backends   0x0000000000006620       0x20
                0x0000000000006620                __log_backends_start__ = .
                0x0000000000006620                __start_log_backends = __log_backends_start__
 *(SORT_BY_NAME(.log_backends*))
 .log_backends  0x0000000000006620       0x20 Output/Debug/Obj/twi_scanner_pca10040/nrf_log_default_backends.o
                0x0000000000006640                __log_backends_end__ = (__log_backends_start__ + SIZEOF (.log_backends))
                0x0000000000000020                __log_backends_size__ = SIZEOF (.log_backends)
                0x0000000000006640                __stop_log_backends = __log_backends_end__
                0x0000000000006640                __log_backends_load_end__ = __log_backends_end__
                0x0000000000000001                . = ASSERT (((__log_backends_start__ == __log_backends_end__) || ((__log_backends_end__ - __FLASH_segment_start__) <= __FLASH_segment_size__)), error: .log_backends is too large to fit in FLASH memory segment)
                0x0000000000006640                __nrf_balloc_load_start__ = ALIGN (__log_backends_end__, 0x4)

.nrf_balloc     0x0000000000006640       0x14
                0x0000000000006640                __nrf_balloc_start__ = .
                0x0000000000006640                __start_nrf_balloc = __nrf_balloc_start__
 *(.nrf_balloc*)
 .nrf_balloc    0x0000000000006640       0x14 Output/Debug/Obj/twi_scanner_pca10040/nrf_log_frontend.o
                0x0000000000006640                log_mempool
                0x0000000000006654                __nrf_balloc_end__ = (__nrf_balloc_start__ + SIZEOF (.nrf_balloc))
                0x0000000000000014                __nrf_balloc_size__ = SIZEOF (.nrf_balloc)
                0x0000000000006654                __stop_nrf_balloc = __nrf_balloc_end__
                0x0000000000006654                __nrf_balloc_load_end__ = __nrf_balloc_end__
                0x0000000000000001                . = ASSERT (((__nrf_balloc_start__ == __nrf_balloc_end__) || ((__nrf_balloc_end__ - __FLASH_segment_start__) <= __FLASH_segment_size__)), error: .nrf_balloc is too large to fit in FLASH memory segment)
                0x0000000000006654                __nrf_sections_load_start__ = ALIGN (__nrf_balloc_end__, 0x4)

.nrf_sections   0x0000000000006654        0x0
                0x0000000000006654                __nrf_sections_start__ = .
                0x0000000000006654                __start_nrf_sections = __nrf_sections_start__
 *(.nrf_sections .nrf_sections.*)
                0x0000000000006654                __nrf_sections_end__ = (__nrf_sections_start__ + SIZEOF (.nrf_sections))
                0x0000000000000000                __nrf_sections_size__ = SIZEOF (.nrf_sections)
                0x0000000000006654                __nrf_sections_load_end__ = __nrf_sections_end__
                0x0000000000000001                . = ASSERT (((__nrf_sections_start__ == __nrf_sections_end__) || ((__nrf_sections_end__ - __FLASH_segment_start__) <= __FLASH_segment_size__)), error: .nrf_sections is too large to fit in FLASH memory segment)
                0x0000000000006654                __log_dynamic_data_load_start__ = ALIGN (__nrf_sections_end__, 0x4)

.log_dynamic_data
                0x0000000020000000        0x0 load address 0x0000000000006654
                0x0000000020000000                __log_dynamic_data_start__ = .
 *(SORT_BY_NAME(.log_dynamic_data*))
                0x0000000020000000                __log_dynamic_data_end__ = (__log_dynamic_data_start__ + SIZEOF (.log_dynamic_data))
                0x0000000000000000                __log_dynamic_data_size__ = SIZEOF (.log_dynamic_data)
                0x0000000000006654                __log_dynamic_data_load_end__ = (__log_dynamic_data_load_start__ + SIZEOF (.log_dynamic_data))
                0x0000000000000001                . = ASSERT (((__log_dynamic_data_load_start__ == __log_dynamic_data_load_end__) || ((__log_dynamic_data_load_end__ - __FLASH_segment_start__) <= __FLASH_segment_size__)), error: .log_dynamic_data is too large to fit in FLASH memory segment)

.log_dynamic_data_run
                0x0000000020000000        0x0
                0x0000000020000000                __log_dynamic_data_run_start__ = .
                0x0000000020000000                __start_log_dynamic_data = __log_dynamic_data_run_start__
                0x0000000020000000                __log_dynamic_data_run_end__ = (__log_dynamic_data_run_start__ + SIZEOF (.log_dynamic_data))
                0x0000000000000000                __log_dynamic_data_run_size__ = (__log_dynamic_data_run_end__ - __log_dynamic_data_run_start__)
                0x0000000020000000                __stop_log_dynamic_data = __log_dynamic_data_run_end__
                0x0000000020000000                __log_dynamic_data_run_load_end__ = __log_dynamic_data_run_end__
                0x0000000000000001                . = ASSERT (((__log_dynamic_data_run_start__ == __log_dynamic_data_run_end__) || ((__log_dynamic_data_run_end__ - __RAM_segment_start__) <= __RAM_segment_size__)), error: .log_dynamic_data_run is too large to fit in RAM memory segment)
                0x0000000000006654                __log_filter_data_load_start__ = ALIGN ((__log_dynamic_data_load_start__ + SIZEOF (.log_dynamic_data)), 0x4)

.log_filter_data
                0x0000000020000000        0x0 load address 0x0000000000006654
                0x0000000020000000                __log_filter_data_start__ = .
 *(SORT_BY_NAME(.log_filter_data*))
                0x0000000020000000                __log_filter_data_end__ = (__log_filter_data_start__ + SIZEOF (.log_filter_data))
                0x0000000000000000                __log_filter_data_size__ = SIZEOF (.log_filter_data)
                0x0000000000006654                __log_filter_data_load_end__ = (__log_filter_data_load_start__ + SIZEOF (.log_filter_data))
                0x0000000000000001                . = ASSERT (((__log_filter_data_load_start__ == __log_filter_data_load_end__) || ((__log_filter_data_load_end__ - __FLASH_segment_start__) <= __FLASH_segment_size__)), error: .log_filter_data is too large to fit in FLASH memory segment)

.log_filter_data_run
                0x0000000020000000        0x0
                0x0000000020000000                __log_filter_data_run_start__ = .
                0x0000000020000000                __start_log_filter_data = __log_filter_data_run_start__
                0x0000000020000000                __log_filter_data_run_end__ = (__log_filter_data_run_start__ + SIZEOF (.log_filter_data))
                0x0000000000000000                __log_filter_data_run_size__ = (__log_filter_data_run_end__ - __log_filter_data_run_start__)
                0x0000000020000000                __stop_log_filter_data = __log_filter_data_run_end__
                0x0000000020000000                __log_filter_data_run_load_end__ = __log_filter_data_run_end__
                0x0000000000000001                . = ASSERT (((__log_filter_data_run_start__ == __log_filter_data_run_end__) || ((__log_filter_data_run_end__ - __RAM_segment_start__) <= __RAM_segment_size__)), error: .log_filter_data_run is too large to fit in RAM memory segment)
                0x0000000020000000                __nrf_sections_run_end_load_start__ = ALIGN (__log_filter_data_run_end__, 0x4)

.nrf_sections_run_end
                0x0000000020000000        0x0
                0x0000000020000000                __nrf_sections_run_end_start__ = .
                0x0000000020000000                __end_nrf_sections_run = __nrf_sections_run_end_start__
 *(.nrf_sections_run_end .nrf_sections_run_end.*)
                0x0000000020000000                __nrf_sections_run_end_end__ = (__nrf_sections_run_end_start__ + SIZEOF (.nrf_sections_run_end))
                0x0000000000000000                __nrf_sections_run_end_size__ = SIZEOF (.nrf_sections_run_end)
                0x0000000020000000                __nrf_sections_run_end_load_end__ = __nrf_sections_run_end_end__
                0x0000000000000001                . = ASSERT (((__nrf_sections_run_end_start__ == __nrf_sections_run_end_end__) || ((__nrf_sections_run_end_end__ - __RAM_segment_start__) <= __RAM_segment_size__)), error: .nrf_sections_run_end is too large to fit in RAM memory segment)
                0x0000000000006654                __dtors_load_start__ = ALIGN ((__log_filter_data_load_start__ + SIZEOF (.log_filter_data)), 0x4)

.dtors          0x0000000000006654        0x0
                0x0000000000006654                __dtors_start__ = .
 *(SORT_BY_NAME(.dtors.*))
 *(.dtors)
 *(.fini_array)
 *(SORT_BY_NAME(.fini_array.*))
                0x0000000000006654                __dtors_end__ = (__dtors_start__ + SIZEOF (.dtors))
                0x0000000000000000                __dtors_size__ = SIZEOF (.dtors)
                0x0000000000006654                __dtors_load_end__ = __dtors_end__
                0x0000000000000001                . = ASSERT (((__dtors_start__ == __dtors_end__) || ((__dtors_end__ - __FLASH_segment_start__) <= __FLASH_segment_size__)), error: .dtors is too large to fit in FLASH memory segment)
                0x0000000000006654                __ctors_load_start__ = ALIGN (__dtors_end__, 0x4)

.ctors          0x0000000000006654        0x0
                0x0000000000006654                __ctors_start__ = .
 *(SORT_BY_NAME(.ctors.*))
 *(.ctors)
 *(.init_array)
 *(SORT_BY_NAME(.init_array.*))
                0x0000000000006654                __ctors_end__ = (__ctors_start__ + SIZEOF (.ctors))
                0x0000000000000000                __ctors_size__ = SIZEOF (.ctors)
                0x0000000000006654                __ctors_load_end__ = __ctors_end__
                0x0000000000000001                . = ASSERT (((__ctors_start__ == __ctors_end__) || ((__ctors_end__ - __FLASH_segment_start__) <= __FLASH_segment_size__)), error: .ctors is too large to fit in FLASH memory segment)
                0x0000000000006654                __rodata_load_start__ = ALIGN (__ctors_end__, 0x4)

.rodata         0x0000000000006654      0xfaa
                0x0000000000006654                __rodata_start__ = .
 *(.rodata .rodata.* .gnu.linkonce.r.*)
 .rodata.nrf_log_backend_rtt_api
                0x0000000000006654        0xc Output/Debug/Obj/twi_scanner_pca10040/nrf_log_backend_rtt.o
                0x0000000000006654                nrf_log_backend_rtt_api
 .rodata.delay_machine_code.0
                0x0000000000006660        0x6 Output/Debug/Obj/twi_scanner_pca10040/nrf_log_backend_rtt.o
 *fill*         0x0000000000006666        0x2 
 .rodata        0x0000000000006668       0x80 Output/Debug/Obj/twi_scanner_pca10040/nrf_log_backend_uart.o
 .rodata.nrf_log_backend_uart_api
                0x00000000000066e8        0xc Output/Debug/Obj/twi_scanner_pca10040/nrf_log_backend_uart.o
                0x00000000000066e8                nrf_log_backend_uart_api
 .rodata        0x00000000000066f4       0x85 Output/Debug/Obj/twi_scanner_pca10040/nrf_log_default_backends.o
 *fill*         0x0000000000006779        0x3 
 .rodata.m_log_push_ringbuf
                0x000000000000677c        0xc Output/Debug/Obj/twi_scanner_pca10040/nrf_log_frontend.o
 .rodata        0x0000000000006788       0x71 Output/Debug/Obj/twi_scanner_pca10040/nrf_log_frontend.o
 *fill*         0x00000000000067f9        0x3 
 .rodata        0x00000000000067fc       0xaa Output/Debug/Obj/twi_scanner_pca10040/nrf_log_str_formatter.o
 *fill*         0x00000000000068a6        0x2 
 .rodata        0x00000000000068a8       0x70 Output/Debug/Obj/twi_scanner_pca10040/app_error_weak.o
 .rodata        0x0000000000006918       0x57 Output/Debug/Obj/twi_scanner_pca10040/app_util_platform.o
 *fill*         0x000000000000696f        0x1 
 .rodata        0x0000000000006970       0x52 Output/Debug/Obj/twi_scanner_pca10040/nrf_balloc.o
 *fill*         0x00000000000069c2        0x2 
 .rodata        0x00000000000069c4       0x48 Output/Debug/Obj/twi_scanner_pca10040/nrf_fprintf.o
 .rodata        0x0000000000006a0c       0x4f Output/Debug/Obj/twi_scanner_pca10040/nrf_fprintf_format.o
 *fill*         0x0000000000006a5b        0x1 
 .rodata._aV2C.0
                0x0000000000006a5c       0x10 Output/Debug/Obj/twi_scanner_pca10040/nrf_fprintf_format.o
 .rodata        0x0000000000006a6c       0x52 Output/Debug/Obj/twi_scanner_pca10040/nrf_memobj.o
 *fill*         0x0000000000006abe        0x2 
 .rodata.m_unknown_str
                0x0000000000006ac0       0x13 Output/Debug/Obj/twi_scanner_pca10040/nrf_strerror.o
 *fill*         0x0000000000006ad3        0x1 
 .rodata        0x0000000000006ad4      0x3e9 Output/Debug/Obj/twi_scanner_pca10040/nrf_strerror.o
 *fill*         0x0000000000006ebd        0x3 
 .rodata.nrf_strerror_array
                0x0000000000006ec0      0x128 Output/Debug/Obj/twi_scanner_pca10040/nrf_strerror.o
 .rodata        0x0000000000006fe8       0x2e Output/Debug/Obj/twi_scanner_pca10040/nrf_drv_twi.o
 *fill*         0x0000000000007016        0xa 
 .rodata.delay_machine_code.0
                0x0000000000007020        0x6 Output/Debug/Obj/twi_scanner_pca10040/nrf_drv_twi.o
 *fill*         0x0000000000007026        0x2 
 .rodata        0x0000000000007028       0x55 Output/Debug/Obj/twi_scanner_pca10040/nrfx_prs.o
 *fill*         0x000000000000707d        0x3 
 .rodata        0x0000000000007080       0xb6 Output/Debug/Obj/twi_scanner_pca10040/nrfx_twim.o
 *fill*         0x0000000000007136        0x2 
 .rodata.irq_handlers.0
                0x0000000000007138        0x8 Output/Debug/Obj/twi_scanner_pca10040/nrfx_twim.o
 .rodata        0x0000000000007140       0xb6 Output/Debug/Obj/twi_scanner_pca10040/nrfx_uart.o
 *fill*         0x00000000000071f6        0x2 
 .rodata.irq_handlers.0
                0x00000000000071f8        0x4 Output/Debug/Obj/twi_scanner_pca10040/nrfx_uart.o
 .rodata        0x00000000000071fc       0xb7 Output/Debug/Obj/twi_scanner_pca10040/nrfx_uarte.o
 *fill*         0x00000000000072b3        0x1 
 .rodata.irq_handlers.0
                0x00000000000072b4        0x4 Output/Debug/Obj/twi_scanner_pca10040/nrfx_uarte.o
 .rodata        0x00000000000072b8       0xd5 Output/Debug/Obj/twi_scanner_pca10040/main.o
 *fill*         0x000000000000738d        0x3 
 .rodata.m_twi  0x0000000000007390       0x10 Output/Debug/Obj/twi_scanner_pca10040/main.o
 .rodata.delay_machine_code.0
                0x00000000000073a0        0x6 Output/Debug/Obj/twi_scanner_pca10040/main.o
 *fill*         0x00000000000073a6        0x2 
 .rodata        0x00000000000073a8       0x17 Output/Debug/Obj/twi_scanner_pca10040/SEGGER_RTT.o
 *fill*         0x00000000000073bf        0x1 
 .rodata.libc.__RAL_find_locale.str1.4
                0x00000000000073c0        0xa C:/Program Files/SEGGER/SEGGER Embedded Studio for ARM 5.60a/lib/libc_v7em_fpv4_sp_d16_hard_t_le_eabi.a(libc2.o)
 *fill*         0x00000000000073ca        0x2 
 .rodata.libc.__RAL_ascii_ctype_map
                0x00000000000073cc       0x80 C:/Program Files/SEGGER/SEGGER Embedded Studio for ARM 5.60a/lib/libc_v7em_fpv4_sp_d16_hard_t_le_eabi.a(libc2.o)
                0x00000000000073cc                __RAL_ascii_ctype_map
 .rodata.libc.__RAL_ascii_ctype_mask
                0x000000000000744c        0xd C:/Program Files/SEGGER/SEGGER Embedded Studio for ARM 5.60a/lib/libc_v7em_fpv4_sp_d16_hard_t_le_eabi.a(libc2.o)
 *fill*         0x0000000000007459        0x3 
 .rodata.libc.__RAL_c_locale
                0x000000000000745c        0xc C:/Program Files/SEGGER/SEGGER Embedded Studio for ARM 5.60a/lib/libc_v7em_fpv4_sp_d16_hard_t_le_eabi.a(libc2.o)
                0x000000000000745c                __RAL_c_locale
 .rodata.libc.__RAL_c_locale_abbrev_day_names
                0x0000000000007468       0x1d C:/Program Files/SEGGER/SEGGER Embedded Studio for ARM 5.60a/lib/libc_v7em_fpv4_sp_d16_hard_t_le_eabi.a(libc2.o)
                0x0000000000007468                __RAL_c_locale_abbrev_day_names
 *fill*         0x0000000000007485        0x3 
 .rodata.libc.__RAL_c_locale_abbrev_month_names
                0x0000000000007488       0x31 C:/Program Files/SEGGER/SEGGER Embedded Studio for ARM 5.60a/lib/libc_v7em_fpv4_sp_d16_hard_t_le_eabi.a(libc2.o)
                0x0000000000007488                __RAL_c_locale_abbrev_month_names
 *fill*         0x00000000000074b9        0x3 
 .rodata.libc.__RAL_c_locale_am_pm_indicator
                0x00000000000074bc        0x7 C:/Program Files/SEGGER/SEGGER Embedded Studio for ARM 5.60a/lib/libc_v7em_fpv4_sp_d16_hard_t_le_eabi.a(libc2.o)
                0x00000000000074bc                __RAL_c_locale_am_pm_indicator
 *fill*         0x00000000000074c3        0x1 
 .rodata.libc.__RAL_c_locale_data
                0x00000000000074c4       0x58 C:/Program Files/SEGGER/SEGGER Embedded Studio for ARM 5.60a/lib/libc_v7em_fpv4_sp_d16_hard_t_le_eabi.a(libc2.o)
                0x00000000000074c4                __RAL_c_locale_data
 .rodata.libc.__RAL_c_locale_date_format
                0x000000000000751c        0x9 C:/Program Files/SEGGER/SEGGER Embedded Studio for ARM 5.60a/lib/libc_v7em_fpv4_sp_d16_hard_t_le_eabi.a(libc2.o)
                0x000000000000751c                __RAL_c_locale_date_format
 *fill*         0x0000000000007525        0x3 
 .rodata.libc.__RAL_c_locale_date_time_format
                0x0000000000007528        0xf C:/Program Files/SEGGER/SEGGER Embedded Studio for ARM 5.60a/lib/libc_v7em_fpv4_sp_d16_hard_t_le_eabi.a(libc2.o)
                0x0000000000007528                __RAL_c_locale_date_time_format
 *fill*         0x0000000000007537        0x1 
 .rodata.libc.__RAL_c_locale_day_names
                0x0000000000007538       0x3a C:/Program Files/SEGGER/SEGGER Embedded Studio for ARM 5.60a/lib/libc_v7em_fpv4_sp_d16_hard_t_le_eabi.a(libc2.o)
                0x0000000000007538                __RAL_c_locale_day_names
 *fill*         0x0000000000007572        0x2 
 .rodata.libc.__RAL_c_locale_month_names
                0x0000000000007574       0x57 C:/Program Files/SEGGER/SEGGER Embedded Studio for ARM 5.60a/lib/libc_v7em_fpv4_sp_d16_hard_t_le_eabi.a(libc2.o)
                0x0000000000007574                __RAL_c_locale_month_names
 *fill*         0x00000000000075cb        0x1 
 .rodata.libc.__RAL_c_locale_time_format
                0x00000000000075cc        0x9 C:/Program Files/SEGGER/SEGGER Embedded Studio for ARM 5.60a/lib/libc_v7em_fpv4_sp_d16_hard_t_le_eabi.a(libc2.o)
                0x00000000000075cc                __RAL_c_locale_time_format
 *fill*         0x00000000000075d5        0x3 
 .rodata.libc.__RAL_codeset_ascii
                0x00000000000075d8       0x20 C:/Program Files/SEGGER/SEGGER Embedded Studio for ARM 5.60a/lib/libc_v7em_fpv4_sp_d16_hard_t_le_eabi.a(libc2.o)
                0x00000000000075d8                __RAL_codeset_ascii
 .rodata.libc.__RAL_data_empty_string
                0x00000000000075f8        0x1 C:/Program Files/SEGGER/SEGGER Embedded Studio for ARM 5.60a/lib/libc_v7em_fpv4_sp_d16_hard_t_le_eabi.a(libc2.o)
                0x00000000000075f8                __RAL_data_empty_string
 *fill*         0x00000000000075f9        0x3 
 .rodata.libc.__RAL_data_utf8_period
                0x00000000000075fc        0x2 C:/Program Files/SEGGER/SEGGER Embedded Studio for ARM 5.60a/lib/libc_v7em_fpv4_sp_d16_hard_t_le_eabi.a(libc2.o)
                0x00000000000075fc                __RAL_data_utf8_period
                0x00000000000075fe                __rodata_end__ = (__rodata_start__ + SIZEOF (.rodata))
                0x0000000000000faa                __rodata_size__ = SIZEOF (.rodata)
                0x00000000000075fe                __rodata_load_end__ = __rodata_end__

.rel.dyn        0x0000000000007600        0x0
 .rel.iplt      0x0000000000007600        0x0 Output/Debug/Obj/twi_scanner_pca10040/thumb_crt0.o
                0x0000000000000001                . = ASSERT (((__rodata_start__ == __rodata_end__) || ((__rodata_end__ - __FLASH_segment_start__) <= __FLASH_segment_size__)), error: .rodata is too large to fit in FLASH memory segment)
                0x0000000000007600                __ARM.exidx_load_start__ = ALIGN (__rodata_end__, 0x4)

.ARM.exidx      0x0000000000007600        0x0
                0x0000000000007600                __ARM.exidx_start__ = .
                0x0000000000007600                __exidx_start = __ARM.exidx_start__
 *(.ARM.exidx .ARM.exidx.*)
                0x0000000000007600                __ARM.exidx_end__ = (__ARM.exidx_start__ + SIZEOF (.ARM.exidx))
                0x0000000000000000                __ARM.exidx_size__ = SIZEOF (.ARM.exidx)
                0x0000000000007600                __exidx_end = __ARM.exidx_end__
                0x0000000000007600                __ARM.exidx_load_end__ = __ARM.exidx_end__
                0x0000000000000001                . = ASSERT (((__ARM.exidx_start__ == __ARM.exidx_end__) || ((__ARM.exidx_end__ - __FLASH_segment_start__) <= __FLASH_segment_size__)), error: .ARM.exidx is too large to fit in FLASH memory segment)
                0x0000000000007600                __fast_load_start__ = ALIGN (__ARM.exidx_end__, 0x4)

.fast           0x0000000020000000        0x0 load address 0x0000000000007600
                0x0000000020000000                __fast_start__ = .
 *(.fast .fast.*)
                0x0000000020000000                __fast_end__ = (__fast_start__ + SIZEOF (.fast))
                0x0000000000000000                __fast_size__ = SIZEOF (.fast)
                0x0000000000007600                __fast_load_end__ = (__fast_load_start__ + SIZEOF (.fast))
                0x0000000000000001                . = ASSERT (((__fast_load_start__ == __fast_load_end__) || ((__fast_load_end__ - __FLASH_segment_start__) <= __FLASH_segment_size__)), error: .fast is too large to fit in FLASH memory segment)

.fast_run       0x0000000020000000        0x0
                0x0000000020000000                __fast_run_start__ = .
                0x0000000020000000                __fast_run_end__ = (__fast_run_start__ + SIZEOF (.fast))
                0x0000000000000000                __fast_run_size__ = (__fast_run_end__ - __fast_run_start__)
                0x0000000020000000                __fast_run_load_end__ = __fast_run_end__
                0x0000000000000001                . = ASSERT (((__fast_run_start__ == __fast_run_end__) || ((__fast_run_end__ - __RAM_segment_start__) <= __RAM_segment_size__)), error: .fast_run is too large to fit in RAM memory segment)
                0x0000000000007600                __data_load_start__ = ALIGN ((__fast_load_start__ + SIZEOF (.fast)), 0x4)

.data           0x0000000020000000       0x78 load address 0x0000000000007600
                0x0000000020000000                __data_start__ = .
 *(.data .data.* .gnu.linkonce.d.*)
 .data.m_uart   0x0000000020000000       0x14 Output/Debug/Obj/twi_scanner_pca10040/nrf_log_backend_uart.o
                0x0000000020000000                m_uart
 .data.log_backend_cb_rtt_log_backend
                0x0000000020000014        0x8 Output/Debug/Obj/twi_scanner_pca10040/nrf_log_default_backends.o
 .data.log_backend_cb_uart_log_backend
                0x000000002000001c        0x8 Output/Debug/Obj/twi_scanner_pca10040/nrf_log_default_backends.o
 .data.m_buffer_mask
                0x0000000020000024        0x4 Output/Debug/Obj/twi_scanner_pca10040/nrf_log_frontend.o
 .data.severity_names
                0x0000000020000028       0x14 Output/Debug/Obj/twi_scanner_pca10040/nrf_log_str_formatter.o
 .data.m_colors
                0x000000002000003c       0x24 Output/Debug/Obj/twi_scanner_pca10040/nrf_log_str_formatter.o
 .data.SystemCoreClock
                0x0000000020000060        0x4 Output/Debug/Obj/twi_scanner_pca10040/system_nrf52.o
                0x0000000020000060                SystemCoreClock
 .data.libc.__RAL_global_locale
                0x0000000020000064       0x14 C:/Program Files/SEGGER/SEGGER Embedded Studio for ARM 5.60a/lib/libc_v7em_fpv4_sp_d16_hard_t_le_eabi.a(libc2.o)
                0x0000000020000064                __RAL_global_locale
                0x0000000020000078                __data_end__ = (__data_start__ + SIZEOF (.data))
                0x0000000000000078                __data_size__ = SIZEOF (.data)
                0x0000000000007678                __data_load_end__ = (__data_load_start__ + SIZEOF (.data))

.igot.plt       0x0000000100000000        0x0
 .igot.plt      0x0000000100000000        0x0 Output/Debug/Obj/twi_scanner_pca10040/thumb_crt0.o
                0x0000000000000001                . = ASSERT (((__data_load_start__ == __data_load_end__) || ((__data_load_end__ - __FLASH_segment_start__) <= __FLASH_segment_size__)), error: .data is too large to fit in FLASH memory segment)

.data_run       0x0000000020000000        0x0
                0x0000000020000000                __data_run_start__ = .
                0x0000000020000078                __data_run_end__ = (__data_run_start__ + SIZEOF (.data))
                0x0000000000000078                __data_run_size__ = (__data_run_end__ - __data_run_start__)
                0x0000000020000078                __data_run_load_end__ = __data_run_end__
                0x0000000000000001                . = ASSERT (((__data_run_start__ == __data_run_end__) || ((__data_run_end__ - __RAM_segment_start__) <= __RAM_segment_size__)), error: .data_run is too large to fit in RAM memory segment)
                0x0000000000007678                __tdata_load_start__ = ALIGN ((__data_load_start__ + SIZEOF (.data)), 0x4)

.tdata          0x0000000020000078        0x0 load address 0x0000000000007678
                0x0000000020000078                __tdata_start__ = .
 *(.tdata .tdata.*)
                0x0000000020000078                __tdata_end__ = (__tdata_start__ + SIZEOF (.tdata))
                0x0000000000000000                __tdata_size__ = SIZEOF (.tdata)
                0x0000000000007678                __tdata_load_end__ = (__tdata_load_start__ + SIZEOF (.tdata))
                0x0000000000007678                __FLASH_segment_used_end__ = (ALIGN ((__data_load_start__ + SIZEOF (.data)), 0x4) + SIZEOF (.tdata))
                0x0000000000007678                __FLASH_segment_used_size__ = (__FLASH_segment_used_end__ - __FLASH_segment_start__)
                0x0000000000000001                . = ASSERT (((__tdata_load_start__ == __tdata_load_end__) || ((__tdata_load_end__ - __FLASH_segment_start__) <= __FLASH_segment_size__)), error: .tdata is too large to fit in FLASH memory segment)

.tdata_run      0x0000000020000078        0x0
                0x0000000020000078                __tdata_run_start__ = .
                0x0000000020000078                __tdata_run_end__ = (__tdata_run_start__ + SIZEOF (.tdata))
                0x0000000000000000                __tdata_run_size__ = (__tdata_run_end__ - __tdata_run_start__)
                0x0000000020000078                __tdata_run_load_end__ = __tdata_run_end__
                0x0000000000000001                . = ASSERT (((__tdata_run_start__ == __tdata_run_end__) || ((__tdata_run_end__ - __RAM_segment_start__) <= __RAM_segment_size__)), error: .tdata_run is too large to fit in RAM memory segment)
                0x0000000020000078                __bss_load_start__ = ALIGN (__tdata_run_end__, 0x4)

.bss            0x0000000020000078      0x998
                0x0000000020000078                __bss_start__ = .
 *(.bss .bss.* .gnu.linkonce.b.*)
 .bss.m_host_present
                0x0000000020000078        0x1 Output/Debug/Obj/twi_scanner_pca10040/nrf_log_backend_rtt.o
 *fill*         0x0000000020000079        0x3 
 .bss.m_string_buff
                0x000000002000007c       0x40 Output/Debug/Obj/twi_scanner_pca10040/nrf_log_backend_rtt.o
 .bss.m_string_buff
                0x00000000200000bc       0x40 Output/Debug/Obj/twi_scanner_pca10040/nrf_log_backend_uart.o
 .bss.m_xfer_done
                0x00000000200000fc        0x1 Output/Debug/Obj/twi_scanner_pca10040/nrf_log_backend_uart.o
 .bss.m_async_mode
                0x00000000200000fd        0x1 Output/Debug/Obj/twi_scanner_pca10040/nrf_log_backend_uart.o
 *fill*         0x00000000200000fe        0x2 
 .bss.log_mempool_nrf_balloc_pool_stack
                0x0000000020000100        0x8 Output/Debug/Obj/twi_scanner_pca10040/nrf_log_frontend.o
 .bss.log_mempool_nrf_balloc_pool_mem
                0x0000000020000108       0xc0 Output/Debug/Obj/twi_scanner_pca10040/nrf_log_frontend.o
 .bss.log_mempool_nrf_balloc_cb
                0x00000000200001c8        0x8 Output/Debug/Obj/twi_scanner_pca10040/nrf_log_frontend.o
 .bss.m_log_push_ringbuf_buf
                0x00000000200001d0       0x80 Output/Debug/Obj/twi_scanner_pca10040/nrf_log_frontend.o
 .bss.m_log_push_ringbuf_cb
                0x0000000020000250       0x18 Output/Debug/Obj/twi_scanner_pca10040/nrf_log_frontend.o
 .bss.m_log_data
                0x0000000020000268      0x420 Output/Debug/Obj/twi_scanner_pca10040/nrf_log_frontend.o
 .bss.m_error_data.0
                0x0000000020000688       0x20 Output/Debug/Obj/twi_scanner_pca10040/app_error.o
 .bss.m_in_critical_region
                0x00000000200006a8        0x4 Output/Debug/Obj/twi_scanner_pca10040/app_util_platform.o
 .bss.m_handlers
                0x00000000200006ac        0x8 Output/Debug/Obj/twi_scanner_pca10040/nrf_drv_twi.o
 .bss.m_contexts
                0x00000000200006b4        0x8 Output/Debug/Obj/twi_scanner_pca10040/nrf_drv_twi.o
 .bss.m_handlers
                0x00000000200006bc        0x4 Output/Debug/Obj/twi_scanner_pca10040/nrf_drv_uart.o
 .bss.m_contexts
                0x00000000200006c0        0x4 Output/Debug/Obj/twi_scanner_pca10040/nrf_drv_uart.o
 .bss.nrf_drv_uart_use_easy_dma
                0x00000000200006c4        0x1 Output/Debug/Obj/twi_scanner_pca10040/nrf_drv_uart.o
                0x00000000200006c4                nrf_drv_uart_use_easy_dma
 *fill*         0x00000000200006c5        0x3 
 .bss.m_prs_box_4
                0x00000000200006c8        0x8 Output/Debug/Obj/twi_scanner_pca10040/nrfx_prs.o
 .bss.m_cb      0x00000000200006d0       0x68 Output/Debug/Obj/twi_scanner_pca10040/nrfx_twim.o
 .bss.m_cb      0x0000000020000738       0x2c Output/Debug/Obj/twi_scanner_pca10040/nrfx_uart.o
 .bss.m_cb      0x0000000020000764       0x24 Output/Debug/Obj/twi_scanner_pca10040/nrfx_uarte.o
 .bss._SEGGER_RTT
                0x0000000020000788       0x78 Output/Debug/Obj/twi_scanner_pca10040/SEGGER_RTT.o
                0x0000000020000788                _SEGGER_RTT
 .bss._acUpBuffer
                0x0000000020000800      0x200 Output/Debug/Obj/twi_scanner_pca10040/SEGGER_RTT.o
 .bss._acDownBuffer
                0x0000000020000a00       0x10 Output/Debug/Obj/twi_scanner_pca10040/SEGGER_RTT.o
 *(COMMON)
                0x0000000020000a10                __bss_end__ = (__bss_start__ + SIZEOF (.bss))
                0x0000000000000998                __bss_size__ = SIZEOF (.bss)
                0x0000000020000a10                __bss_load_end__ = __bss_end__
                0x0000000000000001                . = ASSERT (((__bss_start__ == __bss_end__) || ((__bss_end__ - __RAM_segment_start__) <= __RAM_segment_size__)), error: .bss is too large to fit in RAM memory segment)
                0x0000000020000a10                __tbss_load_start__ = ALIGN (__bss_end__, 0x4)

.tbss           0x0000000020000a10        0x0
                0x0000000020000a10                __tbss_start__ = .
 *(.tbss .tbss.*)
                0x0000000020000a10                __tbss_end__ = (__tbss_start__ + SIZEOF (.tbss))
                0x0000000000000000                __tbss_size__ = SIZEOF (.tbss)
                0x0000000020000a10                __tbss_load_end__ = __tbss_end__
                0x0000000000000001                . = ASSERT (((__tbss_start__ == __tbss_end__) || ((__tbss_end__ - __RAM_segment_start__) <= __RAM_segment_size__)), error: .tbss is too large to fit in RAM memory segment)
                0x0000000020000a10                __non_init_load_start__ = ALIGN (__tbss_end__, 0x4)

.non_init       0x0000000020000a10        0x0
                0x0000000020000a10                __non_init_start__ = .
 *(.non_init .non_init.*)
                0x0000000020000a10                __non_init_end__ = (__non_init_start__ + SIZEOF (.non_init))
                0x0000000000000000                __non_init_size__ = SIZEOF (.non_init)
                0x0000000020000a10                __non_init_load_end__ = __non_init_end__
                0x0000000000000001                . = ASSERT (((__non_init_start__ == __non_init_end__) || ((__non_init_end__ - __RAM_segment_start__) <= __RAM_segment_size__)), error: .non_init is too large to fit in RAM memory segment)
                0x0000000020000a10                __heap_load_start__ = ALIGN (__non_init_end__, 0x4)

.heap           0x0000000020000a10     0x2000
                0x0000000020000a10                __heap_start__ = .
 *(.heap .heap.*)
                0x0000000020002a10                . = ALIGN (MAX ((__heap_start__ + __HEAPSIZE__), .), 0x4)
 *fill*         0x0000000020000a10     0x2000 
                0x0000000020002a10                __heap_end__ = (__heap_start__ + SIZEOF (.heap))
                0x0000000000002000                __heap_size__ = SIZEOF (.heap)
                0x0000000020002a10                __heap_load_end__ = __heap_end__
                0x0000000000000001                . = ASSERT (((__heap_start__ == __heap_end__) || ((__heap_end__ - __RAM_segment_start__) <= __RAM_segment_size__)), error: .heap is too large to fit in RAM memory segment)
                0x000000002000e000                __stack_load_start__ = (__RAM_segment_start__ + (__RAM_segment_size__ - 0x2000))

.stack          0x000000002000e000     0x2000
                0x000000002000e000                __stack_start__ = .
                0x000000002000e000                __StackLimit = __stack_start__
 *(.stack .stack.*)
                0x0000000020010000                . = ALIGN (MAX ((__stack_start__ + __STACKSIZE__), .), 0x8)
 *fill*         0x000000002000e000     0x2000 
                0x0000000020010000                __stack_end__ = (__stack_start__ + SIZEOF (.stack))
                0x0000000000002000                __stack_size__ = SIZEOF (.stack)
                0x0000000020010000                __StackTop = __stack_end__
                0x0000000020010000                __stack_load_end__ = __stack_end__
                0x0000000000000001                . = ASSERT (((__stack_start__ == __stack_end__) || ((__stack_end__ - __RAM_segment_start__) <= __RAM_segment_size__)), error: .stack is too large to fit in RAM memory segment)
                0x0000000000000001                . = ASSERT ((__heap_end__ <= __stack_start__), error: section .heap overlaps absolute placed section .stack)
                0x0000000020010000                __stack_process_load_start__ = ALIGN (__stack_end__, 0x8)

.stack_process  0x0000000020010000        0x0
                0x0000000020010000                __stack_process_start__ = .
 *(.stack_process .stack_process.*)
                0x0000000020010000                . = ALIGN (MAX ((__stack_process_start__ + __STACKSIZE_PROCESS__), .), 0x8)
                0x0000000020010000                __stack_process_end__ = (__stack_process_start__ + SIZEOF (.stack_process))
                0x0000000000000000                __stack_process_size__ = SIZEOF (.stack_process)
                0x0000000020010000                __stack_process_load_end__ = __stack_process_end__
                0x0000000020010000                __RAM_segment_used_end__ = (ALIGN (__stack_end__, 0x8) + SIZEOF (.stack_process))
                0x0000000000010000                __RAM_segment_used_size__ = (__RAM_segment_used_end__ - __RAM_segment_start__)
                0x0000000000000001                . = ASSERT (((__stack_process_start__ == __stack_process_end__) || ((__stack_process_end__ - __RAM_segment_start__) <= __RAM_segment_size__)), error: .stack_process is too large to fit in RAM memory segment)
START GROUP
LOAD Output/Debug/Obj/twi_scanner_pca10040/thumb_crt0.o
LOAD Output/Debug/Obj/twi_scanner_pca10040/nrf_log_backend_rtt.o
LOAD Output/Debug/Obj/twi_scanner_pca10040/nrf_log_backend_serial.o
LOAD Output/Debug/Obj/twi_scanner_pca10040/nrf_log_backend_uart.o
LOAD Output/Debug/Obj/twi_scanner_pca10040/nrf_log_default_backends.o
LOAD Output/Debug/Obj/twi_scanner_pca10040/nrf_log_frontend.o
LOAD Output/Debug/Obj/twi_scanner_pca10040/nrf_log_str_formatter.o
LOAD Output/Debug/Obj/twi_scanner_pca10040/boards.o
LOAD Output/Debug/Obj/twi_scanner_pca10040/app_error.o
LOAD Output/Debug/Obj/twi_scanner_pca10040/app_error_handler_gcc.o
LOAD Output/Debug/Obj/twi_scanner_pca10040/app_error_weak.o
LOAD Output/Debug/Obj/twi_scanner_pca10040/app_util_platform.o
LOAD Output/Debug/Obj/twi_scanner_pca10040/nrf_assert.o
LOAD Output/Debug/Obj/twi_scanner_pca10040/nrf_atomic.o
LOAD Output/Debug/Obj/twi_scanner_pca10040/nrf_balloc.o
LOAD Output/Debug/Obj/twi_scanner_pca10040/nrf_fprintf.o
LOAD Output/Debug/Obj/twi_scanner_pca10040/nrf_fprintf_format.o
LOAD Output/Debug/Obj/twi_scanner_pca10040/nrf_memobj.o
LOAD Output/Debug/Obj/twi_scanner_pca10040/nrf_ringbuf.o