Archive member included to satisfy reference by file (symbol)

C:\Projects\Ananke\Firmware\Tablet_FreeRTOS\lpc17xx.cmsis.driver.library\Debug\liblpc17xx.cmsis.driver.library.a(lpc17xx_gpio.o)
                              ./Source/Examples/SSP/SPI-writes-to-7-seg-display.o (GPIO_SetDir)
C:\Projects\Ananke\Firmware\Tablet_FreeRTOS\lpc17xx.cmsis.driver.library\Debug\liblpc17xx.cmsis.driver.library.a(lpc17xx_i2c.o)
                              ./Source/FreeRTOS-Products/FreeRTOS-Plus-IO/Device/LPC17xx/FreeRTOS_lpc17xx_i2c.o (I2C_Stop)
C:\Projects\Ananke\Firmware\Tablet_FreeRTOS\lpc17xx.cmsis.driver.library\Debug\liblpc17xx.cmsis.driver.library.a(lpc17xx_libcfg_default.o)
                              C:\Projects\Ananke\Firmware\Tablet_FreeRTOS\lpc17xx.cmsis.driver.library\Debug\liblpc17xx.cmsis.driver.library.a(lpc17xx_i2c.o) (check_failed)
C:\Projects\Ananke\Firmware\Tablet_FreeRTOS\lpc17xx.cmsis.driver.library\Debug\liblpc17xx.cmsis.driver.library.a(lpc17xx_pinsel.o)
                              ./Source/FreeRTOS-Products/FreeRTOS-Plus-IO/Device/LPC17xx/FreeRTOS_lpc17xx_i2c.o (PINSEL_ConfigPin)
C:\Projects\Ananke\Firmware\Tablet_FreeRTOS\lpc17xx.cmsis.driver.library\Debug\liblpc17xx.cmsis.driver.library.a(lpc17xx_ssp.o)
                              ./Source/FreeRTOS-Products/FreeRTOS-Plus-IO/Device/LPC17xx/FreeRTOS_lpc17xx_ssp.o (SSP_Init)
C:\Projects\Ananke\Firmware\Tablet_FreeRTOS\lpc17xx.cmsis.driver.library\Debug\liblpc17xx.cmsis.driver.library.a(lpc17xx_uart.o)
                              ./Source/FreeRTOS-Products/FreeRTOS-Plus-IO/Device/LPC17xx/FreeRTOS_lpc17xx_uart.o (UART_Init)
C:\Projects\Ananke\Firmware\Tablet_FreeRTOS\lpc17xx.cmsis.driver.library\Debug\liblpc17xx.cmsis.driver.library.a(lpc17xx_clkpwr.o)
                              C:\Projects\Ananke\Firmware\Tablet_FreeRTOS\lpc17xx.cmsis.driver.library\Debug\liblpc17xx.cmsis.driver.library.a(lpc17xx_i2c.o) (CLKPWR_SetPCLKDiv)
C:\Projects\Ananke\Firmware\Tablet_FreeRTOS\CMSISv2p00_LPC17xx\Debug\libCMSISv2p00_LPC17xx.a(system_LPC17xx.o)
                              ./Source/cr_startup_lpc176x.o (SystemInit)
c:/nxp/lpcxpresso_8.2.2_650/lpcxpresso/tools/bin/../lib/gcc/arm-none-eabi/5.4.1/../../../../arm-none-eabi/lib/armv7-m\libcr_nohost.a(_cr__main.o)
                              ./Source/cr_startup_lpc176x.o (__main)
c:/nxp/lpcxpresso_8.2.2_650/lpcxpresso/tools/bin/../lib/gcc/arm-none-eabi/5.4.1/../../../../arm-none-eabi/lib/armv7-m\libcr_c.a(memcpy.o)
                              ./Source/FreeRTOS-Products/FreeRTOS-Plus-IO/Common/IOUtils_CircularBufferRx.o (memcpy)
c:/nxp/lpcxpresso_8.2.2_650/lpcxpresso/tools/bin/../lib/gcc/arm-none-eabi/5.4.1/../../../../arm-none-eabi/lib/armv7-m\libcr_c.a(memset.o)
                              ./Source/FreeRTOS-Products/FreeRTOS/tasks.o (memset)
c:/nxp/lpcxpresso_8.2.2_650/lpcxpresso/tools/bin/../lib/gcc/arm-none-eabi/5.4.1/../../../../arm-none-eabi/lib/armv7-m\libcr_c.a(initio.o)
                              c:/nxp/lpcxpresso_8.2.2_650/lpcxpresso/tools/bin/../lib/gcc/arm-none-eabi/5.4.1/../../../../arm-none-eabi/lib/armv7-m\libcr_nohost.a(_cr__main.o) (_initio)
c:/nxp/lpcxpresso_8.2.2_650/lpcxpresso/tools/bin/../lib/gcc/arm-none-eabi/5.4.1/../../../../arm-none-eabi/lib/armv7-m\libcr_c.a(memcmp.o)
                              ./Source/FreeRTOS-Products/FreeRTOS/tasks.o (memcmp)
c:/nxp/lpcxpresso_8.2.2_650/lpcxpresso/tools/bin/../lib/gcc/arm-none-eabi/5.4.1/../../../../arm-none-eabi/lib/armv7-m\libcr_c.a(scanf.o)
                              ./Source/Examples/UART/CLI-commands.o (atol)
c:/nxp/lpcxpresso_8.2.2_650/lpcxpresso/tools/bin/../lib/gcc/arm-none-eabi/5.4.1/../../../../arm-none-eabi/lib/armv7-m\libcr_c.a(setvbuf.o)
                              c:/nxp/lpcxpresso_8.2.2_650/lpcxpresso/tools/bin/../lib/gcc/arm-none-eabi/5.4.1/../../../../arm-none-eabi/lib/armv7-m\libcr_c.a(initio.o) (setvbuf)
c:/nxp/lpcxpresso_8.2.2_650/lpcxpresso/tools/bin/../lib/gcc/arm-none-eabi/5.4.1/../../../../arm-none-eabi/lib/armv7-m\libcr_c.a(stdio.o)
                              c:/nxp/lpcxpresso_8.2.2_650/lpcxpresso/tools/bin/../lib/gcc/arm-none-eabi/5.4.1/../../../../arm-none-eabi/lib/armv7-m\libcr_c.a(initio.o) (__Ciob)
c:/nxp/lpcxpresso_8.2.2_650/lpcxpresso/tools/bin/../lib/gcc/arm-none-eabi/5.4.1/../../../../arm-none-eabi/lib/armv7-m\libcr_c.a(strcat.o)
                              ./Source/FreeRTOS-Products/FreeRTOS/tasks.o (strcat)
c:/nxp/lpcxpresso_8.2.2_650/lpcxpresso/tools/bin/../lib/gcc/arm-none-eabi/5.4.1/../../../../arm-none-eabi/lib/armv7-m\libcr_c.a(strcmp.o)
                              ./Source/FreeRTOS-Products/FreeRTOS-Plus-IO/Common/FreeRTOS_DriverInterface.o (strcmp)
c:/nxp/lpcxpresso_8.2.2_650/lpcxpresso/tools/bin/../lib/gcc/arm-none-eabi/5.4.1/../../../../arm-none-eabi/lib/armv7-m\libcr_c.a(strcpy.o)
                              ./Source/Examples/UART/CLI-commands.o (strcpy)
[...]
Memory Configuration

Name             Origin             Length             Attributes
MFlash512        0x00000000         0x00080000         xr
RamLoc32         0x10000000         0x00008000         xrw
RamAHB32         0x2007c000         0x00008000         xrw
*default*        0x00000000         0xffffffff

Linker script and memory map

LOAD ./Source/FreeRTOS-Products/FreeRTOS/portable/MemMang/heap_2.o
LOAD ./Source/FreeRTOS-Products/FreeRTOS/portable/GCC/ARM_CM3/port.o
LOAD ./Source/FreeRTOS-Products/FreeRTOS-Plus-IO/Device/LPC17xx/FreeRTOS_lpc17xx_DriverInterface.o
LOAD ./Source/FreeRTOS-Products/FreeRTOS-Plus-IO/Device/LPC17xx/FreeRTOS_lpc17xx_i2c.o
LOAD ./Source/FreeRTOS-Products/FreeRTOS-Plus-IO/Device/LPC17xx/FreeRTOS_lpc17xx_ssp.o
LOAD ./Source/FreeRTOS-Products/FreeRTOS-Plus-IO/Device/LPC17xx/FreeRTOS_lpc17xx_uart.o
LOAD ./Source/FreeRTOS-Products/FreeRTOS-Plus-IO/Common/FreeRTOS_DriverInterface.o
LOAD ./Source/FreeRTOS-Products/FreeRTOS-Plus-IO/Common/FreeRTOS_IOUtils.o
LOAD ./Source/FreeRTOS-Products/FreeRTOS-Plus-IO/Common/IOUtils_CharQueueTxAndRx.o
LOAD ./Source/FreeRTOS-Products/FreeRTOS-Plus-IO/Common/IOUtils_CircularBufferRx.o
LOAD ./Source/FreeRTOS-Products/FreeRTOS-Plus-IO/Common/IOUtils_ZeroCopyTx.o
LOAD ./Source/FreeRTOS-Products/FreeRTOS-Plus-CLI/FreeRTOS_CLI.o
LOAD ./Source/FreeRTOS-Products/FreeRTOS/croutine.o
LOAD ./Source/FreeRTOS-Products/FreeRTOS/list.o
LOAD ./Source/FreeRTOS-Products/FreeRTOS/queue.o
LOAD ./Source/FreeRTOS-Products/FreeRTOS/tasks.o
LOAD ./Source/FreeRTOS-Products/FreeRTOS/timers.o
LOAD ./Source/Examples/UART/CLI-commands.o
LOAD ./Source/Examples/UART/UART-interrupt-driven-command-console.o
LOAD ./Source/Examples/UART/UART-operation-modes-test.o
LOAD ./Source/Examples/SSP/SPI-writes-to-7-seg-display.o
LOAD ./Source/Examples/I2C/I2C-coordinator.o
LOAD ./Source/Examples/I2C/I2C-to-OLED.o
LOAD ./Source/Examples/I2C/I2C-to-and-from-EEPROM.o
LOAD ./Source/Examples/I2C/font5x7.o
LOAD ./Source/Examples/I2C/oled.o
LOAD ./Source/Examples/GPIO/GPIO-output-and-software-timers.o
LOAD ./Source/cr_startup_lpc176x.o
LOAD ./Source/main.o
LOAD ./Source/printf-stdarg.o
LOAD C:\Projects\Ananke\Firmware\Tablet_FreeRTOS\lpc17xx.cmsis.driver.library\Debug\liblpc17xx.cmsis.driver.library.a
LOAD C:\Projects\Ananke\Firmware\Tablet_FreeRTOS\CMSISv2p00_LPC17xx\Debug\libCMSISv2p00_LPC17xx.a
START GROUP
LOAD c:/nxp/lpcxpresso_8.2.2_650/lpcxpresso/tools/bin/../lib/gcc/arm-none-eabi/5.4.1/../../../../arm-none-eabi/lib/armv7-m\libcr_nohost.a
LOAD c:/nxp/lpcxpresso_8.2.2_650/lpcxpresso/tools/bin/../lib/gcc/arm-none-eabi/5.4.1/../../../../arm-none-eabi/lib/armv7-m\libcr_c.a
LOAD c:/nxp/lpcxpresso_8.2.2_650/lpcxpresso/tools/bin/../lib/gcc/arm-none-eabi/5.4.1/armv7-m\libcr_eabihelpers.a
END GROUP
                0x00000000                __base_MFlash512 = 0x0
                0x00000000                __base_Flash = 0x0
                0x00080000                __top_MFlash512 = 0x80000
                0x00080000                __top_Flash = 0x80000
                0x10000000                __base_RamLoc32 = 0x10000000
                0x10000000                __base_RAM = 0x10000000
                0x10008000                __top_RamLoc32 = 0x10008000
                0x10008000                __top_RAM = 0x10008000
                0x2007c000                __base_RamAHB32 = 0x2007c000
                0x2007c000                __base_RAM2 = 0x2007c000
                0x20084000                __top_RamAHB32 = 0x20084000
                0x20084000                __top_RAM2 = 0x20084000

.text           0x00000000     0x95b8
 FILL mask 0xff
                0x00000000                __vectors_start__ = ABSOLUTE (.)
 *(.isr_vector)
 .isr_vector    0x00000000       0xcc ./Source/cr_startup_lpc176x.o
                0x00000000                g_pfnVectors
                0x000000cc                . = ALIGN (0x4)
                0x000000cc                __section_table_start = .
                0x000000cc                __data_section_table = .
                0x000000cc        0x4 LONG 0x95b8 LOADADDR (.data)
                0x000000d0        0x4 LONG 0x10000000 ADDR (.data)
                0x000000d4        0x4 LONG 0x3c SIZEOF (.data)
                0x000000d8        0x4 LONG 0x95b8 LOADADDR (.data_RAM2)
                0x000000dc        0x4 LONG 0x2007c000 ADDR (.data_RAM2)
                0x000000e0        0x4 LONG 0x0 SIZEOF (.data_RAM2)
                0x000000e4                __data_section_table_end = .
                0x000000e4                __bss_section_table = .
                0x000000e4        0x4 LONG 0x10000040 ADDR (.bss)
                0x000000e8        0x4 LONG 0x4814 SIZEOF (.bss)
                0x000000ec        0x4 LONG 0x2007c000 ADDR (.bss_RAM2)
                0x000000f0        0x4 LONG 0x0 SIZEOF (.bss_RAM2)
                0x000000f4                __bss_section_table_end = .
                0x000000f4                __section_table_end = .
 *(.after_vectors*)
 .after_vectors
                0x000000f4       0x9c ./Source/cr_startup_lpc176x.o
                0x000000f4                NMI_Handler
                0x000000f6                HardFault_Handler
                0x00000112                MemManage_Handler
                0x00000114                BusFault_Handler
                0x00000116                UsageFault_Handler
                0x0000011a                DebugMon_Handler
                0x00000120                RIT_IRQHandler
                0x00000120                I2C1_IRQHandler
                0x00000120                USBActivity_IRQHandler
                0x00000120                UART1_IRQHandler
                0x00000120                EINT3_IRQHandler
                0x00000120                CANActivity_IRQHandler
                0x00000120                EINT2_IRQHandler
                0x00000120                PWM1_IRQHandler
                0x00000120                UART0_IRQHandler
                0x00000120                MCPWM_IRQHandler
                0x00000120                I2C0_IRQHandler
                0x00000120                IntDefaultHandler
                0x00000120                PLL0_IRQHandler
                0x00000120                CAN_IRQHandler
                0x00000120                PLL1_IRQHandler
                0x00000120                SSP0_IRQHandler
                0x00000120                I2S_IRQHandler
                0x00000120                RTC_IRQHandler
                0x00000120                TIMER0_IRQHandler
                0x00000120                SPI_IRQHandler
                0x00000120                TIMER3_IRQHandler
                0x00000120                EINT1_IRQHandler
                0x00000120                TIMER1_IRQHandler
                0x00000120                UART2_IRQHandler
                0x00000120                ADC_IRQHandler
                0x00000120                USB_IRQHandler
                0x00000120                BOD_IRQHandler
                0x00000120                TIMER2_IRQHandler
                0x00000120                WDT_IRQHandler
                0x00000120                QEI_IRQHandler
                0x00000120                EINT0_IRQHandler
                0x00000120                DMA_IRQHandler
                0x00000120                ENET_IRQHandler
                0x00000122                data_init
                0x00000138                bss_init
                0x0000014c                ResetISR
 *(.text*)
 .text.pvPortMalloc
                0x00000190      0x150 ./Source/FreeRTOS-Products/FreeRTOS/portable/MemMang/heap_2.o
                0x00000190                pvPortMalloc
 .text.vPortFree
                0x000002e0       0x74 ./Source/FreeRTOS-Products/FreeRTOS/portable/MemMang/heap_2.o
                0x000002e0                vPortFree
 .text.pxPortInitialiseStack
                0x00000354       0x50 ./Source/FreeRTOS-Products/FreeRTOS/portable/GCC/ARM_CM3/port.o
                0x00000354                pxPortInitialiseStack
 .text.SVCall_Handler
                0x000003a4       0x24 ./Source/FreeRTOS-Products/FreeRTOS/portable/GCC/ARM_CM3/port.o
                0x000003a4                SVCall_Handler
 .text.prvPortStartFirstTask
                0x000003c8       0x18 ./Source/FreeRTOS-Products/FreeRTOS/portable/GCC/ARM_CM3/port.o
 .text.xPortStartScheduler
                0x000003e0       0x38 ./Source/FreeRTOS-Products/FreeRTOS/portable/GCC/ARM_CM3/port.o
                0x000003e0                xPortStartScheduler
 .text.vPortYieldFromISR
                0x00000418       0x18 ./Source/FreeRTOS-Products/FreeRTOS/portable/GCC/ARM_CM3/port.o
                0x00000418                vPortYieldFromISR
 .text.vPortEnterCritical
                0x00000430       0x1c ./Source/FreeRTOS-Products/FreeRTOS/portable/GCC/ARM_CM3/port.o
                0x00000430                vPortEnterCritical
 .text.vPortExitCritical
                0x0000044c       0x24 ./Source/FreeRTOS-Products/FreeRTOS/portable/GCC/ARM_CM3/port.o
                0x0000044c                vPortExitCritical
 .text.ulPortSetInterruptMask
                0x00000470       0x14 ./Source/FreeRTOS-Products/FreeRTOS/portable/GCC/ARM_CM3/port.o
                0x00000470                ulPortSetInterruptMask
 .text.vPortClearInterruptMask
                0x00000484        0x8 ./Source/FreeRTOS-Products/FreeRTOS/portable/GCC/ARM_CM3/port.o
                0x00000484                vPortClearInterruptMask
 .text.PendSV_Handler
                0x0000048c       0x40 ./Source/FreeRTOS-Products/FreeRTOS/portable/GCC/ARM_CM3/port.o
                0x0000048c                PendSV_Handler
 .text.SysTick_Handler
                0x000004cc       0x24 ./Source/FreeRTOS-Products/FreeRTOS/portable/GCC/ARM_CM3/port.o
                0x000004cc                SysTick_Handler
 .text.vPortSetupTimerInterrupt
                0x000004f0       0x34 ./Source/FreeRTOS-Products/FreeRTOS/portable/GCC/ARM_CM3/port.o
                0x000004f0                vPortSetupTimerInterrupt
 .text.vFreeRTOS_lpc17xx_PopulateFunctionPointers
                0x00000524       0x54 ./Source/FreeRTOS-Products/FreeRTOS-Plus-IO/Device/LPC17xx/FreeRTOS_lpc17xx_DriverInterface.o
                0x00000524                vFreeRTOS_lpc17xx_PopulateFunctionPointers
 .text.NVIC_DisableIRQ
                0x00000578       0x34 ./Source/FreeRTOS-Products/FreeRTOS-Plus-IO/Device/LPC17xx/FreeRTOS_lpc17xx_i2c.o
 .text.NVIC_ClearPendingIRQ
                0x000005ac       0x34 ./Source/FreeRTOS-Products/FreeRTOS-Plus-IO/Device/LPC17xx/FreeRTOS_lpc17xx_i2c.o
 .text.NVIC_SetPriority
                0x000005e0       0x54 ./Source/FreeRTOS-Products/FreeRTOS-Plus-IO/Device/LPC17xx/FreeRTOS_lpc17xx_i2c.o
 .text.FreeRTOS_I2C_open
                0x00000634      0x158 ./Source/FreeRTOS-Products/FreeRTOS-Plus-IO/Device/LPC17xx/FreeRTOS_lpc17xx_i2c.o
                0x00000634                FreeRTOS_I2C_open
 .text.FreeRTOS_I2C_write
                0x0000078c      0x188 ./Source/FreeRTOS-Products/FreeRTOS-Plus-IO/Device/LPC17xx/FreeRTOS_lpc17xx_i2c.o
                0x0000078c                FreeRTOS_I2C_write
 .text.FreeRTOS_I2C_read
                0x00000914      0x198 ./Source/FreeRTOS-Products/FreeRTOS-Plus-IO/Device/LPC17xx/FreeRTOS_lpc17xx_i2c.o
                0x00000914                FreeRTOS_I2C_read
 .text.FreeRTOS_I2C_ioctl
                0x00000aac       0xfc ./Source/FreeRTOS-Products/FreeRTOS-Plus-IO/Device/LPC17xx/FreeRTOS_lpc17xx_i2c.o
                0x00000aac                FreeRTOS_I2C_ioctl
 .text.I2C2_IRQHandler
                0x00000ba8      0x288 ./Source/FreeRTOS-Products/FreeRTOS-Plus-IO/Device/LPC17xx/FreeRTOS_lpc17xx_i2c.o
                0x00000ba8                I2C2_IRQHandler
 .text.NVIC_EnableIRQ
                0x00000e30       0x30 ./Source/FreeRTOS-Products/FreeRTOS-Plus-IO/Device/LPC17xx/FreeRTOS_lpc17xx_ssp.o
 .text.NVIC_DisableIRQ
                0x00000e60       0x34 ./Source/FreeRTOS-Products/FreeRTOS-Plus-IO/Device/LPC17xx/FreeRTOS_lpc17xx_ssp.o
 .text.NVIC_SetPriority
                0x00000e94       0x54 ./Source/FreeRTOS-Products/FreeRTOS-Plus-IO/Device/LPC17xx/FreeRTOS_lpc17xx_ssp.o
 .text.FreeRTOS_SSP_open
                0x00000ee8      0x194 ./Source/FreeRTOS-Products/FreeRTOS-Plus-IO/Device/LPC17xx/FreeRTOS_lpc17xx_ssp.o
                0x00000ee8                FreeRTOS_SSP_open
 .text.FreeRTOS_SSP_write
                0x0000107c       0xb0 ./Source/FreeRTOS-Products/FreeRTOS-Plus-IO/Device/LPC17xx/FreeRTOS_lpc17xx_ssp.o
                0x0000107c                FreeRTOS_SSP_write
 .text.FreeRTOS_SSP_read
                0x0000112c       0x98 ./Source/FreeRTOS-Products/FreeRTOS-Plus-IO/Device/LPC17xx/FreeRTOS_lpc17xx_ssp.o
                0x0000112c                FreeRTOS_SSP_read
 .text.FreeRTOS_SSP_ioctl
                0x000011c4      0x1c8 ./Source/FreeRTOS-Products/FreeRTOS-Plus-IO/Device/LPC17xx/FreeRTOS_lpc17xx_ssp.o
                0x000011c4                FreeRTOS_SSP_ioctl
 .text.SSP1_IRQHandler
                0x0000138c      0x11c ./Source/FreeRTOS-Products/FreeRTOS-Plus-IO/Device/LPC17xx/FreeRTOS_lpc17xx_ssp.o
                0x0000138c                SSP1_IRQHandler
 .text.NVIC_EnableIRQ
                0x000014a8       0x30 ./Source/FreeRTOS-Products/FreeRTOS-Plus-IO/Device/LPC17xx/FreeRTOS_lpc17xx_uart.o
 .text.NVIC_DisableIRQ
                0x000014d8       0x34 ./Source/FreeRTOS-Products/FreeRTOS-Plus-IO/Device/LPC17xx/FreeRTOS_lpc17xx_uart.o
 .text.NVIC_SetPriority
                0x0000150c       0x54 ./Source/FreeRTOS-Products/FreeRTOS-Plus-IO/Device/LPC17xx/FreeRTOS_lpc17xx_uart.o
 .text.FreeRTOS_UART_open
                0x00001560       0xcc ./Source/FreeRTOS-Products/FreeRTOS-Plus-IO/Device/LPC17xx/FreeRTOS_lpc17xx_uart.o
                0x00001560                FreeRTOS_UART_open
 .text.FreeRTOS_UART_write
                0x0000162c      0x1b8 ./Source/FreeRTOS-Products/FreeRTOS-Plus-IO/Device/LPC17xx/FreeRTOS_lpc17xx_uart.o
                0x0000162c                FreeRTOS_UART_write
 .text.FreeRTOS_UART_read
                0x000017e4      0x100 ./Source/FreeRTOS-Products/FreeRTOS-Plus-IO/Device/LPC17xx/FreeRTOS_lpc17xx_uart.o
                0x000017e4                FreeRTOS_UART_read
 .text.prvFillFifoFromBuffer
                0x000018e4       0x54 ./Source/FreeRTOS-Products/FreeRTOS-Plus-IO/Device/LPC17xx/FreeRTOS_lpc17xx_uart.o
 .text.FreeRTOS_UART_ioctl
                0x00001938       0xfc ./Source/FreeRTOS-Products/FreeRTOS-Plus-IO/Device/LPC17xx/FreeRTOS_lpc17xx_uart.o
                0x00001938                FreeRTOS_UART_ioctl
 .text.UART3_IRQHandler
                0x00001a34      0x224 ./Source/FreeRTOS-Products/FreeRTOS-Plus-IO/Device/LPC17xx/FreeRTOS_lpc17xx_uart.o
                0x00001a34                UART3_IRQHandler
 .text.FreeRTOS_open
                0x00001c58      0x108 ./Source/FreeRTOS-Products/FreeRTOS-Plus-IO/Common/FreeRTOS_DriverInterface.o
                0x00001c58                FreeRTOS_open
 .text.FreeRTOS_ioctl
                0x00001d60      0x1c0 ./Source/FreeRTOS-Products/FreeRTOS-Plus-IO/Common/FreeRTOS_DriverInterface.o
                0x00001d60                FreeRTOS_ioctl
 .text.vIOUtilsCreateTransferControlStructure
                0x00001f20       0xb8 ./Source/FreeRTOS-Products/FreeRTOS-Plus-IO/Common/FreeRTOS_IOUtils.o
                0x00001f20                vIOUtilsCreateTransferControlStructure
 .text.xIOUtilsSetTxQueueTimeout
                0x00001fd8       0x28 ./Source/FreeRTOS-Products/FreeRTOS-Plus-IO/Common/IOUtils_CharQueueTxAndRx.o
                0x00001fd8                xIOUtilsSetTxQueueTimeout
 .text.vIOUtilsSetRxQueueTimeout
                0x00002000       0x28 ./Source/FreeRTOS-Products/FreeRTOS-Plus-IO/Common/IOUtils_CharQueueTxAndRx.o
                0x00002000                vIOUtilsSetRxQueueTimeout
 .text.xIOUtilsConfigureTransferQueue
                0x00002028       0xbc ./Source/FreeRTOS-Products/FreeRTOS-Plus-IO/Common/IOUtils_CharQueueTxAndRx.o
                0x00002028                xIOUtilsConfigureTransferQueue
 .text.xIOUtilsReceiveCharsFromRxQueue
                0x000020e4       0x74 ./Source/FreeRTOS-Products/FreeRTOS-Plus-IO/Common/IOUtils_CharQueueTxAndRx.o
                0x000020e4                xIOUtilsReceiveCharsFromRxQueue
 .text.xIOUtilsWaitTxQueueEmpty
                0x00002158       0x64 ./Source/FreeRTOS-Products/FreeRTOS-Plus-IO/Common/IOUtils_CharQueueTxAndRx.o
                0x00002158                xIOUtilsWaitTxQueueEmpty
 .text.xIOUtilsClearRxCharQueue
                0x000021bc       0x30 ./Source/FreeRTOS-Products/FreeRTOS-Plus-IO/Common/IOUtils_CharQueueTxAndRx.o
                0x000021bc                xIOUtilsClearRxCharQueue
 .text.xIOUtilsConfigureCircularBufferRx
                0x000021ec       0xf0 ./Source/FreeRTOS-Products/FreeRTOS-Plus-IO/Common/IOUtils_CircularBufferRx.o
                0x000021ec                xIOUtilsConfigureCircularBufferRx
 .text.vIOUtilsClearRxCircularBuffer
                0x000022dc       0x40 ./Source/FreeRTOS-Products/FreeRTOS-Plus-IO/Common/IOUtils_CircularBufferRx.o
                0x000022dc                vIOUtilsClearRxCircularBuffer
 .text.xIOUtilsReadCharsFromCircularBuffer
                0x0000231c       0xf8 ./Source/FreeRTOS-Products/FreeRTOS-Plus-IO/Common/IOUtils_CircularBufferRx.o
                0x0000231c                xIOUtilsReadCharsFromCircularBuffer
 .text.vIOUtilsSetCircularBufferTimeout
                0x00002414       0x28 ./Source/FreeRTOS-Products/FreeRTOS-Plus-IO/Common/IOUtils_CircularBufferRx.o
                0x00002414                vIOUtilsSetCircularBufferTimeout
 .text.xIOUtilsConfigureZeroCopyTx
                0x0000243c       0x9c ./Source/FreeRTOS-Products/FreeRTOS-Plus-IO/Common/IOUtils_ZeroCopyTx.o
                0x0000243c                xIOUtilsConfigureZeroCopyTx
 .text.xIOUtilsGetZeroCopyWriteMutex
                0x000024d8       0x58 ./Source/FreeRTOS-Products/FreeRTOS-Plus-IO/Common/IOUtils_ZeroCopyTx.o
                0x000024d8                xIOUtilsGetZeroCopyWriteMutex
 .text.xIOUtilsReleaseZeroCopyWriteMutex
                0x00002530       0x3c ./Source/FreeRTOS-Products/FreeRTOS-Plus-IO/Common/IOUtils_ZeroCopyTx.o
                0x00002530                xIOUtilsReleaseZeroCopyWriteMutex
 .text.FreeRTOS_CLIRegisterCommand
                0x0000256c       0x68 ./Source/FreeRTOS-Products/FreeRTOS-Plus-CLI/FreeRTOS_CLI.o
                0x0000256c                FreeRTOS_CLIRegisterCommand
 .text.FreeRTOS_CLIProcessCommand
                0x000025d4      0x110 ./Source/FreeRTOS-Products/FreeRTOS-Plus-CLI/FreeRTOS_CLI.o
                0x000025d4                FreeRTOS_CLIProcessCommand
 .text.FreeRTOS_CLIGetOutputBuffer
                0x000026e4       0x14 ./Source/FreeRTOS-Products/FreeRTOS-Plus-CLI/FreeRTOS_CLI.o
                0x000026e4                FreeRTOS_CLIGetOutputBuffer
 .text.FreeRTOS_CLIGetParameter
                0x000026f8       0xc0 ./Source/FreeRTOS-Products/FreeRTOS-Plus-CLI/FreeRTOS_CLI.o
                0x000026f8                FreeRTOS_CLIGetParameter
 .text.prvHelpCommand
                0x000027b8       0x5c ./Source/FreeRTOS-Products/FreeRTOS-Plus-CLI/FreeRTOS_CLI.o
 .text.prvGetNumberOfParameters
                0x00002814       0x68 ./Source/FreeRTOS-Products/FreeRTOS-Plus-CLI/FreeRTOS_CLI.o
 .text.vListInitialise
                0x0000287c       0x40 ./Source/FreeRTOS-Products/FreeRTOS/list.o
                0x0000287c                vListInitialise
 .text.vListInitialiseItem
                0x000028bc       0x18 ./Source/FreeRTOS-Products/FreeRTOS/list.o
                0x000028bc                vListInitialiseItem
 .text.vListInsertEnd
                0x000028d4       0x50 ./Source/FreeRTOS-Products/FreeRTOS/list.o
                0x000028d4                vListInsertEnd
 .text.vListInsert
                0x00002924       0x70 ./Source/FreeRTOS-Products/FreeRTOS/list.o
                0x00002924                vListInsert
 .text.uxListRemove
                0x00002994       0x54 ./Source/FreeRTOS-Products/FreeRTOS/list.o
                0x00002994                uxListRemove
 .text.xQueueGenericReset
                0x000029e8       0xac ./Source/FreeRTOS-Products/FreeRTOS/queue.o
                0x000029e8                xQueueGenericReset
 .text.xQueueGenericCreate
                0x00002a94       0x84 ./Source/FreeRTOS-Products/FreeRTOS/queue.o
                0x00002a94                xQueueGenericCreate
 .text.xQueueCreateMutex
                0x00002b18       0x90 ./Source/FreeRTOS-Products/FreeRTOS/queue.o
                0x00002b18                xQueueCreateMutex
 .text.xQueueGetMutexHolder
                0x00002ba8       0x30 ./Source/FreeRTOS-Products/FreeRTOS/queue.o
                0x00002ba8                xQueueGetMutexHolder
 .text.xQueueCreateCountingSemaphore
                0x00002bd8       0x38 ./Source/FreeRTOS-Products/FreeRTOS/queue.o
                0x00002bd8                xQueueCreateCountingSemaphore
 .text.xQueueGenericSend
                0x00002c10      0x130 ./Source/FreeRTOS-Products/FreeRTOS/queue.o
                0x00002c10                xQueueGenericSend
 .text.xQueueGenericSendFromISR
                0x00002d40       0xa8 ./Source/FreeRTOS-Products/FreeRTOS/queue.o
                0x00002d40                xQueueGenericSendFromISR
 .text.xQueueGenericReceive
                0x00002de8      0x194 ./Source/FreeRTOS-Products/FreeRTOS/queue.o
                0x00002de8                xQueueGenericReceive
 .text.xQueueReceiveFromISR
                0x00002f7c       0xac ./Source/FreeRTOS-Products/FreeRTOS/queue.o
                0x00002f7c                xQueueReceiveFromISR
 .text.uxQueueMessagesWaiting
                0x00003028       0x2c ./Source/FreeRTOS-Products/FreeRTOS/queue.o
                0x00003028                uxQueueMessagesWaiting
 .text.vQueueDelete
                0x00003054       0x34 ./Source/FreeRTOS-Products/FreeRTOS/queue.o
                0x00003054                vQueueDelete
 .text.prvCopyDataToQueue
                0x00003088       0xb8 ./Source/FreeRTOS-Products/FreeRTOS/queue.o
 .text.prvCopyDataFromQueue
                0x00003140       0x4c ./Source/FreeRTOS-Products/FreeRTOS/queue.o
 .text.prvUnlockQueue
                0x0000318c       0x98 ./Source/FreeRTOS-Products/FreeRTOS/queue.o
 .text.prvIsQueueEmpty
                0x00003224       0x2c ./Source/FreeRTOS-Products/FreeRTOS/queue.o
 .text.prvIsQueueFull
                0x00003250       0x30 ./Source/FreeRTOS-Products/FreeRTOS/queue.o
 .text.vQueueUnregisterQueue
                0x00003280       0x44 ./Source/FreeRTOS-Products/FreeRTOS/queue.o
 .text.vQueueWaitForMessageRestricted
                0x000032c4       0x54 ./Source/FreeRTOS-Products/FreeRTOS/queue.o
                0x000032c4                vQueueWaitForMessageRestricted
 .text.xTaskGenericCreate
                0x00003318      0x194 ./Source/FreeRTOS-Products/FreeRTOS/tasks.o
                0x00003318                xTaskGenericCreate
 .text.vTaskDelete
                0x000034ac       0x98 ./Source/FreeRTOS-Products/FreeRTOS/tasks.o
                0x000034ac                vTaskDelete
 .text.vTaskDelayUntil
                0x00003544       0xb0 ./Source/FreeRTOS-Products/FreeRTOS/tasks.o
                0x00003544                vTaskDelayUntil
 .text.vTaskDelay
                0x000035f4       0x54 ./Source/FreeRTOS-Products/FreeRTOS/tasks.o
                0x000035f4                vTaskDelay
 .text.vTaskStartScheduler
                0x00003648       0x74 ./Source/FreeRTOS-Products/FreeRTOS/tasks.o
                0x00003648                vTaskStartScheduler
 .text.vTaskSuspendAll
                0x000036bc       0x1c ./Source/FreeRTOS-Products/FreeRTOS/tasks.o
                0x000036bc                vTaskSuspendAll
 .text.xTaskResumeAll
                0x000036d8      0x104 ./Source/FreeRTOS-Products/FreeRTOS/tasks.o
                0x000036d8                xTaskResumeAll
 .text.xTaskGetTickCount
                0x000037dc       0x24 ./Source/FreeRTOS-Products/FreeRTOS/tasks.o
                0x000037dc                xTaskGetTickCount
 .text.xTaskGetTickCountFromISR
                0x00003800       0x28 ./Source/FreeRTOS-Products/FreeRTOS/tasks.o
                0x00003800                xTaskGetTickCountFromISR
 .text.vTaskList
                0x00003828       0xd8 ./Source/FreeRTOS-Products/FreeRTOS/tasks.o
                0x00003828                vTaskList
 .text.vTaskGetRunTimeStats
                0x00003900       0xec ./Source/FreeRTOS-Products/FreeRTOS/tasks.o
                0x00003900                vTaskGetRunTimeStats
 .text.vTaskIncrementTick
                0x000039ec      0x13c ./Source/FreeRTOS-Products/FreeRTOS/tasks.o
                0x000039ec                vTaskIncrementTick
 .text.vTaskSwitchContext
                0x00003b28      0x110 ./Source/FreeRTOS-Products/FreeRTOS/tasks.o
                0x00003b28                vTaskSwitchContext
 .text.vTaskPlaceOnEventList
                0x00003c38       0x6c ./Source/FreeRTOS-Products/FreeRTOS/tasks.o
                0x00003c38                vTaskPlaceOnEventList
 .text.vTaskPlaceOnEventListRestricted
                0x00003ca4       0x50 ./Source/FreeRTOS-Products/FreeRTOS/tasks.o
                0x00003ca4                vTaskPlaceOnEventListRestricted
 .text.xTaskRemoveFromEventList
                0x00003cf4       0xac ./Source/FreeRTOS-Products/FreeRTOS/tasks.o
                0x00003cf4                xTaskRemoveFromEventList
 .text.vTaskSetTimeOutState
                0x00003da0       0x34 ./Source/FreeRTOS-Products/FreeRTOS/tasks.o
                0x00003da0                vTaskSetTimeOutState
 .text.xTaskCheckForTimeOut
                0x00003dd4       0xa0 ./Source/FreeRTOS-Products/FreeRTOS/tasks.o
                0x00003dd4                xTaskCheckForTimeOut
 .text.vTaskMissedYield
                0x00003e74       0x18 ./Source/FreeRTOS-Products/FreeRTOS/tasks.o
                0x00003e74                vTaskMissedYield
 .text.prvIdleTask
                0x00003e8c       0x10 ./Source/FreeRTOS-Products/FreeRTOS/tasks.o
 .text.prvInitialiseTCBVariables
                0x00003e9c       0x74 ./Source/FreeRTOS-Products/FreeRTOS/tasks.o
 .text.prvInitialiseTaskLists
                0x00003f10       0x80 ./Source/FreeRTOS-Products/FreeRTOS/tasks.o
 .text.prvCheckTasksWaitingTermination
                0x00003f90       0x78 ./Source/FreeRTOS-Products/FreeRTOS/tasks.o
 .text.prvAddCurrentTaskToDelayedList
                0x00004008       0x6c ./Source/FreeRTOS-Products/FreeRTOS/tasks.o
 .text.prvAllocateTCBAndStack
                0x00004074       0x64 ./Source/FreeRTOS-Products/FreeRTOS/tasks.o
 .text.prvListTaskWithinSingleList
                0x000040d8       0xbc ./Source/FreeRTOS-Products/FreeRTOS/tasks.o
 .text.prvGenerateRunTimeStatsForTasksInList
                0x00004194       0xe8 ./Source/FreeRTOS-Products/FreeRTOS/tasks.o
 .text.usTaskCheckFreeStackSpace
                0x0000427c       0x30 ./Source/FreeRTOS-Products/FreeRTOS/tasks.o
 .text.prvDeleteTCB
                0x000042ac       0x20 ./Source/FreeRTOS-Products/FreeRTOS/tasks.o
 .text.xTaskGetCurrentTaskHandle
                0x000042cc       0x1c ./Source/FreeRTOS-Products/FreeRTOS/tasks.o
                0x000042cc                xTaskGetCurrentTaskHandle
 .text.xTaskGetSchedulerState
                0x000042e8       0x3c ./Source/FreeRTOS-Products/FreeRTOS/tasks.o
                0x000042e8                xTaskGetSchedulerState
 .text.vTaskPriorityInherit
                0x00004324       0xac ./Source/FreeRTOS-Products/FreeRTOS/tasks.o
                0x00004324                vTaskPriorityInherit
 .text.vTaskPriorityDisinherit
                0x000043d0       0x7c ./Source/FreeRTOS-Products/FreeRTOS/tasks.o
                0x000043d0                vTaskPriorityDisinherit
 .text.xTimerCreateTimerTask
                0x0000444c       0x58 ./Source/FreeRTOS-Products/FreeRTOS/timers.o
                0x0000444c                xTimerCreateTimerTask
 .text.xTimerCreate
                0x000044a4       0x68 ./Source/FreeRTOS-Products/FreeRTOS/timers.o
                0x000044a4                xTimerCreate
 .text.xTimerGenericCommand
                0x0000450c       0x80 ./Source/FreeRTOS-Products/FreeRTOS/timers.o
                0x0000450c                xTimerGenericCommand
 .text.prvProcessExpiredTimer
                0x0000458c       0x70 ./Source/FreeRTOS-Products/FreeRTOS/timers.o
 .text.prvTimerTask
                0x000045fc       0x24 ./Source/FreeRTOS-Products/FreeRTOS/timers.o
 .text.prvProcessTimerOrBlockTask
                0x00004620       0x6c ./Source/FreeRTOS-Products/FreeRTOS/timers.o
 .text.prvGetNextExpireTime
                0x0000468c       0x48 ./Source/FreeRTOS-Products/FreeRTOS/timers.o
 .text.prvSampleTimeNow
                0x000046d4       0x44 ./Source/FreeRTOS-Products/FreeRTOS/timers.o
 .text.prvInsertTimerInActiveList
                0x00004718       0x84 ./Source/FreeRTOS-Products/FreeRTOS/timers.o
 .text.prvProcessReceivedCommands
                0x0000479c       0xe4 ./Source/FreeRTOS-Products/FreeRTOS/timers.o
 .text.prvSwitchTimerLists
                0x00004880       0xb4 ./Source/FreeRTOS-Products/FreeRTOS/timers.o
 .text.prvCheckForValidListAndQueue
                0x00004934       0x54 ./Source/FreeRTOS-Products/FreeRTOS/timers.o
 .text.vRegisterCLICommands
                0x00004988       0x44 ./Source/Examples/UART/CLI-commands.o
                0x00004988                vRegisterCLICommands
 .text.prvTaskStatsCommand
                0x000049cc       0x44 ./Source/Examples/UART/CLI-commands.o
 .text.prvRunTimeStatsCommand
                0x00004a10       0x44 ./Source/Examples/UART/CLI-commands.o
 .text.prvThreeParameterEchoCommand
                0x00004a54       0xc8 ./Source/Examples/UART/CLI-commands.o
 .text.prvMultiParameterEchoCommand
                0x00004b1c       0xc0 ./Source/Examples/UART/CLI-commands.o
 .text.prvCreateTaskCommand
                0x00004bdc       0xa8 ./Source/Examples/UART/CLI-commands.o
 .text.prvDeleteTaskCommand
                0x00004c84       0x60 ./Source/Examples/UART/CLI-commands.o
 .text.prvCreatedTask
                0x00004ce4       0x38 ./Source/Examples/UART/CLI-commands.o
 .text.vUARTCommandConsoleStart
                0x00004d1c       0x34 ./Source/Examples/UART/UART-interrupt-driven-command-console.o
                0x00004d1c                vUARTCommandConsoleStart
 .text.prvUARTCommandConsoleTask
                0x00004d50      0x24c ./Source/Examples/UART/UART-interrupt-driven-command-console.o
 .text.vOutputString
                0x00004f9c       0x4c ./Source/Examples/UART/UART-interrupt-driven-command-console.o
                0x00004f9c                vOutputString
 .text.vSPIWriteTaskStart
                0x00004fe8       0x30 ./Source/Examples/SSP/SPI-writes-to-7-seg-display.o
                0x00004fe8                vSPIWriteTaskStart
 .text.prvSPIWriteTask
                0x00005018       0xec ./Source/Examples/SSP/SPI-writes-to-7-seg-display.o
 .text.vI2CTaskStart
                0x00005104       0x34 ./Source/Examples/I2C/I2C-coordinator.o
                0x00005104                vI2CTaskStart
 .text.prvI2CTask
                0x00005138       0xc4 ./Source/Examples/I2C/I2C-coordinator.o
 .text.vI2C_OLEDInitialise
                0x000051fc       0x24 ./Source/Examples/I2C/I2C-to-OLED.o
                0x000051fc                vI2C_OLEDInitialise
 .text.vI2C_OLEDTest
                0x00005220       0x70 ./Source/Examples/I2C/I2C-to-OLED.o
                0x00005220                vI2C_OLEDTest
 .text.prvConfigureI2CBusForOLED
                0x00005290       0x2c ./Source/Examples/I2C/I2C-to-OLED.o
 .text.vI2C_EEPROMTest
                0x000052bc      0x218 ./Source/Examples/I2C/I2C-to-and-from-EEPROM.o
                0x000052bc                vI2C_EEPROMTest
 .text.prvSetSlaveAddress
                0x000054d4       0x40 ./Source/Examples/I2C/I2C-to-and-from-EEPROM.o
 .text.prvWritePageToEEPROM
                0x00005514       0x5c ./Source/Examples/I2C/I2C-to-and-from-EEPROM.o
 .text.vOLEDInit
                0x00005570       0x94 ./Source/Examples/I2C/oled.o
                0x00005570                vOLEDInit
 .text.vOLEDClearScreen
                0x00005604       0x48 ./Source/Examples/I2C/oled.o
                0x00005604                vOLEDClearScreen
 .text.vOLEDRefreshDisplay
                0x0000564c       0x44 ./Source/Examples/I2C/oled.o
                0x0000564c                vOLEDRefreshDisplay
 .text.vOLEDPutString
                0x00005690       0x7c ./Source/Examples/I2C/oled.o
                0x00005690                vOLEDPutString
 .text.prvWritePixelToFrameBuffer
                0x0000570c      0x104 ./Source/Examples/I2C/oled.o
 .text.prvWriteCharToFrameBuffer
                0x00005810       0xd0 ./Source/Examples/I2C/oled.o
 .text.prvWriteShadowBufferToLED
                0x000058e0       0xfc ./Source/Examples/I2C/oled.o
 .text.vGPIOSoftwareTimersStart
                0x000059dc       0xa0 ./Source/Examples/GPIO/GPIO-output-and-software-timers.o
                0x000059dc                vGPIOSoftwareTimersStart
 .text.prvGPIOTimerCallback
                0x00005a7c       0x98 ./Source/Examples/GPIO/GPIO-output-and-software-timers.o
 .text.pop_registers_from_fault_stack
                0x00005b14       0x24 ./Source/cr_startup_lpc176x.o
                0x00005b14                pop_registers_from_fault_stack
 .text.NVIC_SetPriorityGrouping
                0x00005b38       0x48 ./Source/main.o
 .text.main     0x00005b80       0x24 ./Source/main.o
                0x00005b80                main
 .text.vMainConfigureTimerForRunTimeStats
                0x00005ba4       0x28 ./Source/main.o
                0x00005ba4                vMainConfigureTimerForRunTimeStats
 .text.ulMainGetRunTimeCounterValue
                0x00005bcc       0x8c ./Source/main.o
                0x00005bcc                ulMainGetRunTimeCounterValue
 .text.vApplicationStackOverflowHook
                0x00005c58       0x10 ./Source/main.o
                0x00005c58                vApplicationStackOverflowHook
 .text.vApplicationMallocFailedHook
                0x00005c68        0xc ./Source/main.o
                0x00005c68                vApplicationMallocFailedHook
 .text.printchar
                0x00005c74       0x30 ./Source/printf-stdarg.o
 .text.prints   0x00005ca4       0xb0 ./Source/printf-stdarg.o
 .text.printi   0x00005d54       0xd8 ./Source/printf-stdarg.o
 .text.print    0x00005e2c      0x1c4 ./Source/printf-stdarg.o
 .text.sprintf  0x00005ff0       0x2c ./Source/printf-stdarg.o
                0x00005ff0                sprintf
 .text.GPIO_GetPointer
                0x0000601c       0x70 C:\Projects\Ananke\Firmware\Tablet_FreeRTOS\lpc17xx.cmsis.driver.library\Debug\liblpc17xx.cmsis.driver.library.a(lpc17xx_gpio.o)
 .text.GPIO_SetDir
                0x0000608c       0x54 C:\Projects\Ananke\Firmware\Tablet_FreeRTOS\lpc17xx.cmsis.driver.library\Debug\liblpc17xx.cmsis.driver.library.a(lpc17xx_gpio.o)
                0x0000608c                GPIO_SetDir
 .text.GPIO_SetValue
                0x000060e0       0x2c C:\Projects\Ananke\Firmware\Tablet_FreeRTOS\lpc17xx.cmsis.driver.library\Debug\liblpc17xx.cmsis.driver.library.a(lpc17xx_gpio.o)
                0x000060e0                GPIO_SetValue
 .text.GPIO_ClearValue
                0x0000610c       0x2c C:\Projects\Ananke\Firmware\Tablet_FreeRTOS\lpc17xx.cmsis.driver.library\Debug\liblpc17xx.cmsis.driver.library.a(lpc17xx_gpio.o)
                0x0000610c                GPIO_ClearValue
 .text.NVIC_EnableIRQ
                0x00006138       0x30 C:\Projects\Ananke\Firmware\Tablet_FreeRTOS\lpc17xx.cmsis.driver.library\Debug\liblpc17xx.cmsis.driver.library.a(lpc17xx_i2c.o)
 .text.NVIC_DisableIRQ
                0x00006168       0x34 C:\Projects\Ananke\Firmware\Tablet_FreeRTOS\lpc17xx.cmsis.driver.library\Debug\liblpc17xx.cmsis.driver.library.a(lpc17xx_i2c.o)
 .text.I2C_getNum
                0x0000619c       0x48 C:\Projects\Ananke\Firmware\Tablet_FreeRTOS\lpc17xx.cmsis.driver.library\Debug\liblpc17xx.cmsis.driver.library.a(lpc17xx_i2c.o)
 .text.I2C_Start
                0x000061e4       0x3c C:\Projects\Ananke\Firmware\Tablet_FreeRTOS\lpc17xx.cmsis.driver.library\Debug\liblpc17xx.cmsis.driver.library.a(lpc17xx_i2c.o)
                0x000061e4                I2C_Start
 .text.I2C_Stop
                0x00006220       0x30 C:\Projects\Ananke\Firmware\Tablet_FreeRTOS\lpc17xx.cmsis.driver.library\Debug\liblpc17xx.cmsis.driver.library.a(lpc17xx_i2c.o)
                0x00006220                I2C_Stop
 .text.I2C_SendByte
                0x00006250       0x4c C:\Projects\Ananke\Firmware\Tablet_FreeRTOS\lpc17xx.cmsis.driver.library\Debug\liblpc17xx.cmsis.driver.library.a(lpc17xx_i2c.o)
 .text.I2C_GetByte
                0x0000629c       0x54 C:\Projects\Ananke\Firmware\Tablet_FreeRTOS\lpc17xx.cmsis.driver.library\Debug\liblpc17xx.cmsis.driver.library.a(lpc17xx_i2c.o)
 .text.I2C_SetClock
                0x000062f0       0xa4 C:\Projects\Ananke\Firmware\Tablet_FreeRTOS\lpc17xx.cmsis.driver.library\Debug\liblpc17xx.cmsis.driver.library.a(lpc17xx_i2c.o)
                0x000062f0                I2C_SetClock
 .text.I2C_Init
                0x00006394       0xa4 C:\Projects\Ananke\Firmware\Tablet_FreeRTOS\lpc17xx.cmsis.driver.library\Debug\liblpc17xx.cmsis.driver.library.a(lpc17xx_i2c.o)
                0x00006394                I2C_Init
 .text.I2C_Cmd  0x00006438       0x70 C:\Projects\Ananke\Firmware\Tablet_FreeRTOS\lpc17xx.cmsis.driver.library\Debug\liblpc17xx.cmsis.driver.library.a(lpc17xx_i2c.o)
                0x00006438                I2C_Cmd
 .text.I2C_IntCmd
                0x000064a8       0x88 C:\Projects\Ananke\Firmware\Tablet_FreeRTOS\lpc17xx.cmsis.driver.library\Debug\liblpc17xx.cmsis.driver.library.a(lpc17xx_i2c.o)
                0x000064a8                I2C_IntCmd
 .text.I2C_MasterTransferData
                0x00006530      0x2cc C:\Projects\Ananke\Firmware\Tablet_FreeRTOS\lpc17xx.cmsis.driver.library\Debug\liblpc17xx.cmsis.driver.library.a(lpc17xx_i2c.o)
                0x00006530                I2C_MasterTransferData
 .text.check_failed
                0x000067fc        0xc C:\Projects\Ananke\Firmware\Tablet_FreeRTOS\lpc17xx.cmsis.driver.library\Debug\liblpc17xx.cmsis.driver.library.a(lpc17xx_libcfg_default.o)
                0x000067fc                check_failed
 .text.set_PinFunc
                0x00006808       0x84 C:\Projects\Ananke\Firmware\Tablet_FreeRTOS\lpc17xx.cmsis.driver.library\Debug\liblpc17xx.cmsis.driver.library.a(lpc17xx_pinsel.o)
 .text.set_ResistorMode
                0x0000688c       0x84 C:\Projects\Ananke\Firmware\Tablet_FreeRTOS\lpc17xx.cmsis.driver.library\Debug\liblpc17xx.cmsis.driver.library.a(lpc17xx_pinsel.o)
 .text.set_OpenDrainMode
                0x00006910       0x6c C:\Projects\Ananke\Firmware\Tablet_FreeRTOS\lpc17xx.cmsis.driver.library\Debug\liblpc17xx.cmsis.driver.library.a(lpc17xx_pinsel.o)
 .text.PINSEL_ConfigPin
                0x0000697c       0x48 C:\Projects\Ananke\Firmware\Tablet_FreeRTOS\lpc17xx.cmsis.driver.library\Debug\liblpc17xx.cmsis.driver.library.a(lpc17xx_pinsel.o)
                0x0000697c                PINSEL_ConfigPin
 .text.setSSPclock
                0x000069c4       0xc4 C:\Projects\Ananke\Firmware\Tablet_FreeRTOS\lpc17xx.cmsis.driver.library\Debug\liblpc17xx.cmsis.driver.library.a(lpc17xx_ssp.o)
 .text.SSP_Init
                0x00006a88       0x9c C:\Projects\Ananke\Firmware\Tablet_FreeRTOS\lpc17xx.cmsis.driver.library\Debug\liblpc17xx.cmsis.driver.library.a(lpc17xx_ssp.o)
                0x00006a88                SSP_Init
 .text.SSP_DeInit
                0x00006b24       0x5c C:\Projects\Ananke\Firmware\Tablet_FreeRTOS\lpc17xx.cmsis.driver.library\Debug\liblpc17xx.cmsis.driver.library.a(lpc17xx_ssp.o)
                0x00006b24                SSP_DeInit
 .text.SSP_GetDataSize
                0x00006b80       0x40 C:\Projects\Ananke\Firmware\Tablet_FreeRTOS\lpc17xx.cmsis.driver.library\Debug\liblpc17xx.cmsis.driver.library.a(lpc17xx_ssp.o)
                0x00006b80                SSP_GetDataSize
 .text.SSP_ConfigStructInit
                0x00006bc0       0x3c C:\Projects\Ananke\Firmware\Tablet_FreeRTOS\lpc17xx.cmsis.driver.library\Debug\liblpc17xx.cmsis.driver.library.a(lpc17xx_ssp.o)
                0x00006bc0                SSP_ConfigStructInit
 .text.SSP_Cmd  0x00006bfc       0x6c C:\Projects\Ananke\Firmware\Tablet_FreeRTOS\lpc17xx.cmsis.driver.library\Debug\liblpc17xx.cmsis.driver.library.a(lpc17xx_ssp.o)
                0x00006bfc                SSP_Cmd
 .text.SSP_SendData
                0x00006c68       0x40 C:\Projects\Ananke\Firmware\Tablet_FreeRTOS\lpc17xx.cmsis.driver.library\Debug\liblpc17xx.cmsis.driver.library.a(lpc17xx_ssp.o)
                0x00006c68                SSP_SendData
 .text.SSP_ReceiveData
                0x00006ca8       0x3c C:\Projects\Ananke\Firmware\Tablet_FreeRTOS\lpc17xx.cmsis.driver.library\Debug\liblpc17xx.cmsis.driver.library.a(lpc17xx_ssp.o)
                0x00006ca8                SSP_ReceiveData
 .text.SSP_ReadWrite
                0x00006ce4      0x350 C:\Projects\Ananke\Firmware\Tablet_FreeRTOS\lpc17xx.cmsis.driver.library\Debug\liblpc17xx.cmsis.driver.library.a(lpc17xx_ssp.o)
                0x00006ce4                SSP_ReadWrite
 .text.SSP_IntConfig
                0x00007034       0x64 C:\Projects\Ananke\Firmware\Tablet_FreeRTOS\lpc17xx.cmsis.driver.library\Debug\liblpc17xx.cmsis.driver.library.a(lpc17xx_ssp.o)
                0x00007034                SSP_IntConfig
 .text.uart_set_divisors
                0x00007098      0x218 C:\Projects\Ananke\Firmware\Tablet_FreeRTOS\lpc17xx.cmsis.driver.library\Debug\liblpc17xx.cmsis.driver.library.a(lpc17xx_uart.o)
 .text.UART_Init
                0x000072b0      0x2e4 C:\Projects\Ananke\Firmware\Tablet_FreeRTOS\lpc17xx.cmsis.driver.library\Debug\liblpc17xx.cmsis.driver.library.a(lpc17xx_uart.o)
                0x000072b0                UART_Init
 .text.UART_SendByte
                0x00007594       0x68 C:\Projects\Ananke\Firmware\Tablet_FreeRTOS\lpc17xx.cmsis.driver.library\Debug\liblpc17xx.cmsis.driver.library.a(lpc17xx_uart.o)
                0x00007594                UART_SendByte
 .text.UART_ReceiveByte
                0x000075fc       0x64 C:\Projects\Ananke\Firmware\Tablet_FreeRTOS\lpc17xx.cmsis.driver.library\Debug\liblpc17xx.cmsis.driver.library.a(lpc17xx_uart.o)
                0x000075fc                UART_ReceiveByte
 .text.UART_Send
                0x00007660       0xec C:\Projects\Ananke\Firmware\Tablet_FreeRTOS\lpc17xx.cmsis.driver.library\Debug\liblpc17xx.cmsis.driver.library.a(lpc17xx_uart.o)
                0x00007660                UART_Send
 .text.UART_Receive
                0x0000774c       0xbc C:\Projects\Ananke\Firmware\Tablet_FreeRTOS\lpc17xx.cmsis.driver.library\Debug\liblpc17xx.cmsis.driver.library.a(lpc17xx_uart.o)
                0x0000774c                UART_Receive
 .text.UART_IntConfig
                0x00007808      0x184 C:\Projects\Ananke\Firmware\Tablet_FreeRTOS\lpc17xx.cmsis.driver.library\Debug\liblpc17xx.cmsis.driver.library.a(lpc17xx_uart.o)
                0x00007808                UART_IntConfig
 .text.UART_GetIntId
                0x0000798c       0x58 C:\Projects\Ananke\Firmware\Tablet_FreeRTOS\lpc17xx.cmsis.driver.library\Debug\liblpc17xx.cmsis.driver.library.a(lpc17xx_uart.o)
                0x0000798c                UART_GetIntId
 .text.UART_CheckBusy
                0x000079e4       0x28 C:\Projects\Ananke\Firmware\Tablet_FreeRTOS\lpc17xx.cmsis.driver.library\Debug\liblpc17xx.cmsis.driver.library.a(lpc17xx_uart.o)
                0x000079e4                UART_CheckBusy
 .text.UART_FIFOConfig
                0x00007a0c      0x158 C:\Projects\Ananke\Firmware\Tablet_FreeRTOS\lpc17xx.cmsis.driver.library\Debug\liblpc17xx.cmsis.driver.library.a(lpc17xx_uart.o)
                0x00007a0c                UART_FIFOConfig
 .text.UART_TxCmd
                0x00007b64       0xc8 C:\Projects\Ananke\Firmware\Tablet_FreeRTOS\lpc17xx.cmsis.driver.library\Debug\liblpc17xx.cmsis.driver.library.a(lpc17xx_uart.o)
                0x00007b64                UART_TxCmd
 .text.CLKPWR_SetPCLKDiv
                0x00007c2c       0x8c C:\Projects\Ananke\Firmware\Tablet_FreeRTOS\lpc17xx.cmsis.driver.library\Debug\liblpc17xx.cmsis.driver.library.a(lpc17xx_clkpwr.o)
                0x00007c2c                CLKPWR_SetPCLKDiv
 .text.CLKPWR_GetPCLKSEL
                0x00007cb8       0x48 C:\Projects\Ananke\Firmware\Tablet_FreeRTOS\lpc17xx.cmsis.driver.library\Debug\liblpc17xx.cmsis.driver.library.a(lpc17xx_clkpwr.o)
                0x00007cb8                CLKPWR_GetPCLKSEL
 .text.CLKPWR_GetPCLK
                0x00007d00       0x64 C:\Projects\Ananke\Firmware\Tablet_FreeRTOS\lpc17xx.cmsis.driver.library\Debug\liblpc17xx.cmsis.driver.library.a(lpc17xx_clkpwr.o)
                0x00007d00                CLKPWR_GetPCLK
 .text.CLKPWR_ConfigPPWR
                0x00007d64       0x58 C:\Projects\Ananke\Firmware\Tablet_FreeRTOS\lpc17xx.cmsis.driver.library\Debug\liblpc17xx.cmsis.driver.library.a(lpc17xx_clkpwr.o)
                0x00007d64                CLKPWR_ConfigPPWR
 .text.SystemInit
                0x00007dbc       0xe4 C:\Projects\Ananke\Firmware\Tablet_FreeRTOS\CMSISv2p00_LPC17xx\Debug\libCMSISv2p00_LPC17xx.a(system_LPC17xx.o)
                0x00007dbc                SystemInit
 .text.__main   0x00007ea0       0x14 c:/nxp/lpcxpresso_8.2.2_650/lpcxpresso/tools/bin/../lib/gcc/arm-none-eabi/5.4.1/../../../../arm-none-eabi/lib/armv7-m\libcr_nohost.a(_cr__main.o)
                0x00007ea0                __main
 .text.memcpy   0x00007eb4        0x4 c:/nxp/lpcxpresso_8.2.2_650/lpcxpresso/tools/bin/../lib/gcc/arm-none-eabi/5.4.1/../../../../arm-none-eabi/lib/armv7-m\libcr_c.a(memcpy.o)
                0x00007eb4                memcpy
 .text.memset   0x00007eb8        0x4 c:/nxp/lpcxpresso_8.2.2_650/lpcxpresso/tools/bin/../lib/gcc/arm-none-eabi/5.4.1/../../../../arm-none-eabi/lib/armv7-m\libcr_c.a(memset.o)
                0x00007eb8                memset
 .text._initio  0x00007ebc       0xa4 c:/nxp/lpcxpresso_8.2.2_650/lpcxpresso/tools/bin/../lib/gcc/arm-none-eabi/5.4.1/../../../../arm-none-eabi/lib/armv7-m\libcr_c.a(initio.o)
                0x00007ebc                _initio
 .text.memcmp   0x00007f60       0x42 c:/nxp/lpcxpresso_8.2.2_650/lpcxpresso/tools/bin/../lib/gcc/arm-none-eabi/5.4.1/../../../../arm-none-eabi/lib/armv7-m\libcr_c.a(memcmp.o)
                0x00007f60                memcmp
 *fill*         0x00007fa2        0x2 ff
 .text.ch_val   0x00007fa4       0x30 c:/nxp/lpcxpresso_8.2.2_650/lpcxpresso/tools/bin/../lib/gcc/arm-none-eabi/5.4.1/../../../../arm-none-eabi/lib/armv7-m\libcr_c.a(scanf.o)
 .text._strtoul
                0x00007fd4       0xbc c:/nxp/lpcxpresso_8.2.2_650/lpcxpresso/tools/bin/../lib/gcc/arm-none-eabi/5.4.1/../../../../arm-none-eabi/lib/armv7-m\libcr_c.a(scanf.o)
 .text.strtol   0x00008090       0x7c c:/nxp/lpcxpresso_8.2.2_650/lpcxpresso/tools/bin/../lib/gcc/arm-none-eabi/5.4.1/../../../../arm-none-eabi/lib/armv7-m\libcr_c.a(scanf.o)
                0x00008090                strtol
 .text.atol     0x0000810c       0x18 c:/nxp/lpcxpresso_8.2.2_650/lpcxpresso/tools/bin/../lib/gcc/arm-none-eabi/5.4.1/../../../../arm-none-eabi/lib/armv7-m\libcr_c.a(scanf.o)
                0x0000810c                atol
 .text.setvbuf  0x00008124       0x40 c:/nxp/lpcxpresso_8.2.2_650/lpcxpresso/tools/bin/../lib/gcc/arm-none-eabi/5.4.1/../../../../arm-none-eabi/lib/armv7-m\libcr_c.a(setvbuf.o)
                0x00008124                setvbuf
 .text.strcat   0x00008164       0x1e c:/nxp/lpcxpresso_8.2.2_650/lpcxpresso/tools/bin/../lib/gcc/arm-none-eabi/5.4.1/../../../../arm-none-eabi/lib/armv7-m\libcr_c.a(strcat.o)
                0x00008164                strcat
 .text.strcmp   0x00008182       0x44 c:/nxp/lpcxpresso_8.2.2_650/lpcxpresso/tools/bin/../lib/gcc/arm-none-eabi/5.4.1/../../../../arm-none-eabi/lib/armv7-m\libcr_c.a(strcmp.o)
                0x00008182                strcmp
 .text.strcpy   0x000081c6       0x42 c:/nxp/lpcxpresso_8.2.2_650/lpcxpresso/tools/bin/../lib/gcc/arm-none-eabi/5.4.1/../../../../arm-none-eabi/lib/armv7-m\libcr_c.a(strcpy.o)
                0x000081c6                strcpy
 .text.strlen   0x00008208       0x4a c:/nxp/lpcxpresso_8.2.2_650/lpcxpresso/tools/bin/../lib/gcc/arm-none-eabi/5.4.1/../../../../arm-none-eabi/lib/armv7-m\libcr_c.a(strlen.o)
                0x00008208                strlen
 .text.strncat  0x00008252       0x28 c:/nxp/lpcxpresso_8.2.2_650/lpcxpresso/tools/bin/../lib/gcc/arm-none-eabi/5.4.1/../../../../arm-none-eabi/lib/armv7-m\libcr_c.a(strncat.o)
                0x00008252                strncat
 .text.strncmp  0x0000827a       0x56 c:/nxp/lpcxpresso_8.2.2_650/lpcxpresso/tools/bin/../lib/gcc/arm-none-eabi/5.4.1/../../../../arm-none-eabi/lib/armv7-m\libcr_c.a(strncmp.o)
                0x0000827a                strncmp
 .text.strncpy  0x000082d0       0x56 c:/nxp/lpcxpresso_8.2.2_650/lpcxpresso/tools/bin/../lib/gcc/arm-none-eabi/5.4.1/../../../../arm-none-eabi/lib/armv7-m\libcr_c.a(strncpy.o)
                0x000082d0                strncpy
 .text._deferredlazyseek
                0x00008326       0x44 c:/nxp/lpcxpresso_8.2.2_650/lpcxpresso/tools/bin/../lib/gcc/arm-none-eabi/5.4.1/../../../../arm-none-eabi/lib/armv7-m\libcr_c.a(_deferredlazyseek.o)
                0x00008326                _deferredlazyseek
 .text._fdopen  0x0000836a       0x6a c:/nxp/lpcxpresso_8.2.2_650/lpcxpresso/tools/bin/../lib/gcc/arm-none-eabi/5.4.1/../../../../arm-none-eabi/lib/armv7-m\libcr_c.a(_fdopen.o)
                0x0000836a                _fdopen
 .text._fflush  0x000083d4       0x58 c:/nxp/lpcxpresso_8.2.2_650/lpcxpresso/tools/bin/../lib/gcc/arm-none-eabi/5.4.1/../../../../arm-none-eabi/lib/armv7-m\libcr_c.a(_fflush.o)
                0x000083d4                _fflush
 .text._Cwritebuf
                0x0000842c       0x68 c:/nxp/lpcxpresso_8.2.2_650/lpcxpresso/tools/bin/../lib/gcc/arm-none-eabi/5.4.1/../../../../arm-none-eabi/lib/armv7-m\libcr_c.a(_writebuf.o)
                0x0000842c                _Cwritebuf
 .text.malloc   0x00008494       0xc8 c:/nxp/lpcxpresso_8.2.2_650/lpcxpresso/tools/bin/../lib/gcc/arm-none-eabi/5.4.1/../../../../arm-none-eabi/lib/armv7-m\libcr_c.a(alloc.o)
                0x00008494                malloc
 .text.free     0x0000855c       0x30 c:/nxp/lpcxpresso_8.2.2_650/lpcxpresso/tools/bin/../lib/gcc/arm-none-eabi/5.4.1/../../../../arm-none-eabi/lib/armv7-m\libcr_c.a(alloc.o)
                0x0000855c                free
 .text._Csys_alloc
                0x0000858c       0x20 c:/nxp/lpcxpresso_8.2.2_650/lpcxpresso/tools/bin/../lib/gcc/arm-none-eabi/5.4.1/../../../../arm-none-eabi/lib/armv7-m\libcr_c.a(alloc.o)
                0x0000858c                _Csys_alloc
 .text.fclose   0x000085ac       0x6c c:/nxp/lpcxpresso_8.2.2_650/lpcxpresso/tools/bin/../lib/gcc/arm-none-eabi/5.4.1/../../../../arm-none-eabi/lib/armv7-m\libcr_c.a(fclose.o)
                0x000085ac                fclose
 .text.fflush   0x00008618       0x30 c:/nxp/lpcxpresso_8.2.2_650/lpcxpresso/tools/bin/../lib/gcc/arm-none-eabi/5.4.1/../../../../arm-none-eabi/lib/armv7-m\libcr_c.a(fflush.o)
                0x00008618                fflush
 .text.fseek    0x00008648      0x110 c:/nxp/lpcxpresso_8.2.2_650/lpcxpresso/tools/bin/../lib/gcc/arm-none-eabi/5.4.1/../../../../arm-none-eabi/lib/armv7-m\libcr_c.a(fseek.o)
                0x00008648                fseek
 .text.ftell    0x00008758       0x4c c:/nxp/lpcxpresso_8.2.2_650/lpcxpresso/tools/bin/../lib/gcc/arm-none-eabi/5.4.1/../../../../arm-none-eabi/lib/armv7-m\libcr_c.a(ftell.o)
                0x00008758                ftell
 .text.remove   0x000087a4       0x14 c:/nxp/lpcxpresso_8.2.2_650/lpcxpresso/tools/bin/../lib/gcc/arm-none-eabi/5.4.1/../../../../arm-none-eabi/lib/armv7-m\libcr_c.a(remove.o)
                0x000087a4                remove
 .text._sbrk    0x000087b8       0x40 c:/nxp/lpcxpresso_8.2.2_650/lpcxpresso/tools/bin/../lib/gcc/arm-none-eabi/5.4.1/../../../../arm-none-eabi/lib/armv7-m\libcr_c.a(_cr_sbrk.o)
                0x000087b8                _sbrk
 .text._do_fflush
                0x000087f8       0x44 c:/nxp/lpcxpresso_8.2.2_650/lpcxpresso/tools/bin/../lib/gcc/arm-none-eabi/5.4.1/../../../../arm-none-eabi/lib/armv7-m\libcr_c.a(_do_fflush.o)
                0x000087f8                _do_fflush
 .text.__check_heap_overflow
                0x0000883c       0x18 c:/nxp/lpcxpresso_8.2.2_650/lpcxpresso/tools/bin/../lib/gcc/arm-none-eabi/5.4.1/../../../../arm-none-eabi/lib/armv7-m\libcr_c.a(_cr_check_heap.o)
                0x0000883c                __check_heap_overflow
 .text.__aeabi_memcpy
                0x00008854       0x34 c:/nxp/lpcxpresso_8.2.2_650/lpcxpresso/tools/bin/../lib/gcc/arm-none-eabi/5.4.1/armv7-m\libcr_eabihelpers.a(memcpy.o)
                0x00008854                __aeabi_memcpy
                0x0000885e                __aeabi_memcpy8
                0x0000885e                __aeabi_memcpy4
 .text.__aeabi_memset_lowlevel
                0x00008888       0x32 c:/nxp/lpcxpresso_8.2.2_650/lpcxpresso/tools/bin/../lib/gcc/arm-none-eabi/5.4.1/armv7-m\libcr_eabihelpers.a(memcpy.o)
                0x00008888                __aeabi_lowlevel_memset
 .text.__sys_appexit
                0x000088ba        0x2 c:/nxp/lpcxpresso_8.2.2_650/lpcxpresso/tools/bin/../lib/gcc/arm-none-eabi/5.4.1/../../../../arm-none-eabi/lib/armv7-m\libcr_nohost.a(__sys_appexit.o)
                0x000088ba                __sys_appexit
                0x000088ba                __exit
 .text.__sys_close
                0x000088bc        0x6 c:/nxp/lpcxpresso_8.2.2_650/lpcxpresso/tools/bin/../lib/gcc/arm-none-eabi/5.4.1/../../../../arm-none-eabi/lib/armv7-m\libcr_nohost.a(__sys_close.o)
                0x000088bc                __sys_close
 .text.__sys_flen
                0x000088c2        0x6 c:/nxp/lpcxpresso_8.2.2_650/lpcxpresso/tools/bin/../lib/gcc/arm-none-eabi/5.4.1/../../../../arm-none-eabi/lib/armv7-m\libcr_nohost.a(__sys_flen.o)
                0x000088c2                __sys_flen
 .text.__sys_istty
                0x000088c8        0x6 c:/nxp/lpcxpresso_8.2.2_650/lpcxpresso/tools/bin/../lib/gcc/arm-none-eabi/5.4.1/../../../../arm-none-eabi/lib/armv7-m\libcr_nohost.a(__sys_istty.o)
                0x000088c8                __sys_istty
 .text.__sys_remove
                0x000088ce        0x6 c:/nxp/lpcxpresso_8.2.2_650/lpcxpresso/tools/bin/../lib/gcc/arm-none-eabi/5.4.1/../../../../arm-none-eabi/lib/armv7-m\libcr_nohost.a(__sys_remove.o)
                0x000088ce                __sys_remove
 .text.__sys_seek
                0x000088d4        0x6 c:/nxp/lpcxpresso_8.2.2_650/lpcxpresso/tools/bin/../lib/gcc/arm-none-eabi/5.4.1/../../../../arm-none-eabi/lib/armv7-m\libcr_nohost.a(__sys_seek.o)
                0x000088d4                __sys_seek
 .text.__sys_tmpnam
                0x000088da        0x6 c:/nxp/lpcxpresso_8.2.2_650/lpcxpresso/tools/bin/../lib/gcc/arm-none-eabi/5.4.1/../../../../arm-none-eabi/lib/armv7-m\libcr_nohost.a(__sys_tmpnam.o)
                0x000088da                __sys_tmpnam
 .text.__sys_write
                0x000088e0        0x4 c:/nxp/lpcxpresso_8.2.2_650/lpcxpresso/tools/bin/../lib/gcc/arm-none-eabi/5.4.1/../../../../arm-none-eabi/lib/armv7-m\libcr_nohost.a(__sys_write.o)
                0x000088e0                __sys_write
                0x000088e0                __write
 *(.rodata .rodata.* .constdata .constdata.*)
 .rodata.xIRQ   0x000088e4        0x3 ./Source/FreeRTOS-Products/FreeRTOS-Plus-IO/Device/LPC17xx/FreeRTOS_lpc17xx_i2c.o
 *fill*         0x000088e7        0x1 ff
 .rodata.xIRQ   0x000088e8        0x2 ./Source/FreeRTOS-Products/FreeRTOS-Plus-IO/Device/LPC17xx/FreeRTOS_lpc17xx_ssp.o
 *fill*         0x000088ea        0x2 ff
 .rodata.xIRQ   0x000088ec        0x4 ./Source/FreeRTOS-Products/FreeRTOS-Plus-IO/Device/LPC17xx/FreeRTOS_lpc17xx_uart.o
 .rodata        0x000088f0       0x17 ./Source/FreeRTOS-Products/FreeRTOS-Plus-IO/Common/FreeRTOS_DriverInterface.o
 *fill*         0x00008907        0x1 ff
 .rodata.xAvailablePeripherals
                0x00008908       0x24 ./Source/FreeRTOS-Products/FreeRTOS-Plus-IO/Common/FreeRTOS_DriverInterface.o
 .rodata        0x0000892c       0xe0 ./Source/FreeRTOS-Products/FreeRTOS-Plus-CLI/FreeRTOS_CLI.o
 .rodata.xHelpCommand
                0x00008a0c       0x10 ./Source/FreeRTOS-Products/FreeRTOS-Plus-CLI/FreeRTOS_CLI.o
 .rodata        0x00008a1c       0x4f ./Source/FreeRTOS-Products/FreeRTOS/tasks.o
 *fill*         0x00008a6b        0x1 ff
 .rodata.ucExpectedStackBytes.4639
                0x00008a6c       0x14 ./Source/FreeRTOS-Products/FreeRTOS/tasks.o
 .rodata        0x00008a80        0x8 ./Source/FreeRTOS-Products/FreeRTOS/timers.o
 .rodata        0x00008a88      0x464 ./Source/Examples/UART/CLI-commands.o
 .rodata.prvRunTimeStatsCommandDefinition
                0x00008eec       0x10 ./Source/Examples/UART/CLI-commands.o
 .rodata.prvTaskStatsCommandDefinition
                0x00008efc       0x10 ./Source/Examples/UART/CLI-commands.o
 .rodata.prvThreeParameterEchoCommandDefinition
                0x00008f0c       0x10 ./Source/Examples/UART/CLI-commands.o
 .rodata.prvMultiParameterEchoCommandDefinition
                0x00008f1c       0x10 ./Source/Examples/UART/CLI-commands.o
 .rodata.prvCreateTaskCommandDefinition
                0x00008f2c       0x10 ./Source/Examples/UART/CLI-commands.o
 .rodata.prvDeleteTaskCommandDefinition
                0x00008f3c       0x10 ./Source/Examples/UART/CLI-commands.o
 .rodata        0x00008f4c       0xa0 ./Source/Examples/UART/UART-interrupt-driven-command-console.o
 .rodata.pcStringOfDigits
                0x00008fec        0xa ./Source/Examples/SSP/SPI-writes-to-7-seg-display.o
 *fill*         0x00008ff6        0x2 ff
 .rodata        0x00008ff8        0xf ./Source/Examples/SSP/SPI-writes-to-7-seg-display.o
 *fill*         0x00009007        0x1 ff
 .rodata        0x00009008       0x3f ./Source/Examples/I2C/I2C-coordinator.o
 *fill*         0x00009047        0x1 ff
 .rodata        0x00009048       0x25 ./Source/Examples/I2C/I2C-to-OLED.o
 *fill*         0x0000906d        0x3 ff
 .rodata.font5x7
                0x00009070      0x300 ./Source/Examples/I2C/font5x7.o
                0x00009070                font5x7
 .rodata.ucByteBitMasks
                0x00009370        0x8 ./Source/Examples/I2C/oled.o
 .rodata.ucInitData
                0x00009378       0x44 ./Source/Examples/I2C/oled.o
                0x00009378                ucInitData
 .rodata.ucLEDPorts
                0x000093bc        0x2 ./Source/Examples/GPIO/GPIO-output-and-software-timers.o
                0x000093bc                ucLEDPorts
 *fill*         0x000093be        0x2 ff
 .rodata        0x000093c0        0x8 ./Source/Examples/GPIO/GPIO-output-and-software-timers.o
 .rodata        0x000093c8        0x7 ./Source/printf-stdarg.o
 *fill*         0x000093cf        0x1 ff
 .rodata        0x000093d0       0x18 C:\Projects\Ananke\Firmware\Tablet_FreeRTOS\lpc17xx.cmsis.driver.library\Debug\liblpc17xx.cmsis.driver.library.a(lpc17xx_i2c.o)
 .rodata        0x000093e8       0x18 C:\Projects\Ananke\Firmware\Tablet_FreeRTOS\lpc17xx.cmsis.driver.library\Debug\liblpc17xx.cmsis.driver.library.a(lpc17xx_ssp.o)
 .rodata        0x00009400       0x19 C:\Projects\Ananke\Firmware\Tablet_FreeRTOS\lpc17xx.cmsis.driver.library\Debug\liblpc17xx.cmsis.driver.library.a(lpc17xx_uart.o)
 .rodata.str1.1
                0x00009419        0x4 c:/nxp/lpcxpresso_8.2.2_650/lpcxpresso/tools/bin/../lib/gcc/arm-none-eabi/5.4.1/../../../../arm-none-eabi/lib/armv7-m\libcr_c.a(initio.o)
 .rodata.str1.1
                0x0000941d       0x18 c:/nxp/lpcxpresso_8.2.2_650/lpcxpresso/tools/bin/../lib/gcc/arm-none-eabi/5.4.1/../../../../arm-none-eabi/lib/armv7-m\libcr_c.a(alloc.o)
 .rodata.__ctype
                0x00009435      0x180 c:/nxp/lpcxpresso_8.2.2_650/lpcxpresso/tools/bin/../lib/gcc/arm-none-eabi/5.4.1/../../../../arm-none-eabi/lib/armv7-m\libcr_c.a(ctype.o)
                0x00009435                __ctype
                0x000095b8                . = ALIGN (0x4)
 *fill*         0x000095b5        0x3 ff

.glue_7         0x000095b8        0x0
 .glue_7        0x000095b8        0x0 linker stubs

.glue_7t        0x000095b8        0x0
 .glue_7t       0x000095b8        0x0 linker stubs

.vfp11_veneer   0x000095b8        0x0
 .vfp11_veneer  0x000095b8        0x0 linker stubs

.v4_bx          0x000095b8        0x0
 .v4_bx         0x000095b8        0x0 linker stubs

.iplt           0x000095b8        0x0
 .iplt          0x000095b8        0x0 ./Source/FreeRTOS-Products/FreeRTOS/portable/MemMang/heap_2.o

.rel.dyn        0x000095b8        0x0
 .rel.iplt      0x000095b8        0x0 ./Source/FreeRTOS-Products/FreeRTOS/portable/MemMang/heap_2.o

.ARM.extab
 *(.ARM.extab* .gnu.linkonce.armextab.*)
                0x000095b8                __exidx_start = .

.ARM.exidx
 *(.ARM.exidx* .gnu.linkonce.armexidx.*)
                0x000095b8                __exidx_end = .
                0x000095b8                _etext = .

.data_RAM2      0x2007c000        0x0 load address 0x000095b8
 FILL mask 0xff
                [!provide]                PROVIDE (__start_data_RAM2, .)
 *(.ramfunc.$RAM2)
 *(.ramfunc.$RamAHB32)
 *(.data.$RAM2*)
 *(.data.$RamAHB32*)
                0x2007c000                . = ALIGN (0x4)
                [!provide]                PROVIDE (__end_data_RAM2, .)

.uninit_RESERVED
                0x10000000        0x0
 *(.bss.$RESERVED*)
                0x10000000                . = ALIGN (0x4)
                0x10000000                _end_uninit_RESERVED = .

.data           0x10000000       0x3c load address 0x000095b8
 FILL mask 0xff
                0x10000000                _data = .
 *(vtable)
 *(.ramfunc*)
 *(.data*)
 .data.xFreeBytesRemaining
                0x10000000        0x4 ./Source/FreeRTOS-Products/FreeRTOS/portable/MemMang/heap_2.o
 .data.uxCriticalNesting
                0x10000004        0x4 ./Source/FreeRTOS-Products/FreeRTOS/portable/GCC/ARM_CM3/port.o
 .data.xRegisteredCommands
                0x10000008        0x8 ./Source/FreeRTOS-Products/FreeRTOS-Plus-CLI/FreeRTOS_CLI.o
 .data.pxLastCommandInList.4170
                0x10000010        0x4 ./Source/FreeRTOS-Products/FreeRTOS-Plus-CLI/FreeRTOS_CLI.o
 .data.xNextTaskUnblockTime
                0x10000014        0x4 ./Source/FreeRTOS-Products/FreeRTOS/tasks.o
 .data.pcTaskAlreadyCreatedMessage.4516
                0x10000018        0x4 ./Source/Examples/UART/CLI-commands.o
 .data.pcSuccessMessage.4514
                0x1000001c        0x4 ./Source/Examples/UART/CLI-commands.o
 .data.pcFailureMessage.4515
                0x10000020        0x4 ./Source/Examples/UART/CLI-commands.o
 .data.pcSuccessMessage.4524
                0x10000024        0x4 ./Source/Examples/UART/CLI-commands.o
 .data.pcFailureMessage.4525
                0x10000028        0x4 ./Source/Examples/UART/CLI-commands.o
 .data.ulLEDBits
                0x1000002c        0x8 ./Source/Examples/GPIO/GPIO-output-and-software-timers.o
                0x1000002c                ulLEDBits
 .data.ucState.5756
                0x10000034        0x1 ./Source/Examples/GPIO/GPIO-output-and-software-timers.o
 *fill*         0x10000035        0x3 ff
 .data.SystemCoreClock
                0x10000038        0x4 C:\Projects\Ananke\Firmware\Tablet_FreeRTOS\CMSISv2p00_LPC17xx\Debug\libCMSISv2p00_LPC17xx.a(system_LPC17xx.o)
                0x10000038                SystemCoreClock
                0x1000003c                . = ALIGN (0x4)
                0x1000003c                _edata = .

.igot.plt       0x1000003c        0x0 load address 0x000095f4
 .igot.plt      0x1000003c        0x0 ./Source/FreeRTOS-Products/FreeRTOS/portable/MemMang/heap_2.o

.bss_RAM2       0x2007c000        0x0
                [!provide]                PROVIDE (__start_bss_RAM2, .)
 *(.bss.$RAM2*)
 *(.bss.$RamAHB32*)
                0x2007c000                . = ALIGN ((. != 0x0)?0x4:0x1)
                [!provide]                PROVIDE (__end_bss_RAM2, .)

.bss            0x10000040     0x4814
                0x10000040                _bss = .
 *(.bss*)
 .bss.xHeap     0x10000040     0x3c00 ./Source/FreeRTOS-Products/FreeRTOS/portable/MemMang/heap_2.o
 .bss.xStart    0x10003c40        0x8 ./Source/FreeRTOS-Products/FreeRTOS/portable/MemMang/heap_2.o
 .bss.xEnd      0x10003c48        0x8 ./Source/FreeRTOS-Products/FreeRTOS/portable/MemMang/heap_2.o
 .bss.xHeapHasBeenInitialised.4178
                0x10003c50        0x4 ./Source/FreeRTOS-Products/FreeRTOS/portable/MemMang/heap_2.o
 .bss.pxTxTransferControlStructs
                0x10003c54        0xc ./Source/FreeRTOS-Products/FreeRTOS-Plus-IO/Device/LPC17xx/FreeRTOS_lpc17xx_i2c.o
 .bss.pxRxTransferControlStructs
                0x10003c60        0xc ./Source/FreeRTOS-Products/FreeRTOS-Plus-IO/Device/LPC17xx/FreeRTOS_lpc17xx_i2c.o
 .bss.ucSlaveAddresses
                0x10003c6c        0x3 ./Source/FreeRTOS-Products/FreeRTOS-Plus-IO/Device/LPC17xx/FreeRTOS_lpc17xx_i2c.o
 *fill*         0x10003c6f        0x1 
 .bss.xDataDirection
                0x10003c70        0x3 ./Source/FreeRTOS-Products/FreeRTOS-Plus-IO/Device/LPC17xx/FreeRTOS_lpc17xx_i2c.o
 *fill*         0x10003c73        0x1 
 .bss.xBytesOutstanding
                0x10003c74        0xc ./Source/FreeRTOS-Products/FreeRTOS-Plus-IO/Device/LPC17xx/FreeRTOS_lpc17xx_i2c.o
 .bss.pxTxTransferControlStructs
                0x10003c80        0x8 ./Source/FreeRTOS-Products/FreeRTOS-Plus-IO/Device/LPC17xx/FreeRTOS_lpc17xx_ssp.o
 .bss.pxRxTransferControlStructs
                0x10003c88        0x8 ./Source/FreeRTOS-Products/FreeRTOS-Plus-IO/Device/LPC17xx/FreeRTOS_lpc17xx_ssp.o
 .bss.ulReceiveActive
                0x10003c90        0x8 ./Source/FreeRTOS-Products/FreeRTOS-Plus-IO/Device/LPC17xx/FreeRTOS_lpc17xx_ssp.o
 .bss.xSSPConfigurations
                0x10003c98       0x30 ./Source/FreeRTOS-Products/FreeRTOS-Plus-IO/Device/LPC17xx/FreeRTOS_lpc17xx_ssp.o
 .bss.pxTxTransferControlStructs
                0x10003cc8       0x10 ./Source/FreeRTOS-Products/FreeRTOS-Plus-IO/Device/LPC17xx/FreeRTOS_lpc17xx_uart.o
 .bss.pxRxTransferControlStructs
                0x10003cd8       0x10 ./Source/FreeRTOS-Products/FreeRTOS-Plus-IO/Device/LPC17xx/FreeRTOS_lpc17xx_uart.o
 .bss.cOutputBuffer
                0x10003ce8      0x400 ./Source/FreeRTOS-Products/FreeRTOS-Plus-CLI/FreeRTOS_CLI.o
 .bss.pxCommand.4180
                0x100040e8        0x4 ./Source/FreeRTOS-Products/FreeRTOS-Plus-CLI/FreeRTOS_CLI.o
 .bss.pxCommand.4214
                0x100040ec        0x4 ./Source/FreeRTOS-Products/FreeRTOS-Plus-CLI/FreeRTOS_CLI.o
 .bss.pxCurrentTCB
                0x100040f0        0x4 ./Source/FreeRTOS-Products/FreeRTOS/tasks.o
                0x100040f0                pxCurrentTCB
 .bss.pxReadyTasksLists
                0x100040f4       0x8c ./Source/FreeRTOS-Products/FreeRTOS/tasks.o
 .bss.xDelayedTaskList1
                0x10004180       0x14 ./Source/FreeRTOS-Products/FreeRTOS/tasks.o
 .bss.xDelayedTaskList2
                0x10004194       0x14 ./Source/FreeRTOS-Products/FreeRTOS/tasks.o
 .bss.pxDelayedTaskList
                0x100041a8        0x4 ./Source/FreeRTOS-Products/FreeRTOS/tasks.o
 .bss.pxOverflowDelayedTaskList
                0x100041ac        0x4 ./Source/FreeRTOS-Products/FreeRTOS/tasks.o
 .bss.xPendingReadyList
                0x100041b0       0x14 ./Source/FreeRTOS-Products/FreeRTOS/tasks.o
 .bss.xTasksWaitingTermination
                0x100041c4       0x14 ./Source/FreeRTOS-Products/FreeRTOS/tasks.o
 .bss.uxTasksDeleted
                0x100041d8        0x4 ./Source/FreeRTOS-Products/FreeRTOS/tasks.o
 .bss.xSuspendedTaskList
                0x100041dc       0x14 ./Source/FreeRTOS-Products/FreeRTOS/tasks.o
 .bss.uxCurrentNumberOfTasks
                0x100041f0        0x4 ./Source/FreeRTOS-Products/FreeRTOS/tasks.o
 .bss.xTickCount
                0x100041f4        0x4 ./Source/FreeRTOS-Products/FreeRTOS/tasks.o
 .bss.uxTopUsedPriority
                0x100041f8        0x4 ./Source/FreeRTOS-Products/FreeRTOS/tasks.o
 .bss.uxTopReadyPriority
                0x100041fc        0x4 ./Source/FreeRTOS-Products/FreeRTOS/tasks.o
 .bss.xSchedulerRunning
                0x10004200        0x4 ./Source/FreeRTOS-Products/FreeRTOS/tasks.o
 .bss.uxSchedulerSuspended
                0x10004204        0x4 ./Source/FreeRTOS-Products/FreeRTOS/tasks.o
 .bss.uxMissedTicks
                0x10004208        0x4 ./Source/FreeRTOS-Products/FreeRTOS/tasks.o
 .bss.xMissedYield
                0x1000420c        0x4 ./Source/FreeRTOS-Products/FreeRTOS/tasks.o
 .bss.xNumOfOverflows
                0x10004210        0x4 ./Source/FreeRTOS-Products/FreeRTOS/tasks.o
 .bss.uxTaskNumber
                0x10004214        0x4 ./Source/FreeRTOS-Products/FreeRTOS/tasks.o
 .bss.pcStatsString
                0x10004218       0x32 ./Source/FreeRTOS-Products/FreeRTOS/tasks.o
 *fill*         0x1000424a        0x2 
 .bss.ulTaskSwitchedInTime
                0x1000424c        0x4 ./Source/FreeRTOS-Products/FreeRTOS/tasks.o
 .bss.pcStatusString.4729
                0x10004250       0x2a ./Source/FreeRTOS-Products/FreeRTOS/tasks.o
 *fill*         0x1000427a        0x2 
 .bss.xActiveTimerList1
                0x1000427c       0x14 ./Source/FreeRTOS-Products/FreeRTOS/timers.o
 .bss.xActiveTimerList2
                0x10004290       0x14 ./Source/FreeRTOS-Products/FreeRTOS/timers.o
 .bss.pxCurrentTimerList
                0x100042a4        0x4 ./Source/FreeRTOS-Products/FreeRTOS/timers.o
 .bss.pxOverflowTimerList
                0x100042a8        0x4 ./Source/FreeRTOS-Products/FreeRTOS/timers.o
 .bss.xTimerQueue
                0x100042ac        0x4 ./Source/FreeRTOS-Products/FreeRTOS/timers.o
 .bss.xLastTime.4247
                0x100042b0        0x4 ./Source/FreeRTOS-Products/FreeRTOS/timers.o
 .bss.xCreatedTaskHandle
                0x100042b4        0x4 ./Source/Examples/UART/CLI-commands.o
 .bss.xParameterNumber.4494
                0x100042b8        0x4 ./Source/Examples/UART/CLI-commands.o
 .bss.xParameterNumber.4505
                0x100042bc        0x4 ./Source/Examples/UART/CLI-commands.o
 .bss.pucLocalBuffer.4531
                0x100042c0       0x3c ./Source/Examples/UART/CLI-commands.o
 .bss.xCommandConsoleTask
                0x100042fc        0x4 ./Source/Examples/UART/UART-interrupt-driven-command-console.o
 .bss.xConsoleUART
                0x10004300        0x4 ./Source/Examples/UART/UART-interrupt-driven-command-console.o
 .bss.cInputString.5802
                0x10004304       0x32 ./Source/Examples/UART/UART-interrupt-driven-command-console.o
 *fill*         0x10004336        0x2 
 .bss.cLastInputString.5803
                0x10004338       0x32 ./Source/Examples/UART/UART-interrupt-driven-command-console.o
 *fill*         0x1000436a        0x2 
 .bss.ucDataBuffer
                0x1000436c       0x11 ./Source/Examples/I2C/I2C-to-and-from-EEPROM.o
 .bss.ucByte.5890
                0x1000437d        0x1 ./Source/Examples/I2C/I2C-to-and-from-EEPROM.o
 .bss.ucValue.5891
                0x1000437e        0x1 ./Source/Examples/I2C/I2C-to-and-from-EEPROM.o
 *fill*         0x1000437f        0x1 
 .bss.ucFrameBuffer
                0x10004380      0x301 ./Source/Examples/I2C/oled.o
 *fill*         0x10004681        0x3 
 .bss.xI2CPort  0x10004684        0x4 ./Source/Examples/I2C/oled.o
 .bss.ucRowDirty
                0x10004688        0x8 ./Source/Examples/I2C/oled.o
 .bss.xGPIOTimer
                0x10004690        0x4 ./Source/Examples/GPIO/GPIO-output-and-software-timers.o
 .bss.ucLED.5755
                0x10004694        0x1 ./Source/Examples/GPIO/GPIO-output-and-software-timers.o
 *fill*         0x10004695        0x3 
 .bss.ulClocksPer10thOfAMilliSecond
                0x10004698        0x4 ./Source/main.o
 .bss.i2cdat    0x1000469c       0x18 C:\Projects\Ananke\Firmware\Tablet_FreeRTOS\lpc17xx.cmsis.driver.library\Debug\liblpc17xx.cmsis.driver.library.a(lpc17xx_i2c.o)
 .bss._extra    0x100046b4        0x4 c:/nxp/lpcxpresso_8.2.2_650/lpcxpresso/tools/bin/../lib/gcc/arm-none-eabi/5.4.1/../../../../arm-none-eabi/lib/armv7-m\libcr_c.a(initio.o)
                0x100046b4                _extra
 .bss.__Ciob    0x100046b8      0x140 c:/nxp/lpcxpresso_8.2.2_650/lpcxpresso/tools/bin/../lib/gcc/arm-none-eabi/5.4.1/../../../../arm-none-eabi/lib/armv7-m\libcr_c.a(stdio.o)
                0x100046b8                __Ciob
 .bss.errno     0x100047f8        0x4 c:/nxp/lpcxpresso_8.2.2_650/lpcxpresso/tools/bin/../lib/gcc/arm-none-eabi/5.4.1/../../../../arm-none-eabi/lib/armv7-m\libcr_c.a(errno.o)
                0x100047f8                errno
 .bss.__heaps   0x100047fc        0x4 c:/nxp/lpcxpresso_8.2.2_650/lpcxpresso/tools/bin/../lib/gcc/arm-none-eabi/5.4.1/../../../../arm-none-eabi/lib/armv7-m\libcr_c.a(__init_alloc.o)
                0x100047fc                __heaps
 .bss.__end_of_heap
                0x10004800        0x4 c:/nxp/lpcxpresso_8.2.2_650/lpcxpresso/tools/bin/../lib/gcc/arm-none-eabi/5.4.1/../../../../arm-none-eabi/lib/armv7-m\libcr_c.a(__init_alloc.o)
                0x10004800                __end_of_heap
 *(COMMON)
 COMMON         0x10004804       0x50 ./Source/FreeRTOS-Products/FreeRTOS/queue.o
                0x10004804                xQueueRegistry
                0x10004854                . = ALIGN (0x4)
                0x10004854                _ebss = .
                [!provide]                PROVIDE (end, .)

.noinit_RAM2    0x2007c000        0x0
 *(.noinit.$RAM2*)
 *(.noinit.$RamAHB32*)
                0x2007c000                . = ALIGN (0x4)

.noinit         0x10004854        0x0
                0x10004854                _noinit = .
 *(.noinit*)
                0x10004854                . = ALIGN (0x4)
                0x10004854                _end_noinit = .
                0x10004854                PROVIDE (_pvHeapStart, DEFINED (__user_heap_base)?__user_heap_base:.)
                0x10008000                PROVIDE (_vStackTop, DEFINED (__user_stack_top)?__user_stack_top:(__top_RamLoc32 - 0x0))
                [!provide]                PROVIDE (__valid_user_code_checksum, (0x0 - ((((((_vStackTop + (ResetISR + 0x1)) + (NMI_Handler + 0x1)) + (HardFault_Handler + 0x1)) + (DEFINED (MemManage_Handler)?MemManage_Handler:0x0 + 0x1)) + (DEFINED (BusFault_Handler)?BusFault_Handler:0x0 + 0x1)) + (DEFINED (UsageFault_Handler)?UsageFault_Handler:0x0 + 0x1))))
OUTPUT(FreeRTOS-Plus-Demo-1.axf elf32-littlearm)

.debug_info     0x00000000     0xdaff
 .debug_info    0x00000000      0x2b8 ./Source/FreeRTOS-Products/FreeRTOS/portable/MemMang/heap_2.o
 .debug_info    0x000002b8      0x218 ./Source/FreeRTOS-Products/FreeRTOS/portable/GCC/ARM_CM3/port.o
 .debug_info    0x000004d0      0x2be ./Source/FreeRTOS-Products/FreeRTOS-Plus-IO/Device/LPC17xx/FreeRTOS_lpc17xx_DriverInterface.o
 .debug_info    0x0000078e      0xead ./Source/FreeRTOS-Products/FreeRTOS-Plus-IO/Device/LPC17xx/FreeRTOS_lpc17xx_i2c.o
 .debug_info    0x0000163b      0xca0 ./Source/FreeRTOS-Products/FreeRTOS-Plus-IO/Device/LPC17xx/FreeRTOS_lpc17xx_ssp.o
 .debug_info    0x000022db     0x10b3 ./Source/FreeRTOS-Products/FreeRTOS-Plus-IO/Device/LPC17xx/FreeRTOS_lpc17xx_uart.o
 .debug_info    0x0000338e      0x6d9 ./Source/FreeRTOS-Products/FreeRTOS-Plus-IO/Common/FreeRTOS_DriverInterface.o
 .debug_info    0x00003a67      0x279 ./Source/FreeRTOS-Products/FreeRTOS-Plus-IO/Common/FreeRTOS_IOUtils.o
 .debug_info    0x00003ce0      0x5d0 ./Source/FreeRTOS-Products/FreeRTOS-Plus-IO/Common/IOUtils_CharQueueTxAndRx.o
 .debug_info    0x000042b0      0x483 ./Source/FreeRTOS-Products/FreeRTOS-Plus-IO/Common/IOUtils_CircularBufferRx.o
 .debug_info    0x00004733      0x3f3 ./Source/FreeRTOS-Products/FreeRTOS-Plus-IO/Common/IOUtils_ZeroCopyTx.o
 .debug_info    0x00004b26      0x3b8 ./Source/FreeRTOS-Products/FreeRTOS-Plus-CLI/FreeRTOS_CLI.o
 .debug_info    0x00004ede      0x280 ./Source/FreeRTOS-Products/FreeRTOS/list.o
 .debug_info    0x0000515e      0x9fd ./Source/FreeRTOS-Products/FreeRTOS/queue.o
 .debug_info    0x00005b5b     0x1112 ./Source/FreeRTOS-Products/FreeRTOS/tasks.o
 .debug_info    0x00006c6d      0x70c ./Source/FreeRTOS-Products/FreeRTOS/timers.o
 .debug_info    0x00007379      0x512 ./Source/Examples/UART/CLI-commands.o
 .debug_info    0x0000788b      0x3dc ./Source/Examples/UART/UART-interrupt-driven-command-console.o
 .debug_info    0x00007c67      0x35f ./Source/Examples/SSP/SPI-writes-to-7-seg-display.o
 .debug_info    0x00007fc6      0x150 ./Source/Examples/I2C/I2C-coordinator.o
 .debug_info    0x00008116      0x165 ./Source/Examples/I2C/I2C-to-OLED.o
 .debug_info    0x0000827b      0x3d7 ./Source/Examples/I2C/I2C-to-and-from-EEPROM.o
 .debug_info    0x00008652       0x61 ./Source/Examples/I2C/font5x7.o
 .debug_info    0x000086b3      0x612 ./Source/Examples/I2C/oled.o
 .debug_info    0x00008cc5      0x1a0 ./Source/Examples/GPIO/GPIO-output-and-software-timers.o
 .debug_info    0x00008e65      0x36f ./Source/cr_startup_lpc176x.o
 .debug_info    0x000091d4      0x3a1 ./Source/main.o
 .debug_info    0x00009575      0x3c4 ./Source/printf-stdarg.o
 .debug_info    0x00009939      0xd38 C:\Projects\Ananke\Firmware\Tablet_FreeRTOS\lpc17xx.cmsis.driver.library\Debug\liblpc17xx.cmsis.driver.library.a(lpc17xx_gpio.o)
 .debug_info    0x0000a671      0xd00 C:\Projects\Ananke\Firmware\Tablet_FreeRTOS\lpc17xx.cmsis.driver.library\Debug\liblpc17xx.cmsis.driver.library.a(lpc17xx_i2c.o)
 .debug_info    0x0000b371       0xd3 C:\Projects\Ananke\Firmware\Tablet_FreeRTOS\lpc17xx.cmsis.driver.library\Debug\liblpc17xx.cmsis.driver.library.a(lpc17xx_libcfg_default.o)
 .debug_info    0x0000b444      0x459 C:\Projects\Ananke\Firmware\Tablet_FreeRTOS\lpc17xx.cmsis.driver.library\Debug\liblpc17xx.cmsis.driver.library.a(lpc17xx_pinsel.o)
 .debug_info    0x0000b89d      0x718 C:\Projects\Ananke\Firmware\Tablet_FreeRTOS\lpc17xx.cmsis.driver.library\Debug\liblpc17xx.cmsis.driver.library.a(lpc17xx_ssp.o)
 .debug_info    0x0000bfb5     0x11fa C:\Projects\Ananke\Firmware\Tablet_FreeRTOS\lpc17xx.cmsis.driver.library\Debug\liblpc17xx.cmsis.driver.library.a(lpc17xx_uart.o)
 .debug_info    0x0000d1af      0x638 C:\Projects\Ananke\Firmware\Tablet_FreeRTOS\lpc17xx.cmsis.driver.library\Debug\liblpc17xx.cmsis.driver.library.a(lpc17xx_clkpwr.o)
 .debug_info    0x0000d7e7      0x318 C:\Projects\Ananke\Firmware\Tablet_FreeRTOS\CMSISv2p00_LPC17xx\Debug\libCMSISv2p00_LPC17xx.a(system_LPC17xx.o)

.debug_abbrev   0x00000000     0x30ec
 .debug_abbrev  0x00000000      0x17a ./Source/FreeRTOS-Products/FreeRTOS/portable/MemMang/heap_2.o
 .debug_abbrev  0x0000017a      0x176 ./Source/FreeRTOS-Products/FreeRTOS/portable/GCC/ARM_CM3/port.o
 .debug_abbrev  0x000002f0       0xd6 ./Source/FreeRTOS-Products/FreeRTOS-Plus-IO/Device/LPC17xx/FreeRTOS_lpc17xx_DriverInterface.o
 .debug_abbrev  0x000003c6      0x230 ./Source/FreeRTOS-Products/FreeRTOS-Plus-IO/Device/LPC17xx/FreeRTOS_lpc17xx_i2c.o
 .debug_abbrev  0x000005f6      0x228 ./Source/FreeRTOS-Products/FreeRTOS-Plus-IO/Device/LPC17xx/FreeRTOS_lpc17xx_ssp.o
 .debug_abbrev  0x0000081e      0x27c ./Source/FreeRTOS-Products/FreeRTOS-Plus-IO/Device/LPC17xx/FreeRTOS_lpc17xx_uart.o
 .debug_abbrev  0x00000a9a      0x168 ./Source/FreeRTOS-Products/FreeRTOS-Plus-IO/Common/FreeRTOS_DriverInterface.o
 .debug_abbrev  0x00000c02       0xb2 ./Source/FreeRTOS-Products/FreeRTOS-Plus-IO/Common/FreeRTOS_IOUtils.o
 .debug_abbrev  0x00000cb4      0x108 ./Source/FreeRTOS-Products/FreeRTOS-Plus-IO/Common/IOUtils_CharQueueTxAndRx.o
 .debug_abbrev  0x00000dbc      0x108 ./Source/FreeRTOS-Products/FreeRTOS-Plus-IO/Common/IOUtils_CircularBufferRx.o
 .debug_abbrev  0x00000ec4       0xf0 ./Source/FreeRTOS-Products/FreeRTOS-Plus-IO/Common/IOUtils_ZeroCopyTx.o
 .debug_abbrev  0x00000fb4      0x14c ./Source/FreeRTOS-Products/FreeRTOS-Plus-CLI/FreeRTOS_CLI.o
 .debug_abbrev  0x00001100       0xbf ./Source/FreeRTOS-Products/FreeRTOS/list.o
 .debug_abbrev  0x000011bf      0x17f ./Source/FreeRTOS-Products/FreeRTOS/queue.o
 .debug_abbrev  0x0000133e      0x1ec ./Source/FreeRTOS-Products/FreeRTOS/tasks.o
 .debug_abbrev  0x0000152a      0x176 ./Source/FreeRTOS-Products/FreeRTOS/timers.o
 .debug_abbrev  0x000016a0      0x144 ./Source/Examples/UART/CLI-commands.o
 .debug_abbrev  0x000017e4      0x13f ./Source/Examples/UART/UART-interrupt-driven-command-console.o
 .debug_abbrev  0x00001923      0x116 ./Source/Examples/SSP/SPI-writes-to-7-seg-display.o
 .debug_abbrev  0x00001a39       0xd4 ./Source/Examples/I2C/I2C-coordinator.o
 .debug_abbrev  0x00001b0d       0xc8 ./Source/Examples/I2C/I2C-to-OLED.o
 .debug_abbrev  0x00001bd5      0x132 ./Source/Examples/I2C/I2C-to-and-from-EEPROM.o
 .debug_abbrev  0x00001d07       0x48 ./Source/Examples/I2C/font5x7.o
 .debug_abbrev  0x00001d4f      0x18d ./Source/Examples/I2C/oled.o
 .debug_abbrev  0x00001edc       0xe2 ./Source/Examples/GPIO/GPIO-output-and-software-timers.o
 .debug_abbrev  0x00001fbe      0x153 ./Source/cr_startup_lpc176x.o
 .debug_abbrev  0x00002111      0x1a7 ./Source/main.o
 .debug_abbrev  0x000022b8      0x14d ./Source/printf-stdarg.o
 .debug_abbrev  0x00002405      0x211 C:\Projects\Ananke\Firmware\Tablet_FreeRTOS\lpc17xx.cmsis.driver.library\Debug\liblpc17xx.cmsis.driver.library.a(lpc17xx_gpio.o)
 .debug_abbrev  0x00002616      0x28e C:\Projects\Ananke\Firmware\Tablet_FreeRTOS\lpc17xx.cmsis.driver.library\Debug\liblpc17xx.cmsis.driver.library.a(lpc17xx_i2c.o)
 .debug_abbrev  0x000028a4       0x6c C:\Projects\Ananke\Firmware\Tablet_FreeRTOS\lpc17xx.cmsis.driver.library\Debug\liblpc17xx.cmsis.driver.library.a(lpc17xx_libcfg_default.o)
 .debug_abbrev  0x00002910      0x143 C:\Projects\Ananke\Firmware\Tablet_FreeRTOS\lpc17xx.cmsis.driver.library\Debug\liblpc17xx.cmsis.driver.library.a(lpc17xx_pinsel.o)
 .debug_abbrev  0x00002a53      0x1c9 C:\Projects\Ananke\Firmware\Tablet_FreeRTOS\lpc17xx.cmsis.driver.library\Debug\liblpc17xx.cmsis.driver.library.a(lpc17xx_ssp.o)
 .debug_abbrev  0x00002c1c      0x21e C:\Projects\Ananke\Firmware\Tablet_FreeRTOS\lpc17xx.cmsis.driver.library\Debug\liblpc17xx.cmsis.driver.library.a(lpc17xx_uart.o)
 .debug_abbrev  0x00002e3a      0x1cc C:\Projects\Ananke\Firmware\Tablet_FreeRTOS\lpc17xx.cmsis.driver.library\Debug\liblpc17xx.cmsis.driver.library.a(lpc17xx_clkpwr.o)
 .debug_abbrev  0x00003006       0xe6 C:\Projects\Ananke\Firmware\Tablet_FreeRTOS\CMSISv2p00_LPC17xx\Debug\libCMSISv2p00_LPC17xx.a(system_LPC17xx.o)

.debug_aranges  0x00000000      0xdb0
 .debug_aranges
                0x00000000       0x38 ./Source/FreeRTOS-Products/FreeRTOS/portable/MemMang/heap_2.o
 .debug_aranges
                0x00000038       0x80 ./Source/FreeRTOS-Products/FreeRTOS/portable/GCC/ARM_CM3/port.o
 .debug_aranges
                0x000000b8       0x20 ./Source/FreeRTOS-Products/FreeRTOS-Plus-IO/Device/LPC17xx/FreeRTOS_lpc17xx_DriverInterface.o
 .debug_aranges
                0x000000d8       0x58 ./Source/FreeRTOS-Products/FreeRTOS-Plus-IO/Device/LPC17xx/FreeRTOS_lpc17xx_i2c.o
 .debug_aranges
                0x00000130       0x60 ./Source/FreeRTOS-Products/FreeRTOS-Plus-IO/Device/LPC17xx/FreeRTOS_lpc17xx_ssp.o
 .debug_aranges
                0x00000190       0x60 ./Source/FreeRTOS-Products/FreeRTOS-Plus-IO/Device/LPC17xx/FreeRTOS_lpc17xx_uart.o
 .debug_aranges
                0x000001f0       0x28 ./Source/FreeRTOS-Products/FreeRTOS-Plus-IO/Common/FreeRTOS_DriverInterface.o
 .debug_aranges
                0x00000218       0x20 ./Source/FreeRTOS-Products/FreeRTOS-Plus-IO/Common/FreeRTOS_IOUtils.o
 .debug_aranges
                0x00000238       0x50 ./Source/FreeRTOS-Products/FreeRTOS-Plus-IO/Common/IOUtils_CharQueueTxAndRx.o
 .debug_aranges
                0x00000288       0x38 ./Source/FreeRTOS-Products/FreeRTOS-Plus-IO/Common/IOUtils_CircularBufferRx.o
 .debug_aranges
                0x000002c0       0x30 ./Source/FreeRTOS-Products/FreeRTOS-Plus-IO/Common/IOUtils_ZeroCopyTx.o
 .debug_aranges
                0x000002f0       0x48 ./Source/FreeRTOS-Products/FreeRTOS-Plus-CLI/FreeRTOS_CLI.o
 .debug_aranges
                0x00000338       0x40 ./Source/FreeRTOS-Products/FreeRTOS/list.o
 .debug_aranges
                0x00000378       0xf0 ./Source/FreeRTOS-Products/FreeRTOS/queue.o
 .debug_aranges
                0x00000468      0x178 ./Source/FreeRTOS-Products/FreeRTOS/tasks.o
 .debug_aranges
                0x000005e0       0x88 ./Source/FreeRTOS-Products/FreeRTOS/timers.o
 .debug_aranges
                0x00000668       0x58 ./Source/Examples/UART/CLI-commands.o
 .debug_aranges
                0x000006c0       0x30 ./Source/Examples/UART/UART-interrupt-driven-command-console.o
 .debug_aranges
                0x000006f0       0x28 ./Source/Examples/SSP/SPI-writes-to-7-seg-display.o
 .debug_aranges
                0x00000718       0x28 ./Source/Examples/I2C/I2C-coordinator.o
 .debug_aranges
                0x00000740       0x30 ./Source/Examples/I2C/I2C-to-OLED.o
 .debug_aranges
                0x00000770       0x30 ./Source/Examples/I2C/I2C-to-and-from-EEPROM.o
 .debug_aranges
                0x000007a0       0x18 ./Source/Examples/I2C/font5x7.o
 .debug_aranges
                0x000007b8       0x50 ./Source/Examples/I2C/oled.o
 .debug_aranges
                0x00000808       0x28 ./Source/Examples/GPIO/GPIO-output-and-software-timers.o
 .debug_aranges
                0x00000830       0x88 ./Source/cr_startup_lpc176x.o
 .debug_aranges
                0x000008b8       0x48 ./Source/main.o
 .debug_aranges
                0x00000900       0x58 ./Source/printf-stdarg.o
 .debug_aranges
                0x00000958       0xf8 C:\Projects\Ananke\Firmware\Tablet_FreeRTOS\lpc17xx.cmsis.driver.library\Debug\liblpc17xx.cmsis.driver.library.a(lpc17xx_gpio.o)
 .debug_aranges
                0x00000a50       0xd0 C:\Projects\Ananke\Firmware\Tablet_FreeRTOS\lpc17xx.cmsis.driver.library\Debug\liblpc17xx.cmsis.driver.library.a(lpc17xx_i2c.o)
 .debug_aranges
                0x00000b20       0x20 C:\Projects\Ananke\Firmware\Tablet_FreeRTOS\lpc17xx.cmsis.driver.library\Debug\liblpc17xx.cmsis.driver.library.a(lpc17xx_libcfg_default.o)
 .debug_aranges
                0x00000b40       0x48 C:\Projects\Ananke\Firmware\Tablet_FreeRTOS\lpc17xx.cmsis.driver.library\Debug\liblpc17xx.cmsis.driver.library.a(lpc17xx_pinsel.o)
 .debug_aranges
                0x00000b88       0xa8 C:\Projects\Ananke\Firmware\Tablet_FreeRTOS\lpc17xx.cmsis.driver.library\Debug\liblpc17xx.cmsis.driver.library.a(lpc17xx_ssp.o)
 .debug_aranges
                0x00000c30      0x100 C:\Projects\Ananke\Firmware\Tablet_FreeRTOS\lpc17xx.cmsis.driver.library\Debug\liblpc17xx.cmsis.driver.library.a(lpc17xx_uart.o)
 .debug_aranges
                0x00000d30       0x58 C:\Projects\Ananke\Firmware\Tablet_FreeRTOS\lpc17xx.cmsis.driver.library\Debug\liblpc17xx.cmsis.driver.library.a(lpc17xx_clkpwr.o)
 .debug_aranges
                0x00000d88       0x28 C:\Projects\Ananke\Firmware\Tablet_FreeRTOS\CMSISv2p00_LPC17xx\Debug\libCMSISv2p00_LPC17xx.a(system_LPC17xx.o)

.debug_ranges   0x00000000      0xc00
 .debug_ranges  0x00000000       0x28 ./Source/FreeRTOS-Products/FreeRTOS/portable/MemMang/heap_2.o
 .debug_ranges  0x00000028       0x70 ./Source/FreeRTOS-Products/FreeRTOS/portable/GCC/ARM_CM3/port.o
 .debug_ranges  0x00000098       0x10 ./Source/FreeRTOS-Products/FreeRTOS-Plus-IO/Device/LPC17xx/FreeRTOS_lpc17xx_DriverInterface.o
 .debug_ranges  0x000000a8       0x60 ./Source/FreeRTOS-Products/FreeRTOS-Plus-IO/Device/LPC17xx/FreeRTOS_lpc17xx_i2c.o
 .debug_ranges  0x00000108       0x50 ./Source/FreeRTOS-Products/FreeRTOS-Plus-IO/Device/LPC17xx/FreeRTOS_lpc17xx_ssp.o
 .debug_ranges  0x00000158       0xd0 ./Source/FreeRTOS-Products/FreeRTOS-Plus-IO/Device/LPC17xx/FreeRTOS_lpc17xx_uart.o
 .debug_ranges  0x00000228       0x18 ./Source/FreeRTOS-Products/FreeRTOS-Plus-IO/Common/FreeRTOS_DriverInterface.o
 .debug_ranges  0x00000240       0x10 ./Source/FreeRTOS-Products/FreeRTOS-Plus-IO/Common/FreeRTOS_IOUtils.o
 .debug_ranges  0x00000250       0x40 ./Source/FreeRTOS-Products/FreeRTOS-Plus-IO/Common/IOUtils_CharQueueTxAndRx.o
 .debug_ranges  0x00000290       0x28 ./Source/FreeRTOS-Products/FreeRTOS-Plus-IO/Common/IOUtils_CircularBufferRx.o
 .debug_ranges  0x000002b8       0x20 ./Source/FreeRTOS-Products/FreeRTOS-Plus-IO/Common/IOUtils_ZeroCopyTx.o
 .debug_ranges  0x000002d8       0x38 ./Source/FreeRTOS-Products/FreeRTOS-Plus-CLI/FreeRTOS_CLI.o
 .debug_ranges  0x00000310       0x30 ./Source/FreeRTOS-Products/FreeRTOS/list.o
 .debug_ranges  0x00000340       0xe0 ./Source/FreeRTOS-Products/FreeRTOS/queue.o
 .debug_ranges  0x00000420      0x168 ./Source/FreeRTOS-Products/FreeRTOS/tasks.o
 .debug_ranges  0x00000588       0x78 ./Source/FreeRTOS-Products/FreeRTOS/timers.o
 .debug_ranges  0x00000600       0x48 ./Source/Examples/UART/CLI-commands.o
 .debug_ranges  0x00000648       0x20 ./Source/Examples/UART/UART-interrupt-driven-command-console.o
 .debug_ranges  0x00000668       0x18 ./Source/Examples/SSP/SPI-writes-to-7-seg-display.o
 .debug_ranges  0x00000680       0x18 ./Source/Examples/I2C/I2C-coordinator.o
 .debug_ranges  0x00000698       0x20 ./Source/Examples/I2C/I2C-to-OLED.o
 .debug_ranges  0x000006b8       0x20 ./Source/Examples/I2C/I2C-to-and-from-EEPROM.o
 .debug_ranges  0x000006d8       0x40 ./Source/Examples/I2C/oled.o
 .debug_ranges  0x00000718       0x18 ./Source/Examples/GPIO/GPIO-output-and-software-timers.o
 .debug_ranges  0x00000730       0x78 ./Source/cr_startup_lpc176x.o
 .debug_ranges  0x000007a8       0x38 ./Source/main.o
 .debug_ranges  0x000007e0       0x48 ./Source/printf-stdarg.o
 .debug_ranges  0x00000828       0xe8 C:\Projects\Ananke\Firmware\Tablet_FreeRTOS\lpc17xx.cmsis.driver.library\Debug\liblpc17xx.cmsis.driver.library.a(lpc17xx_gpio.o)
 .debug_ranges  0x00000910       0xc0 C:\Projects\Ananke\Firmware\Tablet_FreeRTOS\lpc17xx.cmsis.driver.library\Debug\liblpc17xx.cmsis.driver.library.a(lpc17xx_i2c.o)
 .debug_ranges  0x000009d0       0x10 C:\Projects\Ananke\Firmware\Tablet_FreeRTOS\lpc17xx.cmsis.driver.library\Debug\liblpc17xx.cmsis.driver.library.a(lpc17xx_libcfg_default.o)
 .debug_ranges  0x000009e0       0x38 C:\Projects\Ananke\Firmware\Tablet_FreeRTOS\lpc17xx.cmsis.driver.library\Debug\liblpc17xx.cmsis.driver.library.a(lpc17xx_pinsel.o)
 .debug_ranges  0x00000a18       0x98 C:\Projects\Ananke\Firmware\Tablet_FreeRTOS\lpc17xx.cmsis.driver.library\Debug\liblpc17xx.cmsis.driver.library.a(lpc17xx_ssp.o)
 .debug_ranges  0x00000ab0       0xf0 C:\Projects\Ananke\Firmware\Tablet_FreeRTOS\lpc17xx.cmsis.driver.library\Debug\liblpc17xx.cmsis.driver.library.a(lpc17xx_uart.o)
 .debug_ranges  0x00000ba0       0x48 C:\Projects\Ananke\Firmware\Tablet_FreeRTOS\lpc17xx.cmsis.driver.library\Debug\liblpc17xx.cmsis.driver.library.a(lpc17xx_clkpwr.o)
 .debug_ranges  0x00000be8       0x18 C:\Projects\Ananke\Firmware\Tablet_FreeRTOS\CMSISv2p00_LPC17xx\Debug\libCMSISv2p00_LPC17xx.a(system_LPC17xx.o)

.debug_macro    0x00000000     0x8927
 .debug_macro   0x00000000       0xeb ./Source/FreeRTOS-Products/FreeRTOS/portable/MemMang/heap_2.o
 .debug_macro   0x000000eb      0x886 ./Source/FreeRTOS-Products/FreeRTOS/portable/MemMang/heap_2.o
 .debug_macro   0x00000971       0x10 ./Source/FreeRTOS-Products/FreeRTOS/portable/MemMang/heap_2.o
 .debug_macro   0x00000981      0x12d ./Source/FreeRTOS-Products/FreeRTOS/portable/MemMang/heap_2.o
 .debug_macro   0x00000aae       0x28 ./Source/FreeRTOS-Products/FreeRTOS/portable/MemMang/heap_2.o
 .debug_macro   0x00000ad6       0x46 ./Source/FreeRTOS-Products/FreeRTOS/portable/MemMang/heap_2.o
 .debug_macro   0x00000b1c      0x5b2 ./Source/FreeRTOS-Products/FreeRTOS/portable/MemMang/heap_2.o
 .debug_macro   0x000010ce      0x162 ./Source/FreeRTOS-Products/FreeRTOS/portable/MemMang/heap_2.o
 .debug_macro   0x00001230       0x99 ./Source/FreeRTOS-Products/FreeRTOS/portable/MemMang/heap_2.o
 .debug_macro   0x000012c9       0x12 ./Source/FreeRTOS-Products/FreeRTOS/portable/MemMang/heap_2.o
 .debug_macro   0x000012db       0x1f ./Source/FreeRTOS-Products/FreeRTOS/portable/MemMang/heap_2.o
 .debug_macro   0x000012fa      0x1bd ./Source/FreeRTOS-Products/FreeRTOS/portable/MemMang/heap_2.o
 .debug_macro   0x000014b7       0x5e ./Source/FreeRTOS-Products/FreeRTOS/portable/MemMang/heap_2.o
 .debug_macro   0x00001515       0x57 ./Source/FreeRTOS-Products/FreeRTOS/portable/MemMang/heap_2.o
 .debug_macro   0x0000156c      0x117 ./Source/FreeRTOS-Products/FreeRTOS/portable/GCC/ARM_CM3/port.o
 .debug_macro   0x00001683       0x16 ./Source/FreeRTOS-Products/FreeRTOS/portable/GCC/ARM_CM3/port.o
 .debug_macro   0x00001699       0xed ./Source/FreeRTOS-Products/FreeRTOS-Plus-IO/Device/LPC17xx/FreeRTOS_lpc17xx_DriverInterface.o
 .debug_macro   0x00001786       0x9a ./Source/FreeRTOS-Products/FreeRTOS-Plus-IO/Device/LPC17xx/FreeRTOS_lpc17xx_DriverInterface.o
 .debug_macro   0x00001820       0xca ./Source/FreeRTOS-Products/FreeRTOS-Plus-IO/Device/LPC17xx/FreeRTOS_lpc17xx_DriverInterface.o
 .debug_macro   0x000018ea      0x1af ./Source/FreeRTOS-Products/FreeRTOS-Plus-IO/Device/LPC17xx/FreeRTOS_lpc17xx_i2c.o
 .debug_macro   0x00001a99       0x96 ./Source/FreeRTOS-Products/FreeRTOS-Plus-IO/Device/LPC17xx/FreeRTOS_lpc17xx_i2c.o
 .debug_macro   0x00001b2f       0x77 ./Source/FreeRTOS-Products/FreeRTOS-Plus-IO/Device/LPC17xx/FreeRTOS_lpc17xx_i2c.o
 .debug_macro   0x00001ba6       0x1c ./Source/FreeRTOS-Products/FreeRTOS-Plus-IO/Device/LPC17xx/FreeRTOS_lpc17xx_i2c.o
 .debug_macro   0x00001bc2       0x2e ./Source/FreeRTOS-Products/FreeRTOS-Plus-IO/Device/LPC17xx/FreeRTOS_lpc17xx_i2c.o
 .debug_macro   0x00001bf0       0x18 ./Source/FreeRTOS-Products/FreeRTOS-Plus-IO/Device/LPC17xx/FreeRTOS_lpc17xx_i2c.o
 .debug_macro   0x00001c08      0x7af ./Source/FreeRTOS-Products/FreeRTOS-Plus-IO/Device/LPC17xx/FreeRTOS_lpc17xx_i2c.o
 .debug_macro   0x000023b7      0x2c7 ./Source/FreeRTOS-Products/FreeRTOS-Plus-IO/Device/LPC17xx/FreeRTOS_lpc17xx_i2c.o
 .debug_macro   0x0000267e       0x5d ./Source/FreeRTOS-Products/FreeRTOS-Plus-IO/Device/LPC17xx/FreeRTOS_lpc17xx_i2c.o
 .debug_macro   0x000026db      0x334 ./Source/FreeRTOS-Products/FreeRTOS-Plus-IO/Device/LPC17xx/FreeRTOS_lpc17xx_i2c.o
 .debug_macro   0x00002a0f      0x2a3 ./Source/FreeRTOS-Products/FreeRTOS-Plus-IO/Device/LPC17xx/FreeRTOS_lpc17xx_i2c.o
 .debug_macro   0x00002cb2      0x191 ./Source/FreeRTOS-Products/FreeRTOS-Plus-IO/Device/LPC17xx/FreeRTOS_lpc17xx_i2c.o
 .debug_macro   0x00002e43      0x15b ./Source/FreeRTOS-Products/FreeRTOS-Plus-IO/Device/LPC17xx/FreeRTOS_lpc17xx_i2c.o