16:22:58 **** Build of configuration Debug for project CMSISv2p00_LPC17xx ****
make -r all 
Building file: ../src/core_cm3.c
Invoking: MCU C Compiler
arm-none-eabi-gcc -D__REDLIB__ -DDEBUG -D__CODE_RED -I../inc -O0 -Os -g3 -Wall -c -fmessage-length=0 -fno-builtin -ffunction-sections -fdata-sections -mcpu=cortex-m3 -mthumb -D__REDLIB__ -specs=redlib.specs -MMD -MP -MF"src/core_cm3.d" -MT"src/core_cm3.o" -MT"src/core_cm3.d" -o "src/core_cm3.o" "../src/core_cm3.c"
Finished building: ../src/core_cm3.c
 
Building file: ../src/system_LPC17xx.c
Invoking: MCU C Compiler
arm-none-eabi-gcc -D__REDLIB__ -DDEBUG -D__CODE_RED -I../inc -O0 -Os -g3 -Wall -c -fmessage-length=0 -fno-builtin -ffunction-sections -fdata-sections -mcpu=cortex-m3 -mthumb -D__REDLIB__ -specs=redlib.specs -MMD -MP -MF"src/system_LPC17xx.d" -MT"src/system_LPC17xx.o" -MT"src/system_LPC17xx.d" -o "src/system_LPC17xx.o" "../src/system_LPC17xx.c"
Finished building: ../src/system_LPC17xx.c
 
Building target: libCMSISv2p00_LPC17xx.a
Invoking: MCU Archiver
arm-none-eabi-ar -r  "libCMSISv2p00_LPC17xx.a"  ./src/core_cm3.o ./src/system_LPC17xx.o   
c:\nxp\LPCXpresso_8.2.2_650\lpcxpresso\tools\bin\arm-none-eabi-ar.exe: creating libCMSISv2p00_LPC17xx.a
Finished building target: libCMSISv2p00_LPC17xx.a
 
make --no-print-directory post-build
Performing post-build steps
arm-none-eabi-size libCMSISv2p00_LPC17xx.a ; # arm-none-eabi-objdump -h -S libCMSISv2p00_LPC17xx.a >libCMSISv2p00_LPC17xx.lss
   text	   data	    bss	    dec	    hex	filename
      0	      0	      0	      0	      0	core_cm3.o (ex libCMSISv2p00_LPC17xx.a)
    408	      4	      0	    412	    19c	system_LPC17xx.o (ex libCMSISv2p00_LPC17xx.a)
 
16:22:59 **** Clean-only build of configuration Debug for project lpc17xx.cmsis.driver.library ****
make -r clean 
make: *** No rule to make target `clean'.  Stop.
16:22:59 **** Build of configuration Debug for project lpc17xx.cmsis.driver.library ****
make -r all 
Building file: ../Source/debug_frmwrk.c
Invoking: MCU C Compiler
arm-none-eabi-gcc -D__REDLIB__ -DDEBUG -D__CODE_RED -I"C:\Projects\Ananke\Firmware\Tablet_FreeRTOS\FreeRTOS-Plus-Demo-1\Source" -I"C:\Projects\Ananke\Firmware\Tablet_FreeRTOS\FreeRTOS-Products\FreeRTOS\include" -I"C:\Projects\Ananke\Firmware\Tablet_FreeRTOS\FreeRTOS-Products\FreeRTOS\portable\GCC\ARM_CM3" -I"C:\Projects\Ananke\Firmware\Tablet_FreeRTOS\lpc17xx.cmsis.driver.library\Include" -I"C:\Projects\Ananke\Firmware\Tablet_FreeRTOS\CMSISv2p00_LPC17xx\inc" -O0 -g3 -Wall -c -fmessage-length=0 -fno-builtin -ffunction-sections -fdata-sections -mcpu=cortex-m3 -mthumb -D__REDLIB__ -specs=redlib.specs -MMD -MP -MF"Source/debug_frmwrk.d" -MT"Source/debug_frmwrk.o" -MT"Source/debug_frmwrk.d" -o "Source/debug_frmwrk.o" "../Source/debug_frmwrk.c"
Finished building: ../Source/debug_frmwrk.c
 
Building file: ../Source/lpc17xx_adc.c
Invoking: MCU C Compiler
arm-none-eabi-gcc -D__REDLIB__ -DDEBUG -D__CODE_RED -I"C:\Projects\Ananke\Firmware\Tablet_FreeRTOS\FreeRTOS-Plus-Demo-1\Source" -I"C:\Projects\Ananke\Firmware\Tablet_FreeRTOS\FreeRTOS-Products\FreeRTOS\include" -I"C:\Projects\Ananke\Firmware\Tablet_FreeRTOS\FreeRTOS-Products\FreeRTOS\portable\GCC\ARM_CM3" -I"C:\Projects\Ananke\Firmware\Tablet_FreeRTOS\lpc17xx.cmsis.driver.library\Include" -I"C:\Projects\Ananke\Firmware\Tablet_FreeRTOS\CMSISv2p00_LPC17xx\inc" -O0 -g3 -Wall -c -fmessage-length=0 -fno-builtin -ffunction-sections -fdata-sections -mcpu=cortex-m3 -mthumb -D__REDLIB__ -specs=redlib.specs -MMD -MP -MF"Source/lpc17xx_adc.d" -MT"Source/lpc17xx_adc.o" -MT"Source/lpc17xx_adc.d" -o "Source/lpc17xx_adc.o" "../Source/lpc17xx_adc.c"
Finished building: ../Source/lpc17xx_adc.c
 
Building file: ../Source/lpc17xx_can.c
Invoking: MCU C Compiler
arm-none-eabi-gcc -D__REDLIB__ -DDEBUG -D__CODE_RED -I"C:\Projects\Ananke\Firmware\Tablet_FreeRTOS\FreeRTOS-Plus-Demo-1\Source" -I"C:\Projects\Ananke\Firmware\Tablet_FreeRTOS\FreeRTOS-Products\FreeRTOS\include" -I"C:\Projects\Ananke\Firmware\Tablet_FreeRTOS\FreeRTOS-Products\FreeRTOS\portable\GCC\ARM_CM3" -I"C:\Projects\Ananke\Firmware\Tablet_FreeRTOS\lpc17xx.cmsis.driver.library\Include" -I"C:\Projects\Ananke\Firmware\Tablet_FreeRTOS\CMSISv2p00_LPC17xx\inc" -O0 -g3 -Wall -c -fmessage-length=0 -fno-builtin -ffunction-sections -fdata-sections -mcpu=cortex-m3 -mthumb -D__REDLIB__ -specs=redlib.specs -MMD -MP -MF"Source/lpc17xx_can.d" -MT"Source/lpc17xx_can.o" -MT"Source/lpc17xx_can.d" -o "Source/lpc17xx_can.o" "../Source/lpc17xx_can.c"
../Source/lpc17xx_can.c: In function 'CAN_Init':
../Source/lpc17xx_can.c:138:11: warning: variable 'temp' set but not used [-Wunused-but-set-variable]
  uint32_t temp;
           ^
Finished building: ../Source/lpc17xx_can.c
 
Building file: ../Source/lpc17xx_clkpwr.c
Invoking: MCU C Compiler
arm-none-eabi-gcc -D__REDLIB__ -DDEBUG -D__CODE_RED -I"C:\Projects\Ananke\Firmware\Tablet_FreeRTOS\FreeRTOS-Plus-Demo-1\Source" -I"C:\Projects\Ananke\Firmware\Tablet_FreeRTOS\FreeRTOS-Products\FreeRTOS\include" -I"C:\Projects\Ananke\Firmware\Tablet_FreeRTOS\FreeRTOS-Products\FreeRTOS\portable\GCC\ARM_CM3" -I"C:\Projects\Ananke\Firmware\Tablet_FreeRTOS\lpc17xx.cmsis.driver.library\Include" -I"C:\Projects\Ananke\Firmware\Tablet_FreeRTOS\CMSISv2p00_LPC17xx\inc" -O0 -g3 -Wall -c -fmessage-length=0 -fno-builtin -ffunction-sections -fdata-sections -mcpu=cortex-m3 -mthumb -D__REDLIB__ -specs=redlib.specs -MMD -MP -MF"Source/lpc17xx_clkpwr.d" -MT"Source/lpc17xx_clkpwr.o" -MT"Source/lpc17xx_clkpwr.d" -o "Source/lpc17xx_clkpwr.o" "../Source/lpc17xx_clkpwr.c"
Finished building: ../Source/lpc17xx_clkpwr.c
 
Building file: ../Source/lpc17xx_dac.c
Invoking: MCU C Compiler
arm-none-eabi-gcc -D__REDLIB__ -DDEBUG -D__CODE_RED -I"C:\Projects\Ananke\Firmware\Tablet_FreeRTOS\FreeRTOS-Plus-Demo-1\Source" -I"C:\Projects\Ananke\Firmware\Tablet_FreeRTOS\FreeRTOS-Products\FreeRTOS\include" -I"C:\Projects\Ananke\Firmware\Tablet_FreeRTOS\FreeRTOS-Products\FreeRTOS\portable\GCC\ARM_CM3" -I"C:\Projects\Ananke\Firmware\Tablet_FreeRTOS\lpc17xx.cmsis.driver.library\Include" -I"C:\Projects\Ananke\Firmware\Tablet_FreeRTOS\CMSISv2p00_LPC17xx\inc" -O0 -g3 -Wall -c -fmessage-length=0 -fno-builtin -ffunction-sections -fdata-sections -mcpu=cortex-m3 -mthumb -D__REDLIB__ -specs=redlib.specs -MMD -MP -MF"Source/lpc17xx_dac.d" -MT"Source/lpc17xx_dac.o" -MT"Source/lpc17xx_dac.d" -o "Source/lpc17xx_dac.o" "../Source/lpc17xx_dac.c"
Finished building: ../Source/lpc17xx_dac.c
 
Building file: ../Source/lpc17xx_emac.c
Invoking: MCU C Compiler
arm-none-eabi-gcc -D__REDLIB__ -DDEBUG -D__CODE_RED -I"C:\Projects\Ananke\Firmware\Tablet_FreeRTOS\FreeRTOS-Plus-Demo-1\Source" -I"C:\Projects\Ananke\Firmware\Tablet_FreeRTOS\FreeRTOS-Products\FreeRTOS\include" -I"C:\Projects\Ananke\Firmware\Tablet_FreeRTOS\FreeRTOS-Products\FreeRTOS\portable\GCC\ARM_CM3" -I"C:\Projects\Ananke\Firmware\Tablet_FreeRTOS\lpc17xx.cmsis.driver.library\Include" -I"C:\Projects\Ananke\Firmware\Tablet_FreeRTOS\CMSISv2p00_LPC17xx\inc" -O0 -g3 -Wall -c -fmessage-length=0 -fno-builtin -ffunction-sections -fdata-sections -mcpu=cortex-m3 -mthumb -D__REDLIB__ -specs=redlib.specs -MMD -MP -MF"Source/lpc17xx_emac.d" -MT"Source/lpc17xx_emac.o" -MT"Source/lpc17xx_emac.d" -o "Source/lpc17xx_emac.o" "../Source/lpc17xx_emac.c"
Finished building: ../Source/lpc17xx_emac.c
 
Building file: ../Source/lpc17xx_exti.c
Invoking: MCU C Compiler
arm-none-eabi-gcc -D__REDLIB__ -DDEBUG -D__CODE_RED -I"C:\Projects\Ananke\Firmware\Tablet_FreeRTOS\FreeRTOS-Plus-Demo-1\Source" -I"C:\Projects\Ananke\Firmware\Tablet_FreeRTOS\FreeRTOS-Products\FreeRTOS\include" -I"C:\Projects\Ananke\Firmware\Tablet_FreeRTOS\FreeRTOS-Products\FreeRTOS\portable\GCC\ARM_CM3" -I"C:\Projects\Ananke\Firmware\Tablet_FreeRTOS\lpc17xx.cmsis.driver.library\Include" -I"C:\Projects\Ananke\Firmware\Tablet_FreeRTOS\CMSISv2p00_LPC17xx\inc" -O0 -g3 -Wall -c -fmessage-length=0 -fno-builtin -ffunction-sections -fdata-sections -mcpu=cortex-m3 -mthumb -D__REDLIB__ -specs=redlib.specs -MMD -MP -MF"Source/lpc17xx_exti.d" -MT"Source/lpc17xx_exti.o" -MT"Source/lpc17xx_exti.d" -o "Source/lpc17xx_exti.o" "../Source/lpc17xx_exti.c"
Finished building: ../Source/lpc17xx_exti.c
 
Building file: ../Source/lpc17xx_gpdma.c
Invoking: MCU C Compiler
arm-none-eabi-gcc -D__REDLIB__ -DDEBUG -D__CODE_RED -I"C:\Projects\Ananke\Firmware\Tablet_FreeRTOS\FreeRTOS-Plus-Demo-1\Source" -I"C:\Projects\Ananke\Firmware\Tablet_FreeRTOS\FreeRTOS-Products\FreeRTOS\include" -I"C:\Projects\Ananke\Firmware\Tablet_FreeRTOS\FreeRTOS-Products\FreeRTOS\portable\GCC\ARM_CM3" -I"C:\Projects\Ananke\Firmware\Tablet_FreeRTOS\lpc17xx.cmsis.driver.library\Include" -I"C:\Projects\Ananke\Firmware\Tablet_FreeRTOS\CMSISv2p00_LPC17xx\inc" -O0 -g3 -Wall -c -fmessage-length=0 -fno-builtin -ffunction-sections -fdata-sections -mcpu=cortex-m3 -mthumb -D__REDLIB__ -specs=redlib.specs -MMD -MP -MF"Source/lpc17xx_gpdma.d" -MT"Source/lpc17xx_gpdma.o" -MT"Source/lpc17xx_gpdma.d" -o "Source/lpc17xx_gpdma.o" "../Source/lpc17xx_gpdma.c"
Finished building: ../Source/lpc17xx_gpdma.c
 
Building file: ../Source/lpc17xx_gpio.c
Invoking: MCU C Compiler
arm-none-eabi-gcc -D__REDLIB__ -DDEBUG -D__CODE_RED -I"C:\Projects\Ananke\Firmware\Tablet_FreeRTOS\FreeRTOS-Plus-Demo-1\Source" -I"C:\Projects\Ananke\Firmware\Tablet_FreeRTOS\FreeRTOS-Products\FreeRTOS\include" -I"C:\Projects\Ananke\Firmware\Tablet_FreeRTOS\FreeRTOS-Products\FreeRTOS\portable\GCC\ARM_CM3" -I"C:\Projects\Ananke\Firmware\Tablet_FreeRTOS\lpc17xx.cmsis.driver.library\Include" -I"C:\Projects\Ananke\Firmware\Tablet_FreeRTOS\CMSISv2p00_LPC17xx\inc" -O0 -g3 -Wall -c -fmessage-length=0 -fno-builtin -ffunction-sections -fdata-sections -mcpu=cortex-m3 -mthumb -D__REDLIB__ -specs=redlib.specs -MMD -MP -MF"Source/lpc17xx_gpio.d" -MT"Source/lpc17xx_gpio.o" -MT"Source/lpc17xx_gpio.d" -o "Source/lpc17xx_gpio.o" "../Source/lpc17xx_gpio.c"
Finished building: ../Source/lpc17xx_gpio.c
 
Building file: ../Source/lpc17xx_i2c.c
Invoking: MCU C Compiler
arm-none-eabi-gcc -D__REDLIB__ -DDEBUG -D__CODE_RED -I"C:\Projects\Ananke\Firmware\Tablet_FreeRTOS\FreeRTOS-Plus-Demo-1\Source" -I"C:\Projects\Ananke\Firmware\Tablet_FreeRTOS\FreeRTOS-Products\FreeRTOS\include" -I"C:\Projects\Ananke\Firmware\Tablet_FreeRTOS\FreeRTOS-Products\FreeRTOS\portable\GCC\ARM_CM3" -I"C:\Projects\Ananke\Firmware\Tablet_FreeRTOS\lpc17xx.cmsis.driver.library\Include" -I"C:\Projects\Ananke\Firmware\Tablet_FreeRTOS\CMSISv2p00_LPC17xx\inc" -O0 -g3 -Wall -c -fmessage-length=0 -fno-builtin -ffunction-sections -fdata-sections -mcpu=cortex-m3 -mthumb -D__REDLIB__ -specs=redlib.specs -MMD -MP -MF"Source/lpc17xx_i2c.d" -MT"Source/lpc17xx_i2c.o" -MT"Source/lpc17xx_i2c.d" -o "Source/lpc17xx_i2c.o" "../Source/lpc17xx_i2c.c"
Finished building: ../Source/lpc17xx_i2c.c
 
Building file: ../Source/lpc17xx_i2s.c
Invoking: MCU C Compiler
arm-none-eabi-gcc -D__REDLIB__ -DDEBUG -D__CODE_RED -I"C:\Projects\Ananke\Firmware\Tablet_FreeRTOS\FreeRTOS-Plus-Demo-1\Source" -I"C:\Projects\Ananke\Firmware\Tablet_FreeRTOS\FreeRTOS-Products\FreeRTOS\include" -I"C:\Projects\Ananke\Firmware\Tablet_FreeRTOS\FreeRTOS-Products\FreeRTOS\portable\GCC\ARM_CM3" -I"C:\Projects\Ananke\Firmware\Tablet_FreeRTOS\lpc17xx.cmsis.driver.library\Include" -I"C:\Projects\Ananke\Firmware\Tablet_FreeRTOS\CMSISv2p00_LPC17xx\inc" -O0 -g3 -Wall -c -fmessage-length=0 -fno-builtin -ffunction-sections -fdata-sections -mcpu=cortex-m3 -mthumb -D__REDLIB__ -specs=redlib.specs -MMD -MP -MF"Source/lpc17xx_i2s.d" -MT"Source/lpc17xx_i2s.o" -MT"Source/lpc17xx_i2s.d" -o "Source/lpc17xx_i2s.o" "../Source/lpc17xx_i2s.c"
Finished building: ../Source/lpc17xx_i2s.c
 
Building file: ../Source/lpc17xx_libcfg_default.c
Invoking: MCU C Compiler
arm-none-eabi-gcc -D__REDLIB__ -DDEBUG -D__CODE_RED -I"C:\Projects\Ananke\Firmware\Tablet_FreeRTOS\FreeRTOS-Plus-Demo-1\Source" -I"C:\Projects\Ananke\Firmware\Tablet_FreeRTOS\FreeRTOS-Products\FreeRTOS\include" -I"C:\Projects\Ananke\Firmware\Tablet_FreeRTOS\FreeRTOS-Products\FreeRTOS\portable\GCC\ARM_CM3" -I"C:\Projects\Ananke\Firmware\Tablet_FreeRTOS\lpc17xx.cmsis.driver.library\Include" -I"C:\Projects\Ananke\Firmware\Tablet_FreeRTOS\CMSISv2p00_LPC17xx\inc" -O0 -g3 -Wall -c -fmessage-length=0 -fno-builtin -ffunction-sections -fdata-sections -mcpu=cortex-m3 -mthumb -D__REDLIB__ -specs=redlib.specs -MMD -MP -MF"Source/lpc17xx_libcfg_default.d" -MT"Source/lpc17xx_libcfg_default.o" -MT"Source/lpc17xx_libcfg_default.d" -o "Source/lpc17xx_libcfg_default.o" "../Source/lpc17xx_libcfg_default.c"
Finished building: ../Source/lpc17xx_libcfg_default.c
 
Building file: ../Source/lpc17xx_mcpwm.c
Invoking: MCU C Compiler
arm-none-eabi-gcc -D__REDLIB__ -DDEBUG -D__CODE_RED -I"C:\Projects\Ananke\Firmware\Tablet_FreeRTOS\FreeRTOS-Plus-Demo-1\Source" -I"C:\Projects\Ananke\Firmware\Tablet_FreeRTOS\FreeRTOS-Products\FreeRTOS\include" -I"C:\Projects\Ananke\Firmware\Tablet_FreeRTOS\FreeRTOS-Products\FreeRTOS\portable\GCC\ARM_CM3" -I"C:\Projects\Ananke\Firmware\Tablet_FreeRTOS\lpc17xx.cmsis.driver.library\Include" -I"C:\Projects\Ananke\Firmware\Tablet_FreeRTOS\CMSISv2p00_LPC17xx\inc" -O0 -g3 -Wall -c -fmessage-length=0 -fno-builtin -ffunction-sections -fdata-sections -mcpu=cortex-m3 -mthumb -D__REDLIB__ -specs=redlib.specs -MMD -MP -MF"Source/lpc17xx_mcpwm.d" -MT"Source/lpc17xx_mcpwm.o" -MT"Source/lpc17xx_mcpwm.d" -o "Source/lpc17xx_mcpwm.o" "../Source/lpc17xx_mcpwm.c"
Finished building: ../Source/lpc17xx_mcpwm.c
 
Building file: ../Source/lpc17xx_nvic.c
Invoking: MCU C Compiler
arm-none-eabi-gcc -D__REDLIB__ -DDEBUG -D__CODE_RED -I"C:\Projects\Ananke\Firmware\Tablet_FreeRTOS\FreeRTOS-Plus-Demo-1\Source" -I"C:\Projects\Ananke\Firmware\Tablet_FreeRTOS\FreeRTOS-Products\FreeRTOS\include" -I"C:\Projects\Ananke\Firmware\Tablet_FreeRTOS\FreeRTOS-Products\FreeRTOS\portable\GCC\ARM_CM3" -I"C:\Projects\Ananke\Firmware\Tablet_FreeRTOS\lpc17xx.cmsis.driver.library\Include" -I"C:\Projects\Ananke\Firmware\Tablet_FreeRTOS\CMSISv2p00_LPC17xx\inc" -O0 -g3 -Wall -c -fmessage-length=0 -fno-builtin -ffunction-sections -fdata-sections -mcpu=cortex-m3 -mthumb -D__REDLIB__ -specs=redlib.specs -MMD -MP -MF"Source/lpc17xx_nvic.d" -MT"Source/lpc17xx_nvic.o" -MT"Source/lpc17xx_nvic.d" -o "Source/lpc17xx_nvic.o" "../Source/lpc17xx_nvic.c"
Finished building: ../Source/lpc17xx_nvic.c
 
Building file: ../Source/lpc17xx_pinsel.c
Invoking: MCU C Compiler
arm-none-eabi-gcc -D__REDLIB__ -DDEBUG -D__CODE_RED -I"C:\Projects\Ananke\Firmware\Tablet_FreeRTOS\FreeRTOS-Plus-Demo-1\Source" -I"C:\Projects\Ananke\Firmware\Tablet_FreeRTOS\FreeRTOS-Products\FreeRTOS\include" -I"C:\Projects\Ananke\Firmware\Tablet_FreeRTOS\FreeRTOS-Products\FreeRTOS\portable\GCC\ARM_CM3" -I"C:\Projects\Ananke\Firmware\Tablet_FreeRTOS\lpc17xx.cmsis.driver.library\Include" -I"C:\Projects\Ananke\Firmware\Tablet_FreeRTOS\CMSISv2p00_LPC17xx\inc" -O0 -g3 -Wall -c -fmessage-length=0 -fno-builtin -ffunction-sections -fdata-sections -mcpu=cortex-m3 -mthumb -D__REDLIB__ -specs=redlib.specs -MMD -MP -MF"Source/lpc17xx_pinsel.d" -MT"Source/lpc17xx_pinsel.o" -MT"Source/lpc17xx_pinsel.d" -o "Source/lpc17xx_pinsel.o" "../Source/lpc17xx_pinsel.c"
Finished building: ../Source/lpc17xx_pinsel.c
 
Building file: ../Source/lpc17xx_pwm.c
Invoking: MCU C Compiler
arm-none-eabi-gcc -D__REDLIB__ -DDEBUG -D__CODE_RED -I"C:\Projects\Ananke\Firmware\Tablet_FreeRTOS\FreeRTOS-Plus-Demo-1\Source" -I"C:\Projects\Ananke\Firmware\Tablet_FreeRTOS\FreeRTOS-Products\FreeRTOS\include" -I"C:\Projects\Ananke\Firmware\Tablet_FreeRTOS\FreeRTOS-Products\FreeRTOS\portable\GCC\ARM_CM3" -I"C:\Projects\Ananke\Firmware\Tablet_FreeRTOS\lpc17xx.cmsis.driver.library\Include" -I"C:\Projects\Ananke\Firmware\Tablet_FreeRTOS\CMSISv2p00_LPC17xx\inc" -O0 -g3 -Wall -c -fmessage-length=0 -fno-builtin -ffunction-sections -fdata-sections -mcpu=cortex-m3 -mthumb -D__REDLIB__ -specs=redlib.specs -MMD -MP -MF"Source/lpc17xx_pwm.d" -MT"Source/lpc17xx_pwm.o" -MT"Source/lpc17xx_pwm.d" -o "Source/lpc17xx_pwm.o" "../Source/lpc17xx_pwm.c"
Finished building: ../Source/lpc17xx_pwm.c
 
Building file: ../Source/lpc17xx_qei.c
Invoking: MCU C Compiler
arm-none-eabi-gcc -D__REDLIB__ -DDEBUG -D__CODE_RED -I"C:\Projects\Ananke\Firmware\Tablet_FreeRTOS\FreeRTOS-Plus-Demo-1\Source" -I"C:\Projects\Ananke\Firmware\Tablet_FreeRTOS\FreeRTOS-Products\FreeRTOS\include" -I"C:\Projects\Ananke\Firmware\Tablet_FreeRTOS\FreeRTOS-Products\FreeRTOS\portable\GCC\ARM_CM3" -I"C:\Projects\Ananke\Firmware\Tablet_FreeRTOS\lpc17xx.cmsis.driver.library\Include" -I"C:\Projects\Ananke\Firmware\Tablet_FreeRTOS\CMSISv2p00_LPC17xx\inc" -O0 -g3 -Wall -c -fmessage-length=0 -fno-builtin -ffunction-sections -fdata-sections -mcpu=cortex-m3 -mthumb -D__REDLIB__ -specs=redlib.specs -MMD -MP -MF"Source/lpc17xx_qei.d" -MT"Source/lpc17xx_qei.o" -MT"Source/lpc17xx_qei.d" -o "Source/lpc17xx_qei.o" "../Source/lpc17xx_qei.c"
Finished building: ../Source/lpc17xx_qei.c
 
Building file: ../Source/lpc17xx_rit.c
Invoking: MCU C Compiler
arm-none-eabi-gcc -D__REDLIB__ -DDEBUG -D__CODE_RED -I"C:\Projects\Ananke\Firmware\Tablet_FreeRTOS\FreeRTOS-Plus-Demo-1\Source" -I"C:\Projects\Ananke\Firmware\Tablet_FreeRTOS\FreeRTOS-Products\FreeRTOS\include" -I"C:\Projects\Ananke\Firmware\Tablet_FreeRTOS\FreeRTOS-Products\FreeRTOS\portable\GCC\ARM_CM3" -I"C:\Projects\Ananke\Firmware\Tablet_FreeRTOS\lpc17xx.cmsis.driver.library\Include" -I"C:\Projects\Ananke\Firmware\Tablet_FreeRTOS\CMSISv2p00_LPC17xx\inc" -O0 -g3 -Wall -c -fmessage-length=0 -fno-builtin -ffunction-sections -fdata-sections -mcpu=cortex-m3 -mthumb -D__REDLIB__ -specs=redlib.specs -MMD -MP -MF"Source/lpc17xx_rit.d" -MT"Source/lpc17xx_rit.o" -MT"Source/lpc17xx_rit.d" -o "Source/lpc17xx_rit.o" "../Source/lpc17xx_rit.c"
Finished building: ../Source/lpc17xx_rit.c
 
Building file: ../Source/lpc17xx_rtc.c
Invoking: MCU C Compiler
arm-none-eabi-gcc -D__REDLIB__ -DDEBUG -D__CODE_RED -I"C:\Projects\Ananke\Firmware\Tablet_FreeRTOS\FreeRTOS-Plus-Demo-1\Source" -I"C:\Projects\Ananke\Firmware\Tablet_FreeRTOS\FreeRTOS-Products\FreeRTOS\include" -I"C:\Projects\Ananke\Firmware\Tablet_FreeRTOS\FreeRTOS-Products\FreeRTOS\portable\GCC\ARM_CM3" -I"C:\Projects\Ananke\Firmware\Tablet_FreeRTOS\lpc17xx.cmsis.driver.library\Include" -I"C:\Projects\Ananke\Firmware\Tablet_FreeRTOS\CMSISv2p00_LPC17xx\inc" -O0 -g3 -Wall -c -fmessage-length=0 -fno-builtin -ffunction-sections -fdata-sections -mcpu=cortex-m3 -mthumb -D__REDLIB__ -specs=redlib.specs -MMD -MP -MF"Source/lpc17xx_rtc.d" -MT"Source/lpc17xx_rtc.o" -MT"Source/lpc17xx_rtc.d" -o "Source/lpc17xx_rtc.o" "../Source/lpc17xx_rtc.c"
Finished building: ../Source/lpc17xx_rtc.c
 
Building file: ../Source/lpc17xx_spi.c
Invoking: MCU C Compiler
arm-none-eabi-gcc -D__REDLIB__ -DDEBUG -D__CODE_RED -I"C:\Projects\Ananke\Firmware\Tablet_FreeRTOS\FreeRTOS-Plus-Demo-1\Source" -I"C:\Projects\Ananke\Firmware\Tablet_FreeRTOS\FreeRTOS-Products\FreeRTOS\include" -I"C:\Projects\Ananke\Firmware\Tablet_FreeRTOS\FreeRTOS-Products\FreeRTOS\portable\GCC\ARM_CM3" -I"C:\Projects\Ananke\Firmware\Tablet_FreeRTOS\lpc17xx.cmsis.driver.library\Include" -I"C:\Projects\Ananke\Firmware\Tablet_FreeRTOS\CMSISv2p00_LPC17xx\inc" -O0 -g3 -Wall -c -fmessage-length=0 -fno-builtin -ffunction-sections -fdata-sections -mcpu=cortex-m3 -mthumb -D__REDLIB__ -specs=redlib.specs -MMD -MP -MF"Source/lpc17xx_spi.d" -MT"Source/lpc17xx_spi.o" -MT"Source/lpc17xx_spi.d" -o "Source/lpc17xx_spi.o" "../Source/lpc17xx_spi.c"
Finished building: ../Source/lpc17xx_spi.c
 
Building file: ../Source/lpc17xx_ssp.c
Invoking: MCU C Compiler
arm-none-eabi-gcc -D__REDLIB__ -DDEBUG -D__CODE_RED -I"C:\Projects\Ananke\Firmware\Tablet_FreeRTOS\FreeRTOS-Plus-Demo-1\Source" -I"C:\Projects\Ananke\Firmware\Tablet_FreeRTOS\FreeRTOS-Products\FreeRTOS\include" -I"C:\Projects\Ananke\Firmware\Tablet_FreeRTOS\FreeRTOS-Products\FreeRTOS\portable\GCC\ARM_CM3" -I"C:\Projects\Ananke\Firmware\Tablet_FreeRTOS\lpc17xx.cmsis.driver.library\Include" -I"C:\Projects\Ananke\Firmware\Tablet_FreeRTOS\CMSISv2p00_LPC17xx\inc" -O0 -g3 -Wall -c -fmessage-length=0 -fno-builtin -ffunction-sections -fdata-sections -mcpu=cortex-m3 -mthumb -D__REDLIB__ -specs=redlib.specs -MMD -MP -MF"Source/lpc17xx_ssp.d" -MT"Source/lpc17xx_ssp.o" -MT"Source/lpc17xx_ssp.d" -o "Source/lpc17xx_ssp.o" "../Source/lpc17xx_ssp.c"
Finished building: ../Source/lpc17xx_ssp.c
 
Building file: ../Source/lpc17xx_systick.c
Invoking: MCU C Compiler
arm-none-eabi-gcc -D__REDLIB__ -DDEBUG -D__CODE_RED -I"C:\Projects\Ananke\Firmware\Tablet_FreeRTOS\FreeRTOS-Plus-Demo-1\Source" -I"C:\Projects\Ananke\Firmware\Tablet_FreeRTOS\FreeRTOS-Products\FreeRTOS\include" -I"C:\Projects\Ananke\Firmware\Tablet_FreeRTOS\FreeRTOS-Products\FreeRTOS\portable\GCC\ARM_CM3" -I"C:\Projects\Ananke\Firmware\Tablet_FreeRTOS\lpc17xx.cmsis.driver.library\Include" -I"C:\Projects\Ananke\Firmware\Tablet_FreeRTOS\CMSISv2p00_LPC17xx\inc" -O0 -g3 -Wall -c -fmessage-length=0 -fno-builtin -ffunction-sections -fdata-sections -mcpu=cortex-m3 -mthumb -D__REDLIB__ -specs=redlib.specs -MMD -MP -MF"Source/lpc17xx_systick.d" -MT"Source/lpc17xx_systick.o" -MT"Source/lpc17xx_systick.d" -o "Source/lpc17xx_systick.o" "../Source/lpc17xx_systick.c"
Finished building: ../Source/lpc17xx_systick.c
 
Building file: ../Source/lpc17xx_timer.c
Invoking: MCU C Compiler
arm-none-eabi-gcc -D__REDLIB__ -DDEBUG -D__CODE_RED -I"C:\Projects\Ananke\Firmware\Tablet_FreeRTOS\FreeRTOS-Plus-Demo-1\Source" -I"C:\Projects\Ananke\Firmware\Tablet_FreeRTOS\FreeRTOS-Products\FreeRTOS\include" -I"C:\Projects\Ananke\Firmware\Tablet_FreeRTOS\FreeRTOS-Products\FreeRTOS\portable\GCC\ARM_CM3" -I"C:\Projects\Ananke\Firmware\Tablet_FreeRTOS\lpc17xx.cmsis.driver.library\Include" -I"C:\Projects\Ananke\Firmware\Tablet_FreeRTOS\CMSISv2p00_LPC17xx\inc" -O0 -g3 -Wall -c -fmessage-length=0 -fno-builtin -ffunction-sections -fdata-sections -mcpu=cortex-m3 -mthumb -D__REDLIB__ -specs=redlib.specs -MMD -MP -MF"Source/lpc17xx_timer.d" -MT"Source/lpc17xx_timer.o" -MT"Source/lpc17xx_timer.d" -o "Source/lpc17xx_timer.o" "../Source/lpc17xx_timer.c"
Finished building: ../Source/lpc17xx_timer.c
 
Building file: ../Source/lpc17xx_uart.c
Invoking: MCU C Compiler
arm-none-eabi-gcc -D__REDLIB__ -DDEBUG -D__CODE_RED -I"C:\Projects\Ananke\Firmware\Tablet_FreeRTOS\FreeRTOS-Plus-Demo-1\Source" -I"C:\Projects\Ananke\Firmware\Tablet_FreeRTOS\FreeRTOS-Products\FreeRTOS\include" -I"C:\Projects\Ananke\Firmware\Tablet_FreeRTOS\FreeRTOS-Products\FreeRTOS\portable\GCC\ARM_CM3" -I"C:\Projects\Ananke\Firmware\Tablet_FreeRTOS\lpc17xx.cmsis.driver.library\Include" -I"C:\Projects\Ananke\Firmware\Tablet_FreeRTOS\CMSISv2p00_LPC17xx\inc" -O0 -g3 -Wall -c -fmessage-length=0 -fno-builtin -ffunction-sections -fdata-sections -mcpu=cortex-m3 -mthumb -D__REDLIB__ -specs=redlib.specs -MMD -MP -MF"Source/lpc17xx_uart.d" -MT"Source/lpc17xx_uart.o" -MT"Source/lpc17xx_uart.d" -o "Source/lpc17xx_uart.o" "../Source/lpc17xx_uart.c"
Finished building: ../Source/lpc17xx_uart.c
 
Building file: ../Source/lpc17xx_wdt.c
Invoking: MCU C Compiler
arm-none-eabi-gcc -D__REDLIB__ -DDEBUG -D__CODE_RED -I"C:\Projects\Ananke\Firmware\Tablet_FreeRTOS\FreeRTOS-Plus-Demo-1\Source" -I"C:\Projects\Ananke\Firmware\Tablet_FreeRTOS\FreeRTOS-Products\FreeRTOS\include" -I"C:\Projects\Ananke\Firmware\Tablet_FreeRTOS\FreeRTOS-Products\FreeRTOS\portable\GCC\ARM_CM3" -I"C:\Projects\Ananke\Firmware\Tablet_FreeRTOS\lpc17xx.cmsis.driver.library\Include" -I"C:\Projects\Ananke\Firmware\Tablet_FreeRTOS\CMSISv2p00_LPC17xx\inc" -O0 -g3 -Wall -c -fmessage-length=0 -fno-builtin -ffunction-sections -fdata-sections -mcpu=cortex-m3 -mthumb -D__REDLIB__ -specs=redlib.specs -MMD -MP -MF"Source/lpc17xx_wdt.d" -MT"Source/lpc17xx_wdt.o" -MT"Source/lpc17xx_wdt.d" -o "Source/lpc17xx_wdt.o" "../Source/lpc17xx_wdt.c"
Finished building: ../Source/lpc17xx_wdt.c
 
Building target: liblpc17xx.cmsis.driver.library.a
Invoking: MCU Archiver
arm-none-eabi-ar -r  "liblpc17xx.cmsis.driver.library.a"  ./Source/debug_frmwrk.o ./Source/lpc17xx_adc.o ./Source/lpc17xx_can.o ./Source/lpc17xx_clkpwr.o ./Source/lpc17xx_dac.o ./Source/lpc17xx_emac.o ./Source/lpc17xx_exti.o ./Source/lpc17xx_gpdma.o ./Source/lpc17xx_gpio.o ./Source/lpc17xx_i2c.o ./Source/lpc17xx_i2s.o ./Source/lpc17xx_libcfg_default.o ./Source/lpc17xx_mcpwm.o ./Source/lpc17xx_nvic.o ./Source/lpc17xx_pinsel.o ./Source/lpc17xx_pwm.o ./Source/lpc17xx_qei.o ./Source/lpc17xx_rit.o ./Source/lpc17xx_rtc.o ./Source/lpc17xx_spi.o ./Source/lpc17xx_ssp.o ./Source/lpc17xx_systick.o ./Source/lpc17xx_timer.o ./Source/lpc17xx_uart.o ./Source/lpc17xx_wdt.o   
c:\nxp\LPCXpresso_8.2.2_650\lpcxpresso\tools\bin\arm-none-eabi-ar.exe: creating liblpc17xx.cmsis.driver.library.a
Finished building target: liblpc17xx.cmsis.driver.library.a
 
make --no-print-directory post-build
Performing post-build steps
arm-none-eabi-size liblpc17xx.cmsis.driver.library.a ; # arm-none-eabi-objdump -h -S liblpc17xx.cmsis.driver.library.a >liblpc17xx.cmsis.driver.library.lss
   text	   data	    bss	    dec	    hex	filename
   1611	      0	      0	   1611	    64b	debug_frmwrk.o (ex liblpc17xx.cmsis.driver.library.a)
   1244	      0	      0	   1244	    4dc	lpc17xx_adc.o (ex liblpc17xx.cmsis.driver.library.a)
  10804	      0	     10	  10814	   2a3e	lpc17xx_can.o (ex liblpc17xx.cmsis.driver.library.a)
    536	      0	      0	    536	    218	lpc17xx_clkpwr.o (ex liblpc17xx.cmsis.driver.library.a)
    384	      0	      0	    384	    180	lpc17xx_dac.o (ex liblpc17xx.cmsis.driver.library.a)
   2831	      0	    100	   2931	    b73	lpc17xx_emac.o (ex liblpc17xx.cmsis.driver.library.a)
    344	      0	      0	    344	    158	lpc17xx_exti.o (ex liblpc17xx.cmsis.driver.library.a)
   1554	     32	      0	   1586	    632	lpc17xx_gpdma.o (ex liblpc17xx.cmsis.driver.library.a)
   2192	      0	      0	   2192	    890	lpc17xx_gpio.o (ex liblpc17xx.cmsis.driver.library.a)
   4500	      0	     52	   4552	   11c8	lpc17xx_i2c.o (ex liblpc17xx.cmsis.driver.library.a)
   2720	      0	      0	   2720	    aa0	lpc17xx_i2s.o (ex liblpc17xx.cmsis.driver.library.a)
     12	      0	      0	     12	      c	lpc17xx_libcfg_default.o (ex liblpc17xx.cmsis.driver.library.a)
   1820	      0	      0	   1820	    71c	lpc17xx_mcpwm.o (ex liblpc17xx.cmsis.driver.library.a)
    232	      0	      0	    232	     e8	lpc17xx_nvic.o (ex liblpc17xx.cmsis.driver.library.a)
    564	      0	      0	    564	    234	lpc17xx_pinsel.o (ex liblpc17xx.cmsis.driver.library.a)
   2544	      0	      0	   2544	    9f0	lpc17xx_pwm.o (ex liblpc17xx.cmsis.driver.library.a)
   2148	      0	      0	   2148	    864	lpc17xx_qei.o (ex liblpc17xx.cmsis.driver.library.a)
    560	      0	      0	    560	    230	lpc17xx_rit.o (ex liblpc17xx.cmsis.driver.library.a)
   3916	      0	      0	   3916	    f4c	lpc17xx_rtc.o (ex liblpc17xx.cmsis.driver.library.a)
   1368	      0	      0	   1368	    558	lpc17xx_spi.o (ex liblpc17xx.cmsis.driver.library.a)
   2612	      0	      0	   2612	    a34	lpc17xx_ssp.o (ex liblpc17xx.cmsis.driver.library.a)
    500	      0	      0	    500	    1f4	lpc17xx_systick.o (ex liblpc17xx.cmsis.driver.library.a)
   2562	      0	      0	   2562	    a02	lpc17xx_timer.o (ex liblpc17xx.cmsis.driver.library.a)
   5329	      0	      0	   5329	   14d1	lpc17xx_uart.o (ex liblpc17xx.cmsis.driver.library.a)
    708	      0	      0	    708	    2c4	lpc17xx_wdt.o (ex liblpc17xx.cmsis.driver.library.a)
 
16:23:04 **** Clean-only build of configuration Debug for project FreeRTOS-Plus-Demo-1 ****
make -r clean 
make: *** No rule to make target `clean'.  Stop.
16:23:06 **** Build of configuration Debug for project FreeRTOS-Plus-Demo-1 ****
make -r all 
Building file: C:/Projects/Ananke/Firmware/Tablet_FreeRTOS/FreeRTOS-Products/FreeRTOS/portable/MemMang/heap_2.c
Invoking: MCU C Compiler
arm-none-eabi-gcc -D__REDLIB__ -DDEBUG -D__CODE_RED -D__USE_CMSIS=CMSISv2p00_LPC17xx -I"C:\Projects\Ananke\Firmware\Tablet_FreeRTOS\FreeRTOS-Products\FreeRTOS-Plus-IO\Device\LPC17xx\SupportedBoards" -I"C:\Projects\Ananke\Firmware\Tablet_FreeRTOS\FreeRTOS-Products\FreeRTOS-Plus-IO\Include" -I"C:\Projects\Ananke\Firmware\Tablet_FreeRTOS\FreeRTOS-Products\FreeRTOS-Plus-CLI" -I"C:\Projects\Ananke\Firmware\Tablet_FreeRTOS\FreeRTOS-Products\FreeRTOS\portable\GCC\ARM_CM3" -I"C:\Projects\Ananke\Firmware\Tablet_FreeRTOS\FreeRTOS-Products\FreeRTOS\include" -I"C:\Projects\Ananke\Firmware\Tablet_FreeRTOS\CMSISv2p00_LPC17xx\inc" -I"C:\Projects\Ananke\Firmware\Tablet_FreeRTOS\FreeRTOS-Plus-Demo-1\Source\Examples\Include" -I"C:\Projects\Ananke\Firmware\Tablet_FreeRTOS\FreeRTOS-Plus-Demo-1\Source" -I"C:\Projects\Ananke\Firmware\Tablet_FreeRTOS\lpc17xx.cmsis.driver.library\Include" -O0 -g3 -Wall -c -fmessage-length=0 -fno-builtin -ffunction-sections -fdata-sections -Wextra -mcpu=cortex-m3 -mthumb -D__REDLIB__ -specs=redlib.specs -MMD -MP -MF"Source/FreeRTOS-Products/FreeRTOS/portable/MemMang/heap_2.d" -MT"Source/FreeRTOS-Products/FreeRTOS/portable/MemMang/heap_2.o" -MT"Source/FreeRTOS-Products/FreeRTOS/portable/MemMang/heap_2.d" -o "Source/FreeRTOS-Products/FreeRTOS/portable/MemMang/heap_2.o" "C:/Projects/Ananke/Firmware/Tablet_FreeRTOS/FreeRTOS-Products/FreeRTOS/portable/MemMang/heap_2.c"
Finished building: C:/Projects/Ananke/Firmware/Tablet_FreeRTOS/FreeRTOS-Products/FreeRTOS/portable/MemMang/heap_2.c
 
Building file: C:/Projects/Ananke/Firmware/Tablet_FreeRTOS/FreeRTOS-Products/FreeRTOS/portable/GCC/ARM_CM3/port.c
Invoking: MCU C Compiler
arm-none-eabi-gcc -D__REDLIB__ -DDEBUG -D__CODE_RED -D__USE_CMSIS=CMSISv2p00_LPC17xx -I"C:\Projects\Ananke\Firmware\Tablet_FreeRTOS\FreeRTOS-Products\FreeRTOS-Plus-IO\Device\LPC17xx\SupportedBoards" -I"C:\Projects\Ananke\Firmware\Tablet_FreeRTOS\FreeRTOS-Products\FreeRTOS-Plus-IO\Include" -I"C:\Projects\Ananke\Firmware\Tablet_FreeRTOS\FreeRTOS-Products\FreeRTOS-Plus-CLI" -I"C:\Projects\Ananke\Firmware\Tablet_FreeRTOS\FreeRTOS-Products\FreeRTOS\portable\GCC\ARM_CM3" -I"C:\Projects\Ananke\Firmware\Tablet_FreeRTOS\FreeRTOS-Products\FreeRTOS\include" -I"C:\Projects\Ananke\Firmware\Tablet_FreeRTOS\CMSISv2p00_LPC17xx\inc" -I"C:\Projects\Ananke\Firmware\Tablet_FreeRTOS\FreeRTOS-Plus-Demo-1\Source\Examples\Include" -I"C:\Projects\Ananke\Firmware\Tablet_FreeRTOS\FreeRTOS-Plus-Demo-1\Source" -I"C:\Projects\Ananke\Firmware\Tablet_FreeRTOS\lpc17xx.cmsis.driver.library\Include" -O0 -g3 -Wall -c -fmessage-length=0 -fno-builtin -ffunction-sections -fdata-sections -Wextra -mcpu=cortex-m3 -mthumb -D__REDLIB__ -specs=redlib.specs -MMD -MP -MF"Source/FreeRTOS-Products/FreeRTOS/portable/GCC/ARM_CM3/port.d" -MT"Source/FreeRTOS-Products/FreeRTOS/portable/GCC/ARM_CM3/port.o" -MT"Source/FreeRTOS-Products/FreeRTOS/portable/GCC/ARM_CM3/port.d" -o "Source/FreeRTOS-Products/FreeRTOS/portable/GCC/ARM_CM3/port.o" "C:/Projects/Ananke/Firmware/Tablet_FreeRTOS/FreeRTOS-Products/FreeRTOS/portable/GCC/ARM_CM3/port.c"
Finished building: C:/Projects/Ananke/Firmware/Tablet_FreeRTOS/FreeRTOS-Products/FreeRTOS/portable/GCC/ARM_CM3/port.c
 
Building file: C:/Projects/Ananke/Firmware/Tablet_FreeRTOS/FreeRTOS-Products/FreeRTOS-Plus-IO/Device/LPC17xx/FreeRTOS_lpc17xx_DriverInterface.c
Invoking: MCU C Compiler
arm-none-eabi-gcc -D__REDLIB__ -DDEBUG -D__CODE_RED -D__USE_CMSIS=CMSISv2p00_LPC17xx -I"C:\Projects\Ananke\Firmware\Tablet_FreeRTOS\FreeRTOS-Products\FreeRTOS-Plus-IO\Device\LPC17xx\SupportedBoards" -I"C:\Projects\Ananke\Firmware\Tablet_FreeRTOS\FreeRTOS-Products\FreeRTOS-Plus-IO\Include" -I"C:\Projects\Ananke\Firmware\Tablet_FreeRTOS\FreeRTOS-Products\FreeRTOS-Plus-CLI" -I"C:\Projects\Ananke\Firmware\Tablet_FreeRTOS\FreeRTOS-Products\FreeRTOS\portable\GCC\ARM_CM3" -I"C:\Projects\Ananke\Firmware\Tablet_FreeRTOS\FreeRTOS-Products\FreeRTOS\include" -I"C:\Projects\Ananke\Firmware\Tablet_FreeRTOS\CMSISv2p00_LPC17xx\inc" -I"C:\Projects\Ananke\Firmware\Tablet_FreeRTOS\FreeRTOS-Plus-Demo-1\Source\Examples\Include" -I"C:\Projects\Ananke\Firmware\Tablet_FreeRTOS\FreeRTOS-Plus-Demo-1\Source" -I"C:\Projects\Ananke\Firmware\Tablet_FreeRTOS\lpc17xx.cmsis.driver.library\Include" -O0 -g3 -Wall -c -fmessage-length=0 -fno-builtin -ffunction-sections -fdata-sections -Wextra -mcpu=cortex-m3 -mthumb -D__REDLIB__ -specs=redlib.specs -MMD -MP -MF"Source/FreeRTOS-Products/FreeRTOS-Plus-IO/Device/LPC17xx/FreeRTOS_lpc17xx_DriverInterface.d" -MT"Source/FreeRTOS-Products/FreeRTOS-Plus-IO/Device/LPC17xx/FreeRTOS_lpc17xx_DriverInterface.o" -MT"Source/FreeRTOS-Products/FreeRTOS-Plus-IO/Device/LPC17xx/FreeRTOS_lpc17xx_DriverInterface.d" -o "Source/FreeRTOS-Products/FreeRTOS-Plus-IO/Device/LPC17xx/FreeRTOS_lpc17xx_DriverInterface.o" "C:/Projects/Ananke/Firmware/Tablet_FreeRTOS/FreeRTOS-Products/FreeRTOS-Plus-IO/Device/LPC17xx/FreeRTOS_lpc17xx_DriverInterface.c"
Finished building: C:/Projects/Ananke/Firmware/Tablet_FreeRTOS/FreeRTOS-Products/FreeRTOS-Plus-IO/Device/LPC17xx/FreeRTOS_lpc17xx_DriverInterface.c
 
Building file: C:/Projects/Ananke/Firmware/Tablet_FreeRTOS/FreeRTOS-Products/FreeRTOS-Plus-IO/Device/LPC17xx/FreeRTOS_lpc17xx_i2c.c
Invoking: MCU C Compiler
arm-none-eabi-gcc -D__REDLIB__ -DDEBUG -D__CODE_RED -D__USE_CMSIS=CMSISv2p00_LPC17xx -I"C:\Projects\Ananke\Firmware\Tablet_FreeRTOS\FreeRTOS-Products\FreeRTOS-Plus-IO\Device\LPC17xx\SupportedBoards" -I"C:\Projects\Ananke\Firmware\Tablet_FreeRTOS\FreeRTOS-Products\FreeRTOS-Plus-IO\Include" -I"C:\Projects\Ananke\Firmware\Tablet_FreeRTOS\FreeRTOS-Products\FreeRTOS-Plus-CLI" -I"C:\Projects\Ananke\Firmware\Tablet_FreeRTOS\FreeRTOS-Products\FreeRTOS\portable\GCC\ARM_CM3" -I"C:\Projects\Ananke\Firmware\Tablet_FreeRTOS\FreeRTOS-Products\FreeRTOS\include" -I"C:\Projects\Ananke\Firmware\Tablet_FreeRTOS\CMSISv2p00_LPC17xx\inc" -I"C:\Projects\Ananke\Firmware\Tablet_FreeRTOS\FreeRTOS-Plus-Demo-1\Source\Examples\Include" -I"C:\Projects\Ananke\Firmware\Tablet_FreeRTOS\FreeRTOS-Plus-Demo-1\Source" -I"C:\Projects\Ananke\Firmware\Tablet_FreeRTOS\lpc17xx.cmsis.driver.library\Include" -O0 -g3 -Wall -c -fmessage-length=0 -fno-builtin -ffunction-sections -fdata-sections -Wextra -mcpu=cortex-m3 -mthumb -D__REDLIB__ -specs=redlib.specs -MMD -MP -MF"Source/FreeRTOS-Products/FreeRTOS-Plus-IO/Device/LPC17xx/FreeRTOS_lpc17xx_i2c.d" -MT"Source/FreeRTOS-Products/FreeRTOS-Plus-IO/Device/LPC17xx/FreeRTOS_lpc17xx_i2c.o" -MT"Source/FreeRTOS-Products/FreeRTOS-Plus-IO/Device/LPC17xx/FreeRTOS_lpc17xx_i2c.d" -o "Source/FreeRTOS-Products/FreeRTOS-Plus-IO/Device/LPC17xx/FreeRTOS_lpc17xx_i2c.o" "C:/Projects/Ananke/Firmware/Tablet_FreeRTOS/FreeRTOS-Products/FreeRTOS-Plus-IO/Device/LPC17xx/FreeRTOS_lpc17xx_i2c.c"
Finished building: C:/Projects/Ananke/Firmware/Tablet_FreeRTOS/FreeRTOS-Products/FreeRTOS-Plus-IO/Device/LPC17xx/FreeRTOS_lpc17xx_i2c.c
 
Building file: C:/Projects/Ananke/Firmware/Tablet_FreeRTOS/FreeRTOS-Products/FreeRTOS-Plus-IO/Device/LPC17xx/FreeRTOS_lpc17xx_ssp.c
Invoking: MCU C Compiler
arm-none-eabi-gcc -D__REDLIB__ -DDEBUG -D__CODE_RED -D__USE_CMSIS=CMSISv2p00_LPC17xx -I"C:\Projects\Ananke\Firmware\Tablet_FreeRTOS\FreeRTOS-Products\FreeRTOS-Plus-IO\Device\LPC17xx\SupportedBoards" -I"C:\Projects\Ananke\Firmware\Tablet_FreeRTOS\FreeRTOS-Products\FreeRTOS-Plus-IO\Include" -I"C:\Projects\Ananke\Firmware\Tablet_FreeRTOS\FreeRTOS-Products\FreeRTOS-Plus-CLI" -I"C:\Projects\Ananke\Firmware\Tablet_FreeRTOS\FreeRTOS-Products\FreeRTOS\portable\GCC\ARM_CM3" -I"C:\Projects\Ananke\Firmware\Tablet_FreeRTOS\FreeRTOS-Products\FreeRTOS\include" -I"C:\Projects\Ananke\Firmware\Tablet_FreeRTOS\CMSISv2p00_LPC17xx\inc" -I"C:\Projects\Ananke\Firmware\Tablet_FreeRTOS\FreeRTOS-Plus-Demo-1\Source\Examples\Include" -I"C:\Projects\Ananke\Firmware\Tablet_FreeRTOS\FreeRTOS-Plus-Demo-1\Source" -I"C:\Projects\Ananke\Firmware\Tablet_FreeRTOS\lpc17xx.cmsis.driver.library\Include" -O0 -g3 -Wall -c -fmessage-length=0 -fno-builtin -ffunction-sections -fdata-sections -Wextra -mcpu=cortex-m3 -mthumb -D__REDLIB__ -specs=redlib.specs -MMD -MP -MF"Source/FreeRTOS-Products/FreeRTOS-Plus-IO/Device/LPC17xx/FreeRTOS_lpc17xx_ssp.d" -MT"Source/FreeRTOS-Products/FreeRTOS-Plus-IO/Device/LPC17xx/FreeRTOS_lpc17xx_ssp.o" -MT"Source/FreeRTOS-Products/FreeRTOS-Plus-IO/Device/LPC17xx/FreeRTOS_lpc17xx_ssp.d" -o "Source/FreeRTOS-Products/FreeRTOS-Plus-IO/Device/LPC17xx/FreeRTOS_lpc17xx_ssp.o" "C:/Projects/Ananke/Firmware/Tablet_FreeRTOS/FreeRTOS-Products/FreeRTOS-Plus-IO/Device/LPC17xx/FreeRTOS_lpc17xx_ssp.c"
C:/Projects/Ananke/Firmware/Tablet_FreeRTOS/FreeRTOS-Products/FreeRTOS-Plus-IO/Device/LPC17xx/FreeRTOS_lpc17xx_ssp.c: In function 'FreeRTOS_SSP_open':
C:/Projects/Ananke/Firmware/Tablet_FreeRTOS/FreeRTOS-Products/FreeRTOS-Plus-IO/Device/LPC17xx/FreeRTOS_lpc17xx_ssp.c:111:19: warning: variable 'usJunkIt' set but not used [-Wunused-but-set-variable]
 volatile uint16_t usJunkIt;
                   ^
C:/Projects/Ananke/Firmware/Tablet_FreeRTOS/FreeRTOS-Products/FreeRTOS-Plus-IO/Device/LPC17xx/FreeRTOS_lpc17xx_ssp.c: In function 'SSP1_IRQHandler':
C:/Projects/Ananke/Firmware/Tablet_FreeRTOS/FreeRTOS-Products/FreeRTOS-Plus-IO/Device/LPC17xx/FreeRTOS_lpc17xx_ssp.c:595:19: warning: variable 'usJunk' set but not used [-Wunused-but-set-variable]
 volatile uint32_t usJunk, ulReceived = 0UL;
                   ^
Finished building: C:/Projects/Ananke/Firmware/Tablet_FreeRTOS/FreeRTOS-Products/FreeRTOS-Plus-IO/Device/LPC17xx/FreeRTOS_lpc17xx_ssp.c
 
Building file: C:/Projects/Ananke/Firmware/Tablet_FreeRTOS/FreeRTOS-Products/FreeRTOS-Plus-IO/Device/LPC17xx/FreeRTOS_lpc17xx_uart.c
Invoking: MCU C Compiler
arm-none-eabi-gcc -D__REDLIB__ -DDEBUG -D__CODE_RED -D__USE_CMSIS=CMSISv2p00_LPC17xx -I"C:\Projects\Ananke\Firmware\Tablet_FreeRTOS\FreeRTOS-Products\FreeRTOS-Plus-IO\Device\LPC17xx\SupportedBoards" -I"C:\Projects\Ananke\Firmware\Tablet_FreeRTOS\FreeRTOS-Products\FreeRTOS-Plus-IO\Include" -I"C:\Projects\Ananke\Firmware\Tablet_FreeRTOS\FreeRTOS-Products\FreeRTOS-Plus-CLI" -I"C:\Projects\Ananke\Firmware\Tablet_FreeRTOS\FreeRTOS-Products\FreeRTOS\portable\GCC\ARM_CM3" -I"C:\Projects\Ananke\Firmware\Tablet_FreeRTOS\FreeRTOS-Products\FreeRTOS\include" -I"C:\Projects\Ananke\Firmware\Tablet_FreeRTOS\CMSISv2p00_LPC17xx\inc" -I"C:\Projects\Ananke\Firmware\Tablet_FreeRTOS\FreeRTOS-Plus-Demo-1\Source\Examples\Include" -I"C:\Projects\Ananke\Firmware\Tablet_FreeRTOS\FreeRTOS-Plus-Demo-1\Source" -I"C:\Projects\Ananke\Firmware\Tablet_FreeRTOS\lpc17xx.cmsis.driver.library\Include" -O0 -g3 -Wall -c -fmessage-length=0 -fno-builtin -ffunction-sections -fdata-sections -Wextra -mcpu=cortex-m3 -mthumb -D__REDLIB__ -specs=redlib.specs -MMD -MP -MF"Source/FreeRTOS-Products/FreeRTOS-Plus-IO/Device/LPC17xx/FreeRTOS_lpc17xx_uart.d" -MT"Source/FreeRTOS-Products/FreeRTOS-Plus-IO/Device/LPC17xx/FreeRTOS_lpc17xx_uart.o" -MT"Source/FreeRTOS-Products/FreeRTOS-Plus-IO/Device/LPC17xx/FreeRTOS_lpc17xx_uart.d" -o "Source/FreeRTOS-Products/FreeRTOS-Plus-IO/Device/LPC17xx/FreeRTOS_lpc17xx_uart.o" "C:/Projects/Ananke/Firmware/Tablet_FreeRTOS/FreeRTOS-Products/FreeRTOS-Plus-IO/Device/LPC17xx/FreeRTOS_lpc17xx_uart.c"
Finished building: C:/Projects/Ananke/Firmware/Tablet_FreeRTOS/FreeRTOS-Products/FreeRTOS-Plus-IO/Device/LPC17xx/FreeRTOS_lpc17xx_uart.c
 
Building file: C:/Projects/Ananke/Firmware/Tablet_FreeRTOS/FreeRTOS-Products/FreeRTOS-Plus-IO/Common/FreeRTOS_DriverInterface.c
Invoking: MCU C Compiler
arm-none-eabi-gcc -D__REDLIB__ -DDEBUG -D__CODE_RED -D__USE_CMSIS=CMSISv2p00_LPC17xx -I"C:\Projects\Ananke\Firmware\Tablet_FreeRTOS\FreeRTOS-Products\FreeRTOS-Plus-IO\Device\LPC17xx\SupportedBoards" -I"C:\Projects\Ananke\Firmware\Tablet_FreeRTOS\FreeRTOS-Products\FreeRTOS-Plus-IO\Include" -I"C:\Projects\Ananke\Firmware\Tablet_FreeRTOS\FreeRTOS-Products\FreeRTOS-Plus-CLI" -I"C:\Projects\Ananke\Firmware\Tablet_FreeRTOS\FreeRTOS-Products\FreeRTOS\portable\GCC\ARM_CM3" -I"C:\Projects\Ananke\Firmware\Tablet_FreeRTOS\FreeRTOS-Products\FreeRTOS\include" -I"C:\Projects\Ananke\Firmware\Tablet_FreeRTOS\CMSISv2p00_LPC17xx\inc" -I"C:\Projects\Ananke\Firmware\Tablet_FreeRTOS\FreeRTOS-Plus-Demo-1\Source\Examples\Include" -I"C:\Projects\Ananke\Firmware\Tablet_FreeRTOS\FreeRTOS-Plus-Demo-1\Source" -I"C:\Projects\Ananke\Firmware\Tablet_FreeRTOS\lpc17xx.cmsis.driver.library\Include" -O0 -g3 -Wall -c -fmessage-length=0 -fno-builtin -ffunction-sections -fdata-sections -Wextra -mcpu=cortex-m3 -mthumb -D__REDLIB__ -specs=redlib.specs -MMD -MP -MF"Source/FreeRTOS-Products/FreeRTOS-Plus-IO/Common/FreeRTOS_DriverInterface.d" -MT"Source/FreeRTOS-Products/FreeRTOS-Plus-IO/Common/FreeRTOS_DriverInterface.o" -MT"Source/FreeRTOS-Products/FreeRTOS-Plus-IO/Common/FreeRTOS_DriverInterface.d" -o "Source/FreeRTOS-Products/FreeRTOS-Plus-IO/Common/FreeRTOS_DriverInterface.o" "C:/Projects/Ananke/Firmware/Tablet_FreeRTOS/FreeRTOS-Products/FreeRTOS-Plus-IO/Common/FreeRTOS_DriverInterface.c"
Finished building: C:/Projects/Ananke/Firmware/Tablet_FreeRTOS/FreeRTOS-Products/FreeRTOS-Plus-IO/Common/FreeRTOS_DriverInterface.c
 
Building file: C:/Projects/Ananke/Firmware/Tablet_FreeRTOS/FreeRTOS-Products/FreeRTOS-Plus-IO/Common/FreeRTOS_IOUtils.c
Invoking: MCU C Compiler
arm-none-eabi-gcc -D__REDLIB__ -DDEBUG -D__CODE_RED -D__USE_CMSIS=CMSISv2p00_LPC17xx -I"C:\Projects\Ananke\Firmware\Tablet_FreeRTOS\FreeRTOS-Products\FreeRTOS-Plus-IO\Device\LPC17xx\SupportedBoards" -I"C:\Projects\Ananke\Firmware\Tablet_FreeRTOS\FreeRTOS-Products\FreeRTOS-Plus-IO\Include" -I"C:\Projects\Ananke\Firmware\Tablet_FreeRTOS\FreeRTOS-Products\FreeRTOS-Plus-CLI" -I"C:\Projects\Ananke\Firmware\Tablet_FreeRTOS\FreeRTOS-Products\FreeRTOS\portable\GCC\ARM_CM3" -I"C:\Projects\Ananke\Firmware\Tablet_FreeRTOS\FreeRTOS-Products\FreeRTOS\include" -I"C:\Projects\Ananke\Firmware\Tablet_FreeRTOS\CMSISv2p00_LPC17xx\inc" -I"C:\Projects\Ananke\Firmware\Tablet_FreeRTOS\FreeRTOS-Plus-Demo-1\Source\Examples\Include" -I"C:\Projects\Ananke\Firmware\Tablet_FreeRTOS\FreeRTOS-Plus-Demo-1\Source" -I"C:\Projects\Ananke\Firmware\Tablet_FreeRTOS\lpc17xx.cmsis.driver.library\Include" -O0 -g3 -Wall -c -fmessage-length=0 -fno-builtin -ffunction-sections -fdata-sections -Wextra -mcpu=cortex-m3 -mthumb -D__REDLIB__ -specs=redlib.specs -MMD -MP -MF"Source/FreeRTOS-Products/FreeRTOS-Plus-IO/Common/FreeRTOS_IOUtils.d" -MT"Source/FreeRTOS-Products/FreeRTOS-Plus-IO/Common/FreeRTOS_IOUtils.o" -MT"Source/FreeRTOS-Products/FreeRTOS-Plus-IO/Common/FreeRTOS_IOUtils.d" -o "Source/FreeRTOS-Products/FreeRTOS-Plus-IO/Common/FreeRTOS_IOUtils.o" "C:/Projects/Ananke/Firmware/Tablet_FreeRTOS/FreeRTOS-Products/FreeRTOS-Plus-IO/Common/FreeRTOS_IOUtils.c"
Finished building: C:/Projects/Ananke/Firmware/Tablet_FreeRTOS/FreeRTOS-Products/FreeRTOS-Plus-IO/Common/FreeRTOS_IOUtils.c
 
Building file: C:/Projects/Ananke/Firmware/Tablet_FreeRTOS/FreeRTOS-Products/FreeRTOS-Plus-IO/Common/IOUtils_CharQueueTxAndRx.c
Invoking: MCU C Compiler
arm-none-eabi-gcc -D__REDLIB__ -DDEBUG -D__CODE_RED -D__USE_CMSIS=CMSISv2p00_LPC17xx -I"C:\Projects\Ananke\Firmware\Tablet_FreeRTOS\FreeRTOS-Products\FreeRTOS-Plus-IO\Device\LPC17xx\SupportedBoards" -I"C:\Projects\Ananke\Firmware\Tablet_FreeRTOS\FreeRTOS-Products\FreeRTOS-Plus-IO\Include" -I"C:\Projects\Ananke\Firmware\Tablet_FreeRTOS\FreeRTOS-Products\FreeRTOS-Plus-CLI" -I"C:\Projects\Ananke\Firmware\Tablet_FreeRTOS\FreeRTOS-Products\FreeRTOS\portable\GCC\ARM_CM3" -I"C:\Projects\Ananke\Firmware\Tablet_FreeRTOS\FreeRTOS-Products\FreeRTOS\include" -I"C:\Projects\Ananke\Firmware\Tablet_FreeRTOS\CMSISv2p00_LPC17xx\inc" -I"C:\Projects\Ananke\Firmware\Tablet_FreeRTOS\FreeRTOS-Plus-Demo-1\Source\Examples\Include" -I"C:\Projects\Ananke\Firmware\Tablet_FreeRTOS\FreeRTOS-Plus-Demo-1\Source" -I"C:\Projects\Ananke\Firmware\Tablet_FreeRTOS\lpc17xx.cmsis.driver.library\Include" -O0 -g3 -Wall -c -fmessage-length=0 -fno-builtin -ffunction-sections -fdata-sections -Wextra -mcpu=cortex-m3 -mthumb -D__REDLIB__ -specs=redlib.specs -MMD -MP -MF"Source/FreeRTOS-Products/FreeRTOS-Plus-IO/Common/IOUtils_CharQueueTxAndRx.d" -MT"Source/FreeRTOS-Products/FreeRTOS-Plus-IO/Common/IOUtils_CharQueueTxAndRx.o" -MT"Source/FreeRTOS-Products/FreeRTOS-Plus-IO/Common/IOUtils_CharQueueTxAndRx.d" -o "Source/FreeRTOS-Products/FreeRTOS-Plus-IO/Common/IOUtils_CharQueueTxAndRx.o" "C:/Projects/Ananke/Firmware/Tablet_FreeRTOS/FreeRTOS-Products/FreeRTOS-Plus-IO/Common/IOUtils_CharQueueTxAndRx.c"
Finished building: C:/Projects/Ananke/Firmware/Tablet_FreeRTOS/FreeRTOS-Products/FreeRTOS-Plus-IO/Common/IOUtils_CharQueueTxAndRx.c
 
Building file: C:/Projects/Ananke/Firmware/Tablet_FreeRTOS/FreeRTOS-Products/FreeRTOS-Plus-IO/Common/IOUtils_CircularBufferRx.c
Invoking: MCU C Compiler
arm-none-eabi-gcc -D__REDLIB__ -DDEBUG -D__CODE_RED -D__USE_CMSIS=CMSISv2p00_LPC17xx -I"C:\Projects\Ananke\Firmware\Tablet_FreeRTOS\FreeRTOS-Products\FreeRTOS-Plus-IO\Device\LPC17xx\SupportedBoards" -I"C:\Projects\Ananke\Firmware\Tablet_FreeRTOS\FreeRTOS-Products\FreeRTOS-Plus-IO\Include" -I"C:\Projects\Ananke\Firmware\Tablet_FreeRTOS\FreeRTOS-Products\FreeRTOS-Plus-CLI" -I"C:\Projects\Ananke\Firmware\Tablet_FreeRTOS\FreeRTOS-Products\FreeRTOS\portable\GCC\ARM_CM3" -I"C:\Projects\Ananke\Firmware\Tablet_FreeRTOS\FreeRTOS-Products\FreeRTOS\include" -I"C:\Projects\Ananke\Firmware\Tablet_FreeRTOS\CMSISv2p00_LPC17xx\inc" -I"C:\Projects\Ananke\Firmware\Tablet_FreeRTOS\FreeRTOS-Plus-Demo-1\Source\Examples\Include" -I"C:\Projects\Ananke\Firmware\Tablet_FreeRTOS\FreeRTOS-Plus-Demo-1\Source" -I"C:\Projects\Ananke\Firmware\Tablet_FreeRTOS\lpc17xx.cmsis.driver.library\Include" -O0 -g3 -Wall -c -fmessage-length=0 -fno-builtin -ffunction-sections -fdata-sections -Wextra -mcpu=cortex-m3 -mthumb -D__REDLIB__ -specs=redlib.specs -MMD -MP -MF"Source/FreeRTOS-Products/FreeRTOS-Plus-IO/Common/IOUtils_CircularBufferRx.d" -MT"Source/FreeRTOS-Products/FreeRTOS-Plus-IO/Common/IOUtils_CircularBufferRx.o" -MT"Source/FreeRTOS-Products/FreeRTOS-Plus-IO/Common/IOUtils_CircularBufferRx.d" -o "Source/FreeRTOS-Products/FreeRTOS-Plus-IO/Common/IOUtils_CircularBufferRx.o" "C:/Projects/Ananke/Firmware/Tablet_FreeRTOS/FreeRTOS-Products/FreeRTOS-Plus-IO/Common/IOUtils_CircularBufferRx.c"
Finished building: C:/Projects/Ananke/Firmware/Tablet_FreeRTOS/FreeRTOS-Products/FreeRTOS-Plus-IO/Common/IOUtils_CircularBufferRx.c
 
Building file: C:/Projects/Ananke/Firmware/Tablet_FreeRTOS/FreeRTOS-Products/FreeRTOS-Plus-IO/Common/IOUtils_ZeroCopyTx.c
Invoking: MCU C Compiler
arm-none-eabi-gcc -D__REDLIB__ -DDEBUG -D__CODE_RED -D__USE_CMSIS=CMSISv2p00_LPC17xx -I"C:\Projects\Ananke\Firmware\Tablet_FreeRTOS\FreeRTOS-Products\FreeRTOS-Plus-IO\Device\LPC17xx\SupportedBoards" -I"C:\Projects\Ananke\Firmware\Tablet_FreeRTOS\FreeRTOS-Products\FreeRTOS-Plus-IO\Include" -I"C:\Projects\Ananke\Firmware\Tablet_FreeRTOS\FreeRTOS-Products\FreeRTOS-Plus-CLI" -I"C:\Projects\Ananke\Firmware\Tablet_FreeRTOS\FreeRTOS-Products\FreeRTOS\portable\GCC\ARM_CM3" -I"C:\Projects\Ananke\Firmware\Tablet_FreeRTOS\FreeRTOS-Products\FreeRTOS\include" -I"C:\Projects\Ananke\Firmware\Tablet_FreeRTOS\CMSISv2p00_LPC17xx\inc" -I"C:\Projects\Ananke\Firmware\Tablet_FreeRTOS\FreeRTOS-Plus-Demo-1\Source\Examples\Include" -I"C:\Projects\Ananke\Firmware\Tablet_FreeRTOS\FreeRTOS-Plus-Demo-1\Source" -I"C:\Projects\Ananke\Firmware\Tablet_FreeRTOS\lpc17xx.cmsis.driver.library\Include" -O0 -g3 -Wall -c -fmessage-length=0 -fno-builtin -ffunction-sections -fdata-sections -Wextra -mcpu=cortex-m3 -mthumb -D__REDLIB__ -specs=redlib.specs -MMD -MP -MF"Source/FreeRTOS-Products/FreeRTOS-Plus-IO/Common/IOUtils_ZeroCopyTx.d" -MT"Source/FreeRTOS-Products/FreeRTOS-Plus-IO/Common/IOUtils_ZeroCopyTx.o" -MT"Source/FreeRTOS-Products/FreeRTOS-Plus-IO/Common/IOUtils_ZeroCopyTx.d" -o "Source/FreeRTOS-Products/FreeRTOS-Plus-IO/Common/IOUtils_ZeroCopyTx.o" "C:/Projects/Ananke/Firmware/Tablet_FreeRTOS/FreeRTOS-Products/FreeRTOS-Plus-IO/Common/IOUtils_ZeroCopyTx.c"
Finished building: C:/Projects/Ananke/Firmware/Tablet_FreeRTOS/FreeRTOS-Products/FreeRTOS-Plus-IO/Common/IOUtils_ZeroCopyTx.c
 
Building file: C:/Projects/Ananke/Firmware/Tablet_FreeRTOS/FreeRTOS-Products/FreeRTOS-Plus-CLI/FreeRTOS_CLI.c
Invoking: MCU C Compiler
arm-none-eabi-gcc -D__REDLIB__ -DDEBUG -D__CODE_RED -D__USE_CMSIS=CMSISv2p00_LPC17xx -I"C:\Projects\Ananke\Firmware\Tablet_FreeRTOS\FreeRTOS-Products\FreeRTOS-Plus-IO\Device\LPC17xx\SupportedBoards" -I"C:\Projects\Ananke\Firmware\Tablet_FreeRTOS\FreeRTOS-Products\FreeRTOS-Plus-IO\Include" -I"C:\Projects\Ananke\Firmware\Tablet_FreeRTOS\FreeRTOS-Products\FreeRTOS-Plus-CLI" -I"C:\Projects\Ananke\Firmware\Tablet_FreeRTOS\FreeRTOS-Products\FreeRTOS\portable\GCC\ARM_CM3" -I"C:\Projects\Ananke\Firmware\Tablet_FreeRTOS\FreeRTOS-Products\FreeRTOS\include" -I"C:\Projects\Ananke\Firmware\Tablet_FreeRTOS\CMSISv2p00_LPC17xx\inc" -I"C:\Projects\Ananke\Firmware\Tablet_FreeRTOS\FreeRTOS-Plus-Demo-1\Source\Examples\Include" -I"C:\Projects\Ananke\Firmware\Tablet_FreeRTOS\FreeRTOS-Plus-Demo-1\Source" -I"C:\Projects\Ananke\Firmware\Tablet_FreeRTOS\lpc17xx.cmsis.driver.library\Include" -O0 -g3 -Wall -c -fmessage-length=0 -fno-builtin -ffunction-sections -fdata-sections -Wextra -mcpu=cortex-m3 -mthumb -D__REDLIB__ -specs=redlib.specs -MMD -MP -MF"Source/FreeRTOS-Products/FreeRTOS-Plus-CLI/FreeRTOS_CLI.d" -MT"Source/FreeRTOS-Products/FreeRTOS-Plus-CLI/FreeRTOS_CLI.o" -MT"Source/FreeRTOS-Products/FreeRTOS-Plus-CLI/FreeRTOS_CLI.d" -o "Source/FreeRTOS-Products/FreeRTOS-Plus-CLI/FreeRTOS_CLI.o" "C:/Projects/Ananke/Firmware/Tablet_FreeRTOS/FreeRTOS-Products/FreeRTOS-Plus-CLI/FreeRTOS_CLI.c"
Finished building: C:/Projects/Ananke/Firmware/Tablet_FreeRTOS/FreeRTOS-Products/FreeRTOS-Plus-CLI/FreeRTOS_CLI.c
 
Building file: C:/Projects/Ananke/Firmware/Tablet_FreeRTOS/FreeRTOS-Products/FreeRTOS/croutine.c
Invoking: MCU C Compiler
arm-none-eabi-gcc -D__REDLIB__ -DDEBUG -D__CODE_RED -D__USE_CMSIS=CMSISv2p00_LPC17xx -I"C:\Projects\Ananke\Firmware\Tablet_FreeRTOS\FreeRTOS-Products\FreeRTOS-Plus-IO\Device\LPC17xx\SupportedBoards" -I"C:\Projects\Ananke\Firmware\Tablet_FreeRTOS\FreeRTOS-Products\FreeRTOS-Plus-IO\Include" -I"C:\Projects\Ananke\Firmware\Tablet_FreeRTOS\FreeRTOS-Products\FreeRTOS-Plus-CLI" -I"C:\Projects\Ananke\Firmware\Tablet_FreeRTOS\FreeRTOS-Products\FreeRTOS\portable\GCC\ARM_CM3" -I"C:\Projects\Ananke\Firmware\Tablet_FreeRTOS\FreeRTOS-Products\FreeRTOS\include" -I"C:\Projects\Ananke\Firmware\Tablet_FreeRTOS\CMSISv2p00_LPC17xx\inc" -I"C:\Projects\Ananke\Firmware\Tablet_FreeRTOS\FreeRTOS-Plus-Demo-1\Source\Examples\Include" -I"C:\Projects\Ananke\Firmware\Tablet_FreeRTOS\FreeRTOS-Plus-Demo-1\Source" -I"C:\Projects\Ananke\Firmware\Tablet_FreeRTOS\lpc17xx.cmsis.driver.library\Include" -O0 -g3 -Wall -c -fmessage-length=0 -fno-builtin -ffunction-sections -fdata-sections -Wextra -mcpu=cortex-m3 -mthumb -D__REDLIB__ -specs=redlib.specs -MMD -MP -MF"Source/FreeRTOS-Products/FreeRTOS/croutine.d" -MT"Source/FreeRTOS-Products/FreeRTOS/croutine.o" -MT"Source/FreeRTOS-Products/FreeRTOS/croutine.d" -o "Source/FreeRTOS-Products/FreeRTOS/croutine.o" "C:/Projects/Ananke/Firmware/Tablet_FreeRTOS/FreeRTOS-Products/FreeRTOS/croutine.c"
Finished building: C:/Projects/Ananke/Firmware/Tablet_FreeRTOS/FreeRTOS-Products/FreeRTOS/croutine.c
 
Building file: C:/Projects/Ananke/Firmware/Tablet_FreeRTOS/FreeRTOS-Products/FreeRTOS/list.c
Invoking: MCU C Compiler
arm-none-eabi-gcc -D__REDLIB__ -DDEBUG -D__CODE_RED -D__USE_CMSIS=CMSISv2p00_LPC17xx -I"C:\Projects\Ananke\Firmware\Tablet_FreeRTOS\FreeRTOS-Products\FreeRTOS-Plus-IO\Device\LPC17xx\SupportedBoards" -I"C:\Projects\Ananke\Firmware\Tablet_FreeRTOS\FreeRTOS-Products\FreeRTOS-Plus-IO\Include" -I"C:\Projects\Ananke\Firmware\Tablet_FreeRTOS\FreeRTOS-Products\FreeRTOS-Plus-CLI" -I"C:\Projects\Ananke\Firmware\Tablet_FreeRTOS\FreeRTOS-Products\FreeRTOS\portable\GCC\ARM_CM3" -I"C:\Projects\Ananke\Firmware\Tablet_FreeRTOS\FreeRTOS-Products\FreeRTOS\include" -I"C:\Projects\Ananke\Firmware\Tablet_FreeRTOS\CMSISv2p00_LPC17xx\inc" -I"C:\Projects\Ananke\Firmware\Tablet_FreeRTOS\FreeRTOS-Plus-Demo-1\Source\Examples\Include" -I"C:\Projects\Ananke\Firmware\Tablet_FreeRTOS\FreeRTOS-Plus-Demo-1\Source" -I"C:\Projects\Ananke\Firmware\Tablet_FreeRTOS\lpc17xx.cmsis.driver.library\Include" -O0 -g3 -Wall -c -fmessage-length=0 -fno-builtin -ffunction-sections -fdata-sections -Wextra -mcpu=cortex-m3 -mthumb -D__REDLIB__ -specs=redlib.specs -MMD -MP -MF"Source/FreeRTOS-Products/FreeRTOS/list.d" -MT"Source/FreeRTOS-Products/FreeRTOS/list.o" -MT"Source/FreeRTOS-Products/FreeRTOS/list.d" -o "Source/FreeRTOS-Products/FreeRTOS/list.o" "C:/Projects/Ananke/Firmware/Tablet_FreeRTOS/FreeRTOS-Products/FreeRTOS/list.c"
Finished building: C:/Projects/Ananke/Firmware/Tablet_FreeRTOS/FreeRTOS-Products/FreeRTOS/list.c
 
Building file: C:/Projects/Ananke/Firmware/Tablet_FreeRTOS/FreeRTOS-Products/FreeRTOS/queue.c
Invoking: MCU C Compiler
arm-none-eabi-gcc -D__REDLIB__ -DDEBUG -D__CODE_RED -D__USE_CMSIS=CMSISv2p00_LPC17xx -I"C:\Projects\Ananke\Firmware\Tablet_FreeRTOS\FreeRTOS-Products\FreeRTOS-Plus-IO\Device\LPC17xx\SupportedBoards" -I"C:\Projects\Ananke\Firmware\Tablet_FreeRTOS\FreeRTOS-Products\FreeRTOS-Plus-IO\Include" -I"C:\Projects\Ananke\Firmware\Tablet_FreeRTOS\FreeRTOS-Products\FreeRTOS-Plus-CLI" -I"C:\Projects\Ananke\Firmware\Tablet_FreeRTOS\FreeRTOS-Products\FreeRTOS\portable\GCC\ARM_CM3" -I"C:\Projects\Ananke\Firmware\Tablet_FreeRTOS\FreeRTOS-Products\FreeRTOS\include" -I"C:\Projects\Ananke\Firmware\Tablet_FreeRTOS\CMSISv2p00_LPC17xx\inc" -I"C:\Projects\Ananke\Firmware\Tablet_FreeRTOS\FreeRTOS-Plus-Demo-1\Source\Examples\Include" -I"C:\Projects\Ananke\Firmware\Tablet_FreeRTOS\FreeRTOS-Plus-Demo-1\Source" -I"C:\Projects\Ananke\Firmware\Tablet_FreeRTOS\lpc17xx.cmsis.driver.library\Include" -O0 -g3 -Wall -c -fmessage-length=0 -fno-builtin -ffunction-sections -fdata-sections -Wextra -mcpu=cortex-m3 -mthumb -D__REDLIB__ -specs=redlib.specs -MMD -MP -MF"Source/FreeRTOS-Products/FreeRTOS/queue.d" -MT"Source/FreeRTOS-Products/FreeRTOS/queue.o" -MT"Source/FreeRTOS-Products/FreeRTOS/queue.d" -o "Source/FreeRTOS-Products/FreeRTOS/queue.o" "C:/Projects/Ananke/Firmware/Tablet_FreeRTOS/FreeRTOS-Products/FreeRTOS/queue.c"
Finished building: C:/Projects/Ananke/Firmware/Tablet_FreeRTOS/FreeRTOS-Products/FreeRTOS/queue.c
 
Building file: C:/Projects/Ananke/Firmware/Tablet_FreeRTOS/FreeRTOS-Products/FreeRTOS/tasks.c
Invoking: MCU C Compiler
arm-none-eabi-gcc -D__REDLIB__ -DDEBUG -D__CODE_RED -D__USE_CMSIS=CMSISv2p00_LPC17xx -I"C:\Projects\Ananke\Firmware\Tablet_FreeRTOS\FreeRTOS-Products\FreeRTOS-Plus-IO\Device\LPC17xx\SupportedBoards" -I"C:\Projects\Ananke\Firmware\Tablet_FreeRTOS\FreeRTOS-Products\FreeRTOS-Plus-IO\Include" -I"C:\Projects\Ananke\Firmware\Tablet_FreeRTOS\FreeRTOS-Products\FreeRTOS-Plus-CLI" -I"C:\Projects\Ananke\Firmware\Tablet_FreeRTOS\FreeRTOS-Products\FreeRTOS\portable\GCC\ARM_CM3" -I"C:\Projects\Ananke\Firmware\Tablet_FreeRTOS\FreeRTOS-Products\FreeRTOS\include" -I"C:\Projects\Ananke\Firmware\Tablet_FreeRTOS\CMSISv2p00_LPC17xx\inc" -I"C:\Projects\Ananke\Firmware\Tablet_FreeRTOS\FreeRTOS-Plus-Demo-1\Source\Examples\Include" -I"C:\Projects\Ananke\Firmware\Tablet_FreeRTOS\FreeRTOS-Plus-Demo-1\Source" -I"C:\Projects\Ananke\Firmware\Tablet_FreeRTOS\lpc17xx.cmsis.driver.library\Include" -O0 -g3 -Wall -c -fmessage-length=0 -fno-builtin -ffunction-sections -fdata-sections -Wextra -mcpu=cortex-m3 -mthumb -D__REDLIB__ -specs=redlib.specs -MMD -MP -MF"Source/FreeRTOS-Products/FreeRTOS/tasks.d" -MT"Source/FreeRTOS-Products/FreeRTOS/tasks.o" -MT"Source/FreeRTOS-Products/FreeRTOS/tasks.d" -o "Source/FreeRTOS-Products/FreeRTOS/tasks.o" "C:/Projects/Ananke/Firmware/Tablet_FreeRTOS/FreeRTOS-Products/FreeRTOS/tasks.c"
Finished building: C:/Projects/Ananke/Firmware/Tablet_FreeRTOS/FreeRTOS-Products/FreeRTOS/tasks.c
 
Building file: C:/Projects/Ananke/Firmware/Tablet_FreeRTOS/FreeRTOS-Products/FreeRTOS/timers.c
Invoking: MCU C Compiler
arm-none-eabi-gcc -D__REDLIB__ -DDEBUG -D__CODE_RED -D__USE_CMSIS=CMSISv2p00_LPC17xx -I"C:\Projects\Ananke\Firmware\Tablet_FreeRTOS\FreeRTOS-Products\FreeRTOS-Plus-IO\Device\LPC17xx\SupportedBoards" -I"C:\Projects\Ananke\Firmware\Tablet_FreeRTOS\FreeRTOS-Products\FreeRTOS-Plus-IO\Include" -I"C:\Projects\Ananke\Firmware\Tablet_FreeRTOS\FreeRTOS-Products\FreeRTOS-Plus-CLI" -I"C:\Projects\Ananke\Firmware\Tablet_FreeRTOS\FreeRTOS-Products\FreeRTOS\portable\GCC\ARM_CM3" -I"C:\Projects\Ananke\Firmware\Tablet_FreeRTOS\FreeRTOS-Products\FreeRTOS\include" -I"C:\Projects\Ananke\Firmware\Tablet_FreeRTOS\CMSISv2p00_LPC17xx\inc" -I"C:\Projects\Ananke\Firmware\Tablet_FreeRTOS\FreeRTOS-Plus-Demo-1\Source\Examples\Include" -I"C:\Projects\Ananke\Firmware\Tablet_FreeRTOS\FreeRTOS-Plus-Demo-1\Source" -I"C:\Projects\Ananke\Firmware\Tablet_FreeRTOS\lpc17xx.cmsis.driver.library\Include" -O0 -g3 -Wall -c -fmessage-length=0 -fno-builtin -ffunction-sections -fdata-sections -Wextra -mcpu=cortex-m3 -mthumb -D__REDLIB__ -specs=redlib.specs -MMD -MP -MF"Source/FreeRTOS-Products/FreeRTOS/timers.d" -MT"Source/FreeRTOS-Products/FreeRTOS/timers.o" -MT"Source/FreeRTOS-Products/FreeRTOS/timers.d" -o "Source/FreeRTOS-Products/FreeRTOS/timers.o" "C:/Projects/Ananke/Firmware/Tablet_FreeRTOS/FreeRTOS-Products/FreeRTOS/timers.c"
Finished building: C:/Projects/Ananke/Firmware/Tablet_FreeRTOS/FreeRTOS-Products/FreeRTOS/timers.c
 
Building file: ../Source/Examples/UART/CLI-commands.c
Invoking: MCU C Compiler
arm-none-eabi-gcc -D__REDLIB__ -DDEBUG -D__CODE_RED -D__USE_CMSIS=CMSISv2p00_LPC17xx -I"C:\Projects\Ananke\Firmware\Tablet_FreeRTOS\FreeRTOS-Products\FreeRTOS-Plus-IO\Device\LPC17xx\SupportedBoards" -I"C:\Projects\Ananke\Firmware\Tablet_FreeRTOS\FreeRTOS-Products\FreeRTOS-Plus-IO\Include" -I"C:\Projects\Ananke\Firmware\Tablet_FreeRTOS\FreeRTOS-Products\FreeRTOS-Plus-CLI" -I"C:\Projects\Ananke\Firmware\Tablet_FreeRTOS\FreeRTOS-Products\FreeRTOS\portable\GCC\ARM_CM3" -I"C:\Projects\Ananke\Firmware\Tablet_FreeRTOS\FreeRTOS-Products\FreeRTOS\include" -I"C:\Projects\Ananke\Firmware\Tablet_FreeRTOS\CMSISv2p00_LPC17xx\inc" -I"C:\Projects\Ananke\Firmware\Tablet_FreeRTOS\FreeRTOS-Plus-Demo-1\Source\Examples\Include" -I"C:\Projects\Ananke\Firmware\Tablet_FreeRTOS\FreeRTOS-Plus-Demo-1\Source" -I"C:\Projects\Ananke\Firmware\Tablet_FreeRTOS\lpc17xx.cmsis.driver.library\Include" -O0 -g3 -Wall -c -fmessage-length=0 -fno-builtin -ffunction-sections -fdata-sections -Wextra -mcpu=cortex-m3 -mthumb -D__REDLIB__ -specs=redlib.specs -MMD -MP -MF"Source/Examples/UART/CLI-commands.d" -MT"Source/Examples/UART/CLI-commands.o" -MT"Source/Examples/UART/CLI-commands.d" -o "Source/Examples/UART/CLI-commands.o" "../Source/Examples/UART/CLI-commands.c"
Finished building: ../Source/Examples/UART/CLI-commands.c
 
Building file: ../Source/Examples/UART/UART-interrupt-driven-command-console.c
Invoking: MCU C Compiler
arm-none-eabi-gcc -D__REDLIB__ -DDEBUG -D__CODE_RED -D__USE_CMSIS=CMSISv2p00_LPC17xx -I"C:\Projects\Ananke\Firmware\Tablet_FreeRTOS\FreeRTOS-Products\FreeRTOS-Plus-IO\Device\LPC17xx\SupportedBoards" -I"C:\Projects\Ananke\Firmware\Tablet_FreeRTOS\FreeRTOS-Products\FreeRTOS-Plus-IO\Include" -I"C:\Projects\Ananke\Firmware\Tablet_FreeRTOS\FreeRTOS-Products\FreeRTOS-Plus-CLI" -I"C:\Projects\Ananke\Firmware\Tablet_FreeRTOS\FreeRTOS-Products\FreeRTOS\portable\GCC\ARM_CM3" -I"C:\Projects\Ananke\Firmware\Tablet_FreeRTOS\FreeRTOS-Products\FreeRTOS\include" -I"C:\Projects\Ananke\Firmware\Tablet_FreeRTOS\CMSISv2p00_LPC17xx\inc" -I"C:\Projects\Ananke\Firmware\Tablet_FreeRTOS\FreeRTOS-Plus-Demo-1\Source\Examples\Include" -I"C:\Projects\Ananke\Firmware\Tablet_FreeRTOS\FreeRTOS-Plus-Demo-1\Source" -I"C:\Projects\Ananke\Firmware\Tablet_FreeRTOS\lpc17xx.cmsis.driver.library\Include" -O0 -g3 -Wall -c -fmessage-length=0 -fno-builtin -ffunction-sections -fdata-sections -Wextra -mcpu=cortex-m3 -mthumb -D__REDLIB__ -specs=redlib.specs -MMD -MP -MF"Source/Examples/UART/UART-interrupt-driven-command-console.d" -MT"Source/Examples/UART/UART-interrupt-driven-command-console.o" -MT"Source/Examples/UART/UART-interrupt-driven-command-console.d" -o "Source/Examples/UART/UART-interrupt-driven-command-console.o" "../Source/Examples/UART/UART-interrupt-driven-command-console.c"
Finished building: ../Source/Examples/UART/UART-interrupt-driven-command-console.c
 
Building file: ../Source/Examples/UART/UART-operation-modes-test.c
Invoking: MCU C Compiler
arm-none-eabi-gcc -D__REDLIB__ -DDEBUG -D__CODE_RED -D__USE_CMSIS=CMSISv2p00_LPC17xx -I"C:\Projects\Ananke\Firmware\Tablet_FreeRTOS\FreeRTOS-Products\FreeRTOS-Plus-IO\Device\LPC17xx\SupportedBoards" -I"C:\Projects\Ananke\Firmware\Tablet_FreeRTOS\FreeRTOS-Products\FreeRTOS-Plus-IO\Include" -I"C:\Projects\Ananke\Firmware\Tablet_FreeRTOS\FreeRTOS-Products\FreeRTOS-Plus-CLI" -I"C:\Projects\Ananke\Firmware\Tablet_FreeRTOS\FreeRTOS-Products\FreeRTOS\portable\GCC\ARM_CM3" -I"C:\Projects\Ananke\Firmware\Tablet_FreeRTOS\FreeRTOS-Products\FreeRTOS\include" -I"C:\Projects\Ananke\Firmware\Tablet_FreeRTOS\CMSISv2p00_LPC17xx\inc" -I"C:\Projects\Ananke\Firmware\Tablet_FreeRTOS\FreeRTOS-Plus-Demo-1\Source\Examples\Include" -I"C:\Projects\Ananke\Firmware\Tablet_FreeRTOS\FreeRTOS-Plus-Demo-1\Source" -I"C:\Projects\Ananke\Firmware\Tablet_FreeRTOS\lpc17xx.cmsis.driver.library\Include" -O0 -g3 -Wall -c -fmessage-length=0 -fno-builtin -ffunction-sections -fdata-sections -Wextra -mcpu=cortex-m3 -mthumb -D__REDLIB__ -specs=redlib.specs -MMD -MP -MF"Source/Examples/UART/UART-operation-modes-test.d" -MT"Source/Examples/UART/UART-operation-modes-test.o" -MT"Source/Examples/UART/UART-operation-modes-test.d" -o "Source/Examples/UART/UART-operation-modes-test.o" "../Source/Examples/UART/UART-operation-modes-test.c"
Finished building: ../Source/Examples/UART/UART-operation-modes-test.c
 
Building file: ../Source/Examples/SSP/SPI-writes-to-7-seg-display.c
Invoking: MCU C Compiler
arm-none-eabi-gcc -D__REDLIB__ -DDEBUG -D__CODE_RED -D__USE_CMSIS=CMSISv2p00_LPC17xx -I"C:\Projects\Ananke\Firmware\Tablet_FreeRTOS\FreeRTOS-Products\FreeRTOS-Plus-IO\Device\LPC17xx\SupportedBoards" -I"C:\Projects\Ananke\Firmware\Tablet_FreeRTOS\FreeRTOS-Products\FreeRTOS-Plus-IO\Include" -I"C:\Projects\Ananke\Firmware\Tablet_FreeRTOS\FreeRTOS-Products\FreeRTOS-Plus-CLI" -I"C:\Projects\Ananke\Firmware\Tablet_FreeRTOS\FreeRTOS-Products\FreeRTOS\portable\GCC\ARM_CM3" -I"C:\Projects\Ananke\Firmware\Tablet_FreeRTOS\FreeRTOS-Products\FreeRTOS\include" -I"C:\Projects\Ananke\Firmware\Tablet_FreeRTOS\CMSISv2p00_LPC17xx\inc" -I"C:\Projects\Ananke\Firmware\Tablet_FreeRTOS\FreeRTOS-Plus-Demo-1\Source\Examples\Include" -I"C:\Projects\Ananke\Firmware\Tablet_FreeRTOS\FreeRTOS-Plus-Demo-1\Source" -I"C:\Projects\Ananke\Firmware\Tablet_FreeRTOS\lpc17xx.cmsis.driver.library\Include" -O0 -g3 -Wall -c -fmessage-length=0 -fno-builtin -ffunction-sections -fdata-sections -Wextra -mcpu=cortex-m3 -mthumb -D__REDLIB__ -specs=redlib.specs -MMD -MP -MF"Source/Examples/SSP/SPI-writes-to-7-seg-display.d" -MT"Source/Examples/SSP/SPI-writes-to-7-seg-display.o" -MT"Source/Examples/SSP/SPI-writes-to-7-seg-display.d" -o "Source/Examples/SSP/SPI-writes-to-7-seg-display.o" "../Source/Examples/SSP/SPI-writes-to-7-seg-display.c"
Finished building: ../Source/Examples/SSP/SPI-writes-to-7-seg-display.c
 
Building file: ../Source/Examples/I2C/I2C-coordinator.c
Invoking: MCU C Compiler
arm-none-eabi-gcc -D__REDLIB__ -DDEBUG -D__CODE_RED -D__USE_CMSIS=CMSISv2p00_LPC17xx -I"C:\Projects\Ananke\Firmware\Tablet_FreeRTOS\FreeRTOS-Products\FreeRTOS-Plus-IO\Device\LPC17xx\SupportedBoards" -I"C:\Projects\Ananke\Firmware\Tablet_FreeRTOS\FreeRTOS-Products\FreeRTOS-Plus-IO\Include" -I"C:\Projects\Ananke\Firmware\Tablet_FreeRTOS\FreeRTOS-Products\FreeRTOS-Plus-CLI" -I"C:\Projects\Ananke\Firmware\Tablet_FreeRTOS\FreeRTOS-Products\FreeRTOS\portable\GCC\ARM_CM3" -I"C:\Projects\Ananke\Firmware\Tablet_FreeRTOS\FreeRTOS-Products\FreeRTOS\include" -I"C:\Projects\Ananke\Firmware\Tablet_FreeRTOS\CMSISv2p00_LPC17xx\inc" -I"C:\Projects\Ananke\Firmware\Tablet_FreeRTOS\FreeRTOS-Plus-Demo-1\Source\Examples\Include" -I"C:\Projects\Ananke\Firmware\Tablet_FreeRTOS\FreeRTOS-Plus-Demo-1\Source" -I"C:\Projects\Ananke\Firmware\Tablet_FreeRTOS\lpc17xx.cmsis.driver.library\Include" -O0 -g3 -Wall -c -fmessage-length=0 -fno-builtin -ffunction-sections -fdata-sections -Wextra -mcpu=cortex-m3 -mthumb -D__REDLIB__ -specs=redlib.specs -MMD -MP -MF"Source/Examples/I2C/I2C-coordinator.d" -MT"Source/Examples/I2C/I2C-coordinator.o" -MT"Source/Examples/I2C/I2C-coordinator.d" -o "Source/Examples/I2C/I2C-coordinator.o" "../Source/Examples/I2C/I2C-coordinator.c"
Finished building: ../Source/Examples/I2C/I2C-coordinator.c
 
Building file: ../Source/Examples/I2C/I2C-to-OLED.c
Invoking: MCU C Compiler
arm-none-eabi-gcc -D__REDLIB__ -DDEBUG -D__CODE_RED -D__USE_CMSIS=CMSISv2p00_LPC17xx -I"C:\Projects\Ananke\Firmware\Tablet_FreeRTOS\FreeRTOS-Products\FreeRTOS-Plus-IO\Device\LPC17xx\SupportedBoards" -I"C:\Projects\Ananke\Firmware\Tablet_FreeRTOS\FreeRTOS-Products\FreeRTOS-Plus-IO\Include" -I"C:\Projects\Ananke\Firmware\Tablet_FreeRTOS\FreeRTOS-Products\FreeRTOS-Plus-CLI" -I"C:\Projects\Ananke\Firmware\Tablet_FreeRTOS\FreeRTOS-Products\FreeRTOS\portable\GCC\ARM_CM3" -I"C:\Projects\Ananke\Firmware\Tablet_FreeRTOS\FreeRTOS-Products\FreeRTOS\include" -I"C:\Projects\Ananke\Firmware\Tablet_FreeRTOS\CMSISv2p00_LPC17xx\inc" -I"C:\Projects\Ananke\Firmware\Tablet_FreeRTOS\FreeRTOS-Plus-Demo-1\Source\Examples\Include" -I"C:\Projects\Ananke\Firmware\Tablet_FreeRTOS\FreeRTOS-Plus-Demo-1\Source" -I"C:\Projects\Ananke\Firmware\Tablet_FreeRTOS\lpc17xx.cmsis.driver.library\Include" -O0 -g3 -Wall -c -fmessage-length=0 -fno-builtin -ffunction-sections -fdata-sections -Wextra -mcpu=cortex-m3 -mthumb -D__REDLIB__ -specs=redlib.specs -MMD -MP -MF"Source/Examples/I2C/I2C-to-OLED.d" -MT"Source/Examples/I2C/I2C-to-OLED.o" -MT"Source/Examples/I2C/I2C-to-OLED.d" -o "Source/Examples/I2C/I2C-to-OLED.o" "../Source/Examples/I2C/I2C-to-OLED.c"
Finished building: ../Source/Examples/I2C/I2C-to-OLED.c
 
Building file: ../Source/Examples/I2C/I2C-to-and-from-EEPROM.c
Invoking: MCU C Compiler
arm-none-eabi-gcc -D__REDLIB__ -DDEBUG -D__CODE_RED -D__USE_CMSIS=CMSISv2p00_LPC17xx -I"C:\Projects\Ananke\Firmware\Tablet_FreeRTOS\FreeRTOS-Products\FreeRTOS-Plus-IO\Device\LPC17xx\SupportedBoards" -I"C:\Projects\Ananke\Firmware\Tablet_FreeRTOS\FreeRTOS-Products\FreeRTOS-Plus-IO\Include" -I"C:\Projects\Ananke\Firmware\Tablet_FreeRTOS\FreeRTOS-Products\FreeRTOS-Plus-CLI" -I"C:\Projects\Ananke\Firmware\Tablet_FreeRTOS\FreeRTOS-Products\FreeRTOS\portable\GCC\ARM_CM3" -I"C:\Projects\Ananke\Firmware\Tablet_FreeRTOS\FreeRTOS-Products\FreeRTOS\include" -I"C:\Projects\Ananke\Firmware\Tablet_FreeRTOS\CMSISv2p00_LPC17xx\inc" -I"C:\Projects\Ananke\Firmware\Tablet_FreeRTOS\FreeRTOS-Plus-Demo-1\Source\Examples\Include" -I"C:\Projects\Ananke\Firmware\Tablet_FreeRTOS\FreeRTOS-Plus-Demo-1\Source" -I"C:\Projects\Ananke\Firmware\Tablet_FreeRTOS\lpc17xx.cmsis.driver.library\Include" -O0 -g3 -Wall -c -fmessage-length=0 -fno-builtin -ffunction-sections -fdata-sections -Wextra -mcpu=cortex-m3 -mthumb -D__REDLIB__ -specs=redlib.specs -MMD -MP -MF"Source/Examples/I2C/I2C-to-and-from-EEPROM.d" -MT"Source/Examples/I2C/I2C-to-and-from-EEPROM.o" -MT"Source/Examples/I2C/I2C-to-and-from-EEPROM.d" -o "Source/Examples/I2C/I2C-to-and-from-EEPROM.o" "../Source/Examples/I2C/I2C-to-and-from-EEPROM.c"
Finished building: ../Source/Examples/I2C/I2C-to-and-from-EEPROM.c
 
Building file: ../Source/Examples/I2C/font5x7.c
Invoking: MCU C Compiler
arm-none-eabi-gcc -D__REDLIB__ -DDEBUG -D__CODE_RED -D__USE_CMSIS=CMSISv2p00_LPC17xx -I"C:\Projects\Ananke\Firmware\Tablet_FreeRTOS\FreeRTOS-Products\FreeRTOS-Plus-IO\Device\LPC17xx\SupportedBoards" -I"C:\Projects\Ananke\Firmware\Tablet_FreeRTOS\FreeRTOS-Products\FreeRTOS-Plus-IO\Include" -I"C:\Projects\Ananke\Firmware\Tablet_FreeRTOS\FreeRTOS-Products\FreeRTOS-Plus-CLI" -I"C:\Projects\Ananke\Firmware\Tablet_FreeRTOS\FreeRTOS-Products\FreeRTOS\portable\GCC\ARM_CM3" -I"C:\Projects\Ananke\Firmware\Tablet_FreeRTOS\FreeRTOS-Products\FreeRTOS\include" -I"C:\Projects\Ananke\Firmware\Tablet_FreeRTOS\CMSISv2p00_LPC17xx\inc" -I"C:\Projects\Ananke\Firmware\Tablet_FreeRTOS\FreeRTOS-Plus-Demo-1\Source\Examples\Include" -I"C:\Projects\Ananke\Firmware\Tablet_FreeRTOS\FreeRTOS-Plus-Demo-1\Source" -I"C:\Projects\Ananke\Firmware\Tablet_FreeRTOS\lpc17xx.cmsis.driver.library\Include" -O0 -g3 -Wall -c -fmessage-length=0 -fno-builtin -ffunction-sections -fdata-sections -Wextra -mcpu=cortex-m3 -mthumb -D__REDLIB__ -specs=redlib.specs -MMD -MP -MF"Source/Examples/I2C/font5x7.d" -MT"Source/Examples/I2C/font5x7.o" -MT"Source/Examples/I2C/font5x7.d" -o "Source/Examples/I2C/font5x7.o" "../Source/Examples/I2C/font5x7.c"
Finished building: ../Source/Examples/I2C/font5x7.c
 
Building file: ../Source/Examples/I2C/oled.c
Invoking: MCU C Compiler
arm-none-eabi-gcc -D__REDLIB__ -DDEBUG -D__CODE_RED -D__USE_CMSIS=CMSISv2p00_LPC17xx -I"C:\Projects\Ananke\Firmware\Tablet_FreeRTOS\FreeRTOS-Products\FreeRTOS-Plus-IO\Device\LPC17xx\SupportedBoards" -I"C:\Projects\Ananke\Firmware\Tablet_FreeRTOS\FreeRTOS-Products\FreeRTOS-Plus-IO\Include" -I"C:\Projects\Ananke\Firmware\Tablet_FreeRTOS\FreeRTOS-Products\FreeRTOS-Plus-CLI" -I"C:\Projects\Ananke\Firmware\Tablet_FreeRTOS\FreeRTOS-Products\FreeRTOS\portable\GCC\ARM_CM3" -I"C:\Projects\Ananke\Firmware\Tablet_FreeRTOS\FreeRTOS-Products\FreeRTOS\include" -I"C:\Projects\Ananke\Firmware\Tablet_FreeRTOS\CMSISv2p00_LPC17xx\inc" -I"C:\Projects\Ananke\Firmware\Tablet_FreeRTOS\FreeRTOS-Plus-Demo-1\Source\Examples\Include" -I"C:\Projects\Ananke\Firmware\Tablet_FreeRTOS\FreeRTOS-Plus-Demo-1\Source" -I"C:\Projects\Ananke\Firmware\Tablet_FreeRTOS\lpc17xx.cmsis.driver.library\Include" -O0 -g3 -Wall -c -fmessage-length=0 -fno-builtin -ffunction-sections -fdata-sections -Wextra -mcpu=cortex-m3 -mthumb -D__REDLIB__ -specs=redlib.specs -MMD -MP -MF"Source/Examples/I2C/oled.d" -MT"Source/Examples/I2C/oled.o" -MT"Source/Examples/I2C/oled.d" -o "Source/Examples/I2C/oled.o" "../Source/Examples/I2C/oled.c"
Finished building: ../Source/Examples/I2C/oled.c
 
Building file: ../Source/Examples/GPIO/GPIO-output-and-software-timers.c
Invoking: MCU C Compiler
arm-none-eabi-gcc -D__REDLIB__ -DDEBUG -D__CODE_RED -D__USE_CMSIS=CMSISv2p00_LPC17xx -I"C:\Projects\Ananke\Firmware\Tablet_FreeRTOS\FreeRTOS-Products\FreeRTOS-Plus-IO\Device\LPC17xx\SupportedBoards" -I"C:\Projects\Ananke\Firmware\Tablet_FreeRTOS\FreeRTOS-Products\FreeRTOS-Plus-IO\Include" -I"C:\Projects\Ananke\Firmware\Tablet_FreeRTOS\FreeRTOS-Products\FreeRTOS-Plus-CLI" -I"C:\Projects\Ananke\Firmware\Tablet_FreeRTOS\FreeRTOS-Products\FreeRTOS\portable\GCC\ARM_CM3" -I"C:\Projects\Ananke\Firmware\Tablet_FreeRTOS\FreeRTOS-Products\FreeRTOS\include" -I"C:\Projects\Ananke\Firmware\Tablet_FreeRTOS\CMSISv2p00_LPC17xx\inc" -I"C:\Projects\Ananke\Firmware\Tablet_FreeRTOS\FreeRTOS-Plus-Demo-1\Source\Examples\Include" -I"C:\Projects\Ananke\Firmware\Tablet_FreeRTOS\FreeRTOS-Plus-Demo-1\Source" -I"C:\Projects\Ananke\Firmware\Tablet_FreeRTOS\lpc17xx.cmsis.driver.library\Include" -O0 -g3 -Wall -c -fmessage-length=0 -fno-builtin -ffunction-sections -fdata-sections -Wextra -mcpu=cortex-m3 -mthumb -D__REDLIB__ -specs=redlib.specs -MMD -MP -MF"Source/Examples/GPIO/GPIO-output-and-software-timers.d" -MT"Source/Examples/GPIO/GPIO-output-and-software-timers.o" -MT"Source/Examples/GPIO/GPIO-output-and-software-timers.d" -o "Source/Examples/GPIO/GPIO-output-and-software-timers.o" "../Source/Examples/GPIO/GPIO-output-and-software-timers.c"
Finished building: ../Source/Examples/GPIO/GPIO-output-and-software-timers.c
 
Building file: ../Source/cr_startup_lpc176x.c
Invoking: MCU C Compiler
arm-none-eabi-gcc -D__REDLIB__ -DDEBUG -D__CODE_RED -D__USE_CMSIS=CMSISv2p00_LPC17xx -I"C:\Projects\Ananke\Firmware\Tablet_FreeRTOS\FreeRTOS-Products\FreeRTOS-Plus-IO\Device\LPC17xx\SupportedBoards" -I"C:\Projects\Ananke\Firmware\Tablet_FreeRTOS\FreeRTOS-Products\FreeRTOS-Plus-IO\Include" -I"C:\Projects\Ananke\Firmware\Tablet_FreeRTOS\FreeRTOS-Products\FreeRTOS-Plus-CLI" -I"C:\Projects\Ananke\Firmware\Tablet_FreeRTOS\FreeRTOS-Products\FreeRTOS\portable\GCC\ARM_CM3" -I"C:\Projects\Ananke\Firmware\Tablet_FreeRTOS\FreeRTOS-Products\FreeRTOS\include" -I"C:\Projects\Ananke\Firmware\Tablet_FreeRTOS\CMSISv2p00_LPC17xx\inc" -I"C:\Projects\Ananke\Firmware\Tablet_FreeRTOS\FreeRTOS-Plus-Demo-1\Source\Examples\Include" -I"C:\Projects\Ananke\Firmware\Tablet_FreeRTOS\FreeRTOS-Plus-Demo-1\Source" -I"C:\Projects\Ananke\Firmware\Tablet_FreeRTOS\lpc17xx.cmsis.driver.library\Include" -O0 -Os -g3 -Wall -c -fmessage-length=0 -fno-builtin -ffunction-sections -fdata-sections -Wextra -mcpu=cortex-m3 -mthumb -D__REDLIB__ -specs=redlib.specs -MMD -MP -MF"Source/cr_startup_lpc176x.d" -MT"Source/cr_startup_lpc176x.d" -o "Source/cr_startup_lpc176x.o" "../Source/cr_startup_lpc176x.c"
../Source/cr_startup_lpc176x.c: In function 'pop_registers_from_fault_stack':
../Source/cr_startup_lpc176x.c:441:23: warning: variable 'stacked_psr' set but not used [-Wunused-but-set-variable]
 volatile unsigned int stacked_psr;
                       ^
../Source/cr_startup_lpc176x.c:440:23: warning: variable 'stacked_pc' set but not used [-Wunused-but-set-variable]
 volatile unsigned int stacked_pc;
                       ^
../Source/cr_startup_lpc176x.c:439:23: warning: variable 'stacked_lr' set but not used [-Wunused-but-set-variable]
 volatile unsigned int stacked_lr;
                       ^
../Source/cr_startup_lpc176x.c:438:23: warning: variable 'stacked_r12' set but not used [-Wunused-but-set-variable]
 volatile unsigned int stacked_r12;
                       ^
../Source/cr_startup_lpc176x.c:437:23: warning: variable 'stacked_r3' set but not used [-Wunused-but-set-variable]
 volatile unsigned int stacked_r3;
                       ^
../Source/cr_startup_lpc176x.c:436:23: warning: variable 'stacked_r2' set but not used [-Wunused-but-set-variable]
 volatile unsigned int stacked_r2;
                       ^
../Source/cr_startup_lpc176x.c:435:23: warning: variable 'stacked_r1' set but not used [-Wunused-but-set-variable]
 volatile unsigned int stacked_r1;
                       ^
../Source/cr_startup_lpc176x.c:434:23: warning: variable 'stacked_r0' set but not used [-Wunused-but-set-variable]
 volatile unsigned int stacked_r0;
                       ^
Finished building: ../Source/cr_startup_lpc176x.c
 
Building file: ../Source/main.c
Invoking: MCU C Compiler
arm-none-eabi-gcc -D__REDLIB__ -DDEBUG -D__CODE_RED -D__USE_CMSIS=CMSISv2p00_LPC17xx -I"C:\Projects\Ananke\Firmware\Tablet_FreeRTOS\FreeRTOS-Products\FreeRTOS-Plus-IO\Device\LPC17xx\SupportedBoards" -I"C:\Projects\Ananke\Firmware\Tablet_FreeRTOS\FreeRTOS-Products\FreeRTOS-Plus-IO\Include" -I"C:\Projects\Ananke\Firmware\Tablet_FreeRTOS\FreeRTOS-Products\FreeRTOS-Plus-CLI" -I"C:\Projects\Ananke\Firmware\Tablet_FreeRTOS\FreeRTOS-Products\FreeRTOS\portable\GCC\ARM_CM3" -I"C:\Projects\Ananke\Firmware\Tablet_FreeRTOS\FreeRTOS-Products\FreeRTOS\include" -I"C:\Projects\Ananke\Firmware\Tablet_FreeRTOS\CMSISv2p00_LPC17xx\inc" -I"C:\Projects\Ananke\Firmware\Tablet_FreeRTOS\FreeRTOS-Plus-Demo-1\Source\Examples\Include" -I"C:\Projects\Ananke\Firmware\Tablet_FreeRTOS\FreeRTOS-Plus-Demo-1\Source" -I"C:\Projects\Ananke\Firmware\Tablet_FreeRTOS\lpc17xx.cmsis.driver.library\Include" -O0 -g3 -Wall -c -fmessage-length=0 -fno-builtin -ffunction-sections -fdata-sections -Wextra -mcpu=cortex-m3 -mthumb -D__REDLIB__ -specs=redlib.specs -MMD -MP -MF"Source/main.d" -MT"Source/main.o" -MT"Source/main.d" -o "Source/main.o" "../Source/main.c"
Finished building: ../Source/main.c
 
Building file: ../Source/printf-stdarg.c
Invoking: MCU C Compiler
arm-none-eabi-gcc -D__REDLIB__ -DDEBUG -D__CODE_RED -D__USE_CMSIS=CMSISv2p00_LPC17xx -I"C:\Projects\Ananke\Firmware\Tablet_FreeRTOS\FreeRTOS-Products\FreeRTOS-Plus-IO\Device\LPC17xx\SupportedBoards" -I"C:\Projects\Ananke\Firmware\Tablet_FreeRTOS\FreeRTOS-Products\FreeRTOS-Plus-IO\Include" -I"C:\Projects\Ananke\Firmware\Tablet_FreeRTOS\FreeRTOS-Products\FreeRTOS-Plus-CLI" -I"C:\Projects\Ananke\Firmware\Tablet_FreeRTOS\FreeRTOS-Products\FreeRTOS\portable\GCC\ARM_CM3" -I"C:\Projects\Ananke\Firmware\Tablet_FreeRTOS\FreeRTOS-Products\FreeRTOS\include" -I"C:\Projects\Ananke\Firmware\Tablet_FreeRTOS\CMSISv2p00_LPC17xx\inc" -I"C:\Projects\Ananke\Firmware\Tablet_FreeRTOS\FreeRTOS-Plus-Demo-1\Source\Examples\Include" -I"C:\Projects\Ananke\Firmware\Tablet_FreeRTOS\FreeRTOS-Plus-Demo-1\Source" -I"C:\Projects\Ananke\Firmware\Tablet_FreeRTOS\lpc17xx.cmsis.driver.library\Include" -O0 -g3 -Wall -c -fmessage-length=0 -fno-builtin -ffunction-sections -fdata-sections -Wextra -mcpu=cortex-m3 -mthumb -D__REDLIB__ -specs=redlib.specs -MMD -MP -MF"Source/printf-stdarg.d" -MT"Source/printf-stdarg.o" -MT"Source/printf-stdarg.d" -o "Source/printf-stdarg.o" "../Source/printf-stdarg.c"
Finished building: ../Source/printf-stdarg.c
 
Building target: FreeRTOS-Plus-Demo-1.axf
Invoking: MCU Linker
arm-none-eabi-gcc -nostdlib -L"C:\Projects\Ananke\Firmware\Tablet_FreeRTOS\lpc17xx.cmsis.driver.library\Debug" -L"C:\Projects\Ananke\Firmware\Tablet_FreeRTOS\CMSISv2p00_LPC17xx\Debug" -Xlinker -Map=FreeRTOS-Plus-Demo-1.map -Xlinker --gc-sections -mcpu=cortex-m3 -mthumb -T "FreeRTOS-Plus-Demo-1_Debug.ld" -o "FreeRTOS-Plus-Demo-1.axf"  ./Source/FreeRTOS-Products/FreeRTOS/portable/MemMang/heap_2.o  ./Source/FreeRTOS-Products/FreeRTOS/portable/GCC/ARM_CM3/port.o  ./Source/FreeRTOS-Products/FreeRTOS-Plus-IO/Device/LPC17xx/FreeRTOS_lpc17xx_DriverInterface.o ./Source/FreeRTOS-Products/FreeRTOS-Plus-IO/Device/LPC17xx/FreeRTOS_lpc17xx_i2c.o ./Source/FreeRTOS-Products/FreeRTOS-Plus-IO/Device/LPC17xx/FreeRTOS_lpc17xx_ssp.o ./Source/FreeRTOS-Products/FreeRTOS-Plus-IO/Device/LPC17xx/FreeRTOS_lpc17xx_uart.o  ./Source/FreeRTOS-Products/FreeRTOS-Plus-IO/Common/FreeRTOS_DriverInterface.o ./Source/FreeRTOS-Products/FreeRTOS-Plus-IO/Common/FreeRTOS_IOUtils.o ./Source/FreeRTOS-Products/FreeRTOS-Plus-IO/Common/IOUtils_CharQueueTxAndRx.o ./Source/FreeRTOS-Products/FreeRTOS-Plus-IO/Common/IOUtils_CircularBufferRx.o ./Source/FreeRTOS-Products/FreeRTOS-Plus-IO/Common/IOUtils_ZeroCopyTx.o  ./Source/FreeRTOS-Products/FreeRTOS-Plus-CLI/FreeRTOS_CLI.o  ./Source/FreeRTOS-Products/FreeRTOS/croutine.o ./Source/FreeRTOS-Products/FreeRTOS/list.o ./Source/FreeRTOS-Products/FreeRTOS/queue.o ./Source/FreeRTOS-Products/FreeRTOS/tasks.o ./Source/FreeRTOS-Products/FreeRTOS/timers.o  ./Source/Examples/UART/CLI-commands.o ./Source/Examples/UART/UART-interrupt-driven-command-console.o ./Source/Examples/UART/UART-operation-modes-test.o  ./Source/Examples/SSP/SPI-writes-to-7-seg-display.o  ./Source/Examples/I2C/I2C-coordinator.o ./Source/Examples/I2C/I2C-to-OLED.o ./Source/Examples/I2C/I2C-to-and-from-EEPROM.o ./Source/Examples/I2C/font5x7.o ./Source/Examples/I2C/oled.o  ./Source/Examples/GPIO/GPIO-output-and-software-timers.o  ./Source/cr_startup_lpc176x.o ./Source/main.o ./Source/printf-stdarg.o   -llpc17xx.cmsis.driver.library -lCMSISv2p00_LPC17xx
Finished building target: FreeRTOS-Plus-Demo-1.axf
 
make --no-print-directory post-build
Performing post-build steps
arm-none-eabi-size FreeRTOS-Plus-Demo-1.axf; # arm-none-eabi-objcopy -O binary FreeRTOS-Plus-Demo-1.axf FreeRTOS-Plus-Demo-1.bin ; checksum -p LPC1769 -d FreeRTOS-Plus-Demo-1.bin;
   text	   data	    bss	    dec	    hex	filename
  38328	     60	  18452	  56840	   de08	FreeRTOS-Plus-Demo-1.axf
 
16:24:43 **** Incremental Build of configuration Debug for project FreeRTOS-Plus-Demo-1 ****
make -r all 
make: Nothing to be done for `all'.
